
===========================================================================
report_checks -unconstrained
===========================================================================
======================= max_ss_100C_1v60 Corner ===================================

Startpoint: _319_ (rising edge-triggered flip-flop clocked by clk)
Endpoint: _300_ (rising edge-triggered flip-flop clocked by clk)
Path Group: clk
Path Type: max

Fanout         Cap        Slew       Delay        Time   Description
---------------------------------------------------------------------------------------------
                                  0.000000    0.000000   clock clk (rise edge)
                                  0.000000    0.000000   clock source latency
     1    0.017192    0.130673    0.093327    0.093327 ^ clk (in)
                                                         clk (net)
                      0.130706    0.000000    0.093327 ^ clkbuf_0_clk/A (sky130_fd_sc_hd__clkbuf_16)
     4    0.040384    0.095329    0.291078    0.384405 ^ clkbuf_0_clk/X (sky130_fd_sc_hd__clkbuf_16)
                                                         clknet_0_clk (net)
                      0.095410    0.002619    0.387024 ^ clkbuf_2_2__f_clk/A (sky130_fd_sc_hd__clkbuf_16)
     8    0.025507    0.074419    0.252618    0.639642 ^ clkbuf_2_2__f_clk/X (sky130_fd_sc_hd__clkbuf_16)
                                                         clknet_2_2__leaf_clk (net)
                      0.074454    0.001466    0.641108 ^ _319_/CLK (sky130_fd_sc_hd__dfxtp_2)
     2    0.006069    0.052671    0.644876    1.285985 v _319_/Q (sky130_fd_sc_hd__dfxtp_2)
                                                         op_q[2] (net)
                      0.052671    0.000228    1.286212 v fanout34/A (sky130_fd_sc_hd__clkdlybuf4s25_1)
    10    0.044546    0.596555    0.897381    2.183593 v fanout34/X (sky130_fd_sc_hd__clkdlybuf4s25_1)
                                                         net34 (net)
                      0.596562    0.002933    2.186527 v _225_/B (sky130_fd_sc_hd__or3b_2)
     3    0.026399    0.287824    1.507694    3.694221 v _225_/X (sky130_fd_sc_hd__or3b_2)
                                                         _127_ (net)
                      0.287828    0.001751    3.695972 v max_cap33/A (sky130_fd_sc_hd__buf_6)
     6    0.058835    0.110138    0.394546    4.090518 v max_cap33/X (sky130_fd_sc_hd__buf_6)
                                                         net33 (net)
                      0.110267    0.003828    4.094346 v _239_/A2 (sky130_fd_sc_hd__o21a_2)
     2    0.013238    0.107271    0.452404    4.546750 v _239_/X (sky130_fd_sc_hd__o21a_2)
                                                         _141_ (net)
                      0.107275    0.000779    4.547529 v _240_/B1_N (sky130_fd_sc_hd__o21bai_2)
     4    0.017585    0.202901    0.527316    5.074845 v _240_/Y (sky130_fd_sc_hd__o21bai_2)
                                                         _142_ (net)
                      0.202904    0.001181    5.076026 v _242_/A3 (sky130_fd_sc_hd__a311o_2)
     5    0.026021    0.196260    0.964468    6.040493 v _242_/X (sky130_fd_sc_hd__a311o_2)
                                                         _144_ (net)
                      0.196310    0.003217    6.043710 v _290_/B (sky130_fd_sc_hd__and3_2)
     1    0.001930    0.067004    0.474476    6.518186 v _290_/X (sky130_fd_sc_hd__and3_2)
                                                         _071_ (net)
                      0.067004    0.000135    6.518321 v _292_/B (sky130_fd_sc_hd__or3_2)
     1    0.003859    0.168814    1.105569    7.623890 v _292_/X (sky130_fd_sc_hd__or3_2)
                                                         _073_ (net)
                      0.168814    0.000277    7.624167 v _297_/A2_N (sky130_fd_sc_hd__o2bb2a_2)
     2    0.008025    0.109320    0.563997    8.188164 ^ _297_/X (sky130_fd_sc_hd__o2bb2a_2)
                                                         _078_ (net)
                      0.109320    0.000460    8.188624 ^ _178_/A_N (sky130_fd_sc_hd__and4bb_2)
     1    0.008840    0.102608    0.548041    8.736665 v _178_/X (sky130_fd_sc_hd__and4bb_2)
                                                         _108_ (net)
                      0.102608    0.000753    8.737418 v _189_/A3 (sky130_fd_sc_hd__a41o_2)
     1    0.003000    0.064722    0.506848    9.244267 v _189_/X (sky130_fd_sc_hd__a41o_2)
                                                         _002_ (net)
                      0.064722    0.000212    9.244478 v _300_/D (sky130_fd_sc_hd__dfxtp_2)
                                              9.244478   data arrival time

                                 10.000000   10.000000   clock clk (rise edge)
                                  0.000000   10.000000   clock source latency
     1    0.017192    0.130673    0.084438   10.084438 ^ clk (in)
                                                         clk (net)
                      0.130706    0.000000   10.084438 ^ clkbuf_0_clk/A (sky130_fd_sc_hd__clkbuf_16)
     4    0.040384    0.095329    0.263356   10.347795 ^ clkbuf_0_clk/X (sky130_fd_sc_hd__clkbuf_16)
                                                         clknet_0_clk (net)
                      0.095425    0.002555   10.350350 ^ clkbuf_2_3__f_clk/A (sky130_fd_sc_hd__clkbuf_16)
     8    0.025822    0.074840    0.228715   10.579065 ^ clkbuf_2_3__f_clk/X (sky130_fd_sc_hd__clkbuf_16)
                                                         clknet_2_3__leaf_clk (net)
                      0.074935    0.002106   10.581171 ^ _300_/CLK (sky130_fd_sc_hd__dfxtp_2)
                                 -0.250000   10.331171   clock uncertainty
                                  0.036610   10.367781   clock reconvergence pessimism
                                 -0.270855   10.096926   library setup time
                                             10.096926   data required time
---------------------------------------------------------------------------------------------
                                             10.096926   data required time
                                             -9.244478   data arrival time
---------------------------------------------------------------------------------------------
                                              0.852447   slack (MET)




===========================================================================
report_checks --slack_max -0.01
============================================================================
======================= max_ss_100C_1v60 Corner ===================================

No paths found.


===========================================================================
 report_check_types -max_slew -max_cap -max_fanout -violators
============================================================================
======================= max_ss_100C_1v60 Corner ===================================



===========================================================================
report_parasitic_annotation -report_unannotated
============================================================================
Found 2 unannotated drivers.
 clkload0/X
 clkload1/X
Found 0 partially unannotated drivers.

===========================================================================
max slew violation count 0
max fanout violation count 0
max cap violation count 0
============================================================================

===========================================================================
check_setup -verbose -unconstrained_endpoints -multiple_clock -no_clock -no_input_delay -loops -generated_clocks
===========================================================================
