Clock: clk
Sources: clk 
Generated: no
Virtual: yes
Propagated: no
Period: 10.000000

===========================================================================
report_clock_properties
============================================================================
Clock                   Period          Waveform
----------------------------------------------------
clk                  10.000000    0.000000  5.000000

===========================================================================
report_clock_latency
============================================================================
Clock clk
rise -> rise
    min     max
0.000000 0.000000 source latency
0.579871         network latency _316_/CLK
        0.647509 network latency _324_/CLK
---------------
0.579871 0.647509 latency
        0.067639 skew

fall -> fall
    min     max
0.000000 0.000000 source latency
0.566353         network latency _316_/CLK
        0.631443 network latency _324_/CLK
---------------
0.566353 0.631443 latency
        0.065090 skew



===========================================================================
report_clock_min_period
============================================================================
clk period_min = 9.15 fmax = 109.32
