
===========================================================================
report_checks -unconstrained
===========================================================================
======================= nom_tt_025C_1v80 Corner ===================================

Startpoint: _323_ (rising edge-triggered flip-flop clocked by clk)
Endpoint: _303_ (rising edge-triggered flip-flop clocked by clk)
Path Group: clk
Path Type: max

Fanout         Cap        Slew       Delay        Time   Description
---------------------------------------------------------------------------------------------
                                  0.000000    0.000000   clock clk (rise edge)
                                  0.000000    0.000000   clock source latency
     1    0.017230    0.083408    0.060216    0.060216 ^ clk (in)
                                                         clk (net)
                      0.083428    0.000000    0.060216 ^ clkbuf_0_clk/A (sky130_fd_sc_hd__clkbuf_16)
     4    0.038912    0.058816    0.162812    0.223028 ^ clkbuf_0_clk/X (sky130_fd_sc_hd__clkbuf_16)
                                                         clknet_0_clk (net)
                      0.058826    0.000728    0.223756 ^ clkbuf_2_2__f_clk/A (sky130_fd_sc_hd__clkbuf_16)
     8    0.023660    0.045080    0.140428    0.364184 ^ clkbuf_2_2__f_clk/X (sky130_fd_sc_hd__clkbuf_16)
                                                         clknet_2_2__leaf_clk (net)
                      0.045093    0.000740    0.364924 ^ _323_/CLK (sky130_fd_sc_hd__dfxtp_4)
     2    0.005804    0.033120    0.348456    0.713380 v _323_/Q (sky130_fd_sc_hd__dfxtp_4)
                                                         op_q[2] (net)
                      0.033120    0.000124    0.713504 v rebuffer48/A (sky130_fd_sc_hd__buf_2)
     7    0.022602    0.064845    0.160712    0.874217 v rebuffer48/X (sky130_fd_sc_hd__buf_2)
                                                         net48 (net)
                      0.064863    0.001095    0.875312 v _270_/A (sky130_fd_sc_hd__nand2_2)
     6    0.021623    0.124296    0.128300    1.003612 ^ _270_/Y (sky130_fd_sc_hd__nand2_2)
                                                         _048_ (net)
                      0.124300    0.000589    1.004201 ^ _275_/B (sky130_fd_sc_hd__or2_2)
     5    0.024258    0.131129    0.211172    1.215374 ^ _275_/X (sky130_fd_sc_hd__or2_2)
                                                         _053_ (net)
                      0.131129    0.000532    1.215905 ^ fanout33/A (sky130_fd_sc_hd__clkdlybuf4s25_1)
    10    0.046578    0.467262    0.599446    1.815351 ^ fanout33/X (sky130_fd_sc_hd__clkdlybuf4s25_1)
                                                         net33 (net)
                      0.467284    0.003798    1.819149 ^ _148_/B1 (sky130_fd_sc_hd__o211a_4)
     1    0.005017    0.044075    0.251593    2.070742 ^ _148_/X (sky130_fd_sc_hd__o211a_4)
                                                         _071_ (net)
                      0.044075    0.000156    2.070898 ^ _149_/B1 (sky130_fd_sc_hd__o21ai_2)
     1    0.004660    0.047881    0.050854    2.121751 v _149_/Y (sky130_fd_sc_hd__o21ai_2)
                                                         _072_ (net)
                      0.047881    0.000103    2.121855 v _150_/B2 (sky130_fd_sc_hd__o221a_4)
     2    0.004921    0.043427    0.222266    2.344121 v _150_/X (sky130_fd_sc_hd__o221a_4)
                                                         _003_ (net)
                      0.043427    0.000098    2.344219 v _199_/C (sky130_fd_sc_hd__or3_4)
     1    0.005596    0.067702    0.341994    2.686213 v _199_/X (sky130_fd_sc_hd__or3_4)
                                                         _115_ (net)
                      0.067702    0.000222    2.686436 v _200_/B (sky130_fd_sc_hd__or4_4)
     1    0.004782    0.084335    0.539335    3.225771 v _200_/X (sky130_fd_sc_hd__or4_4)
                                                         _116_ (net)
                      0.084335    0.000157    3.225928 v _201_/C1 (sky130_fd_sc_hd__a211oi_2)
     1    0.002028    0.131177    0.143100    3.369028 ^ _201_/Y (sky130_fd_sc_hd__a211oi_2)
                                                         _009_ (net)
                      0.131177    0.000042    3.369070 ^ _303_/D (sky130_fd_sc_hd__dfxtp_2)
                                              3.369070   data arrival time

                                  4.000000    4.000000   clock clk (rise edge)
                                  0.000000    4.000000   clock source latency
     1    0.017230    0.083408    0.054481    4.054482 ^ clk (in)
                                                         clk (net)
                      0.083428    0.000000    4.054482 ^ clkbuf_0_clk/A (sky130_fd_sc_hd__clkbuf_16)
     4    0.038912    0.058816    0.147306    4.201787 ^ clkbuf_0_clk/X (sky130_fd_sc_hd__clkbuf_16)
                                                         clknet_0_clk (net)
                      0.058824    0.000612    4.202400 ^ clkbuf_2_1__f_clk/A (sky130_fd_sc_hd__clkbuf_16)
     8    0.024948    0.046238    0.128323    4.330722 ^ clkbuf_2_1__f_clk/X (sky130_fd_sc_hd__clkbuf_16)
                                                         clknet_2_1__leaf_clk (net)
                      0.046245    0.000538    4.331260 ^ _303_/CLK (sky130_fd_sc_hd__dfxtp_2)
                                 -0.250000    4.081260   clock uncertainty
                                  0.021241    4.102501   clock reconvergence pessimism
                                 -0.078989    4.023512   library setup time
                                              4.023512   data required time
---------------------------------------------------------------------------------------------
                                              4.023512   data required time
                                             -3.369070   data arrival time
---------------------------------------------------------------------------------------------
                                              0.654443   slack (MET)




===========================================================================
report_checks --slack_max -0.01
============================================================================
======================= nom_tt_025C_1v80 Corner ===================================

No paths found.


===========================================================================
 report_check_types -max_slew -max_cap -max_fanout -violators
============================================================================
======================= nom_tt_025C_1v80 Corner ===================================



===========================================================================
report_parasitic_annotation -report_unannotated
============================================================================
Found 2 unannotated drivers.
 clkload0/X
 clkload1/X
Found 0 partially unannotated drivers.

===========================================================================
max slew violation count 0
max fanout violation count 0
max cap violation count 0
============================================================================

===========================================================================
check_setup -verbose -unconstrained_endpoints -multiple_clock -no_clock -no_input_delay -loops -generated_clocks
===========================================================================
