Clock: clk
Sources: clk 
Generated: no
Virtual: yes
Propagated: no
Period: 4.000000

===========================================================================
report_clock_properties
============================================================================
Clock                   Period          Waveform
----------------------------------------------------
clk                   4.000000    0.000000  2.000000

===========================================================================
report_clock_latency
============================================================================
Clock clk
rise -> rise
    min     max
0.000000 0.000000 source latency
0.330124         network latency _322_/CLK
        0.371953 network latency _296_/CLK
---------------
0.330124 0.371953 latency
        0.041828 skew

fall -> fall
    min     max
0.000000 0.000000 source latency
0.313394         network latency _322_/CLK
        0.352394 network latency _296_/CLK
---------------
0.313394 0.352394 latency
        0.039000 skew



===========================================================================
report_clock_min_period
============================================================================
clk period_min = 3.35 fmax = 298.90
