140. Printing statistics.

=== alu_top ===

        +----------Local Count, excluding submodules.
        |        +-Local Area, excluding submodules.
        |        | 
      176        - wires
      199        - wire bits
       29        - public wires
       52        - public wire bits
       10        - ports
       33        - port bits
      178 1.86E+03 cells
        1    10.01   sky130_fd_sc_hd__a211o_2
        1   12.512   sky130_fd_sc_hd__a211oi_2
        1    10.01   sky130_fd_sc_hd__a21bo_2
        1    8.758   sky130_fd_sc_hd__a21o_2
        2   17.517   sky130_fd_sc_hd__a21oi_2
        1   11.261   sky130_fd_sc_hd__a221o_2
        1   11.261   sky130_fd_sc_hd__a311o_2
        5   43.792   sky130_fd_sc_hd__a31o_2
       22  165.158   sky130_fd_sc_hd__and2_2
        1    8.758   sky130_fd_sc_hd__and2b_2
        7    52.55   sky130_fd_sc_hd__and3_2
        2   20.019   sky130_fd_sc_hd__and3b_2
        1    5.005   sky130_fd_sc_hd__buf_2
       30  638.112   sky130_fd_sc_hd__dfxtp_2
       12   45.043   sky130_fd_sc_hd__inv_2
        1   11.261   sky130_fd_sc_hd__mux2_1
       20   125.12   sky130_fd_sc_hd__nand2_2
        2   17.517   sky130_fd_sc_hd__nand2b_2
        1    10.01   sky130_fd_sc_hd__nand3_2
        5    31.28   sky130_fd_sc_hd__nor2_2
        1   12.512   sky130_fd_sc_hd__o2111a_2
       14  140.134   sky130_fd_sc_hd__o211a_2
       13  113.859   sky130_fd_sc_hd__o21ai_2
        1    10.01   sky130_fd_sc_hd__o21ba_2
        3   33.782   sky130_fd_sc_hd__o221a_2
        2   20.019   sky130_fd_sc_hd__o22a_2
        2   20.019   sky130_fd_sc_hd__o31a_2
        1   12.512   sky130_fd_sc_hd__o31ai_2
       11   68.816   sky130_fd_sc_hd__or2_2
        2   15.014   sky130_fd_sc_hd__or3_2
        2   17.517   sky130_fd_sc_hd__or3b_2
        1    8.758   sky130_fd_sc_hd__or4_2
        1   16.266   sky130_fd_sc_hd__xnor2_2
        7  113.859   sky130_fd_sc_hd__xor2_2

   Chip area for module '\alu_top': 1858.032000
     of which used for sequential elements: 638.112000 (34.34%)

