
===========================================================================
report_checks -unconstrained
===========================================================================
======================= max_ss_100C_1v60 Corner ===================================

Startpoint: _321_ (rising edge-triggered flip-flop clocked by clk)
Endpoint: _303_ (rising edge-triggered flip-flop clocked by clk)
Path Group: clk
Path Type: max

Fanout         Cap        Slew       Delay        Time   Description
---------------------------------------------------------------------------------------------
                                  0.000000    0.000000   clock clk (rise edge)
                                  0.000000    0.000000   clock source latency
     1    0.017596    0.133435    0.095307    0.095307 ^ clk (in)
                                                         clk (net)
                      0.133460    0.000000    0.095307 ^ clkbuf_0_clk/A (sky130_fd_sc_hd__clkbuf_16)
     4    0.039801    0.094471    0.291574    0.386881 ^ clkbuf_0_clk/X (sky130_fd_sc_hd__clkbuf_16)
                                                         clknet_0_clk (net)
                      0.094536    0.002374    0.389255 ^ clkbuf_2_2__f_clk/A (sky130_fd_sc_hd__clkbuf_16)
     8    0.022896    0.071051    0.248314    0.637569 ^ clkbuf_2_2__f_clk/X (sky130_fd_sc_hd__clkbuf_16)
                                                         clknet_2_2__leaf_clk (net)
                      0.071061    0.001370    0.638939 ^ _321_/CLK (sky130_fd_sc_hd__dfxtp_2)
     6    0.017975    0.158767    0.766029    1.404968 ^ _321_/Q (sky130_fd_sc_hd__dfxtp_2)
                                                         op_q[0] (net)
                      0.158767    0.000646    1.405614 ^ _231_/C_N (sky130_fd_sc_hd__or3b_2)
     5    0.043623    0.370525    1.432215    2.837830 v _231_/X (sky130_fd_sc_hd__or3b_2)
                                                         _127_ (net)
                      0.370539    0.002794    2.840624 v _253_/B (sky130_fd_sc_hd__xor2_2)
     2    0.010444    0.165433    0.432374    3.272998 v _253_/X (sky130_fd_sc_hd__xor2_2)
                                                         _032_ (net)
                      0.165433    0.000300    3.273297 v _254_/B (sky130_fd_sc_hd__or2_2)
     3    0.014516    0.172429    0.788031    4.061328 v _254_/X (sky130_fd_sc_hd__or2_2)
                                                         _033_ (net)
                      0.172436    0.001407    4.062735 v _260_/A1 (sky130_fd_sc_hd__a21o_2)
     5    0.019646    0.128029    0.498767    4.561502 v _260_/X (sky130_fd_sc_hd__a21o_2)
                                                         _039_ (net)
                      0.128033    0.000996    4.562498 v _290_/B (sky130_fd_sc_hd__and3_2)
     1    0.002760    0.070962    0.446549    5.009047 v _290_/X (sky130_fd_sc_hd__and3_2)
                                                         _066_ (net)
                      0.070962    0.000208    5.009255 v _150_/B1 (sky130_fd_sc_hd__o221a_2)
     2    0.003902    0.085548    0.494092    5.503347 v _150_/X (sky130_fd_sc_hd__o221a_2)
                                                         _003_ (net)
                      0.085548    0.000185    5.503531 v _199_/C (sky130_fd_sc_hd__or3_2)
     1    0.005561    0.185880    1.059481    6.563013 v _199_/X (sky130_fd_sc_hd__or3_2)
                                                         _115_ (net)
                      0.185880    0.000441    6.563454 v _200_/D (sky130_fd_sc_hd__or4_2)
     1    0.005008    0.236035    1.437729    8.001183 v _200_/X (sky130_fd_sc_hd__or4_2)
                                                         _116_ (net)
                      0.236035    0.000390    8.001572 v _201_/B1 (sky130_fd_sc_hd__a211oi_2)
     1    0.001901    0.209108    0.372890    8.374462 ^ _201_/Y (sky130_fd_sc_hd__a211oi_2)
                                                         _009_ (net)
                      0.209108    0.000089    8.374551 ^ _303_/D (sky130_fd_sc_hd__dfxtp_2)
                                              8.374551   data arrival time

                                 10.000000   10.000000   clock clk (rise edge)
                                  0.000000   10.000000   clock source latency
     1    0.017596    0.133435    0.086231   10.086231 ^ clk (in)
                                                         clk (net)
                      0.133460    0.000000   10.086231 ^ clkbuf_0_clk/A (sky130_fd_sc_hd__clkbuf_16)
     4    0.039801    0.094471    0.263805   10.350036 ^ clkbuf_0_clk/X (sky130_fd_sc_hd__clkbuf_16)
                                                         clknet_0_clk (net)
                      0.094542    0.002228   10.352264 ^ clkbuf_2_1__f_clk/A (sky130_fd_sc_hd__clkbuf_16)
     8    0.024416    0.072950    0.226835   10.579100 ^ clkbuf_2_1__f_clk/X (sky130_fd_sc_hd__clkbuf_16)
                                                         clknet_2_1__leaf_clk (net)
                      0.073007    0.001125   10.580225 ^ _303_/CLK (sky130_fd_sc_hd__dfxtp_2)
                                 -0.250000   10.330225   clock uncertainty
                                  0.036846   10.367071   clock reconvergence pessimism
                                 -0.177014   10.190057   library setup time
                                             10.190057   data required time
---------------------------------------------------------------------------------------------
                                             10.190057   data required time
                                             -8.374551   data arrival time
---------------------------------------------------------------------------------------------
                                              1.815506   slack (MET)




===========================================================================
report_checks --slack_max -0.01
============================================================================
======================= max_ss_100C_1v60 Corner ===================================

No paths found.


===========================================================================
 report_check_types -max_slew -max_cap -max_fanout -violators
============================================================================
======================= max_ss_100C_1v60 Corner ===================================



===========================================================================
report_parasitic_annotation -report_unannotated
============================================================================
Found 2 unannotated drivers.
 clkload0/X
 clkload1/X
Found 0 partially unannotated drivers.

===========================================================================
max slew violation count 0
max fanout violation count 0
max cap violation count 0
============================================================================

===========================================================================
check_setup -verbose -unconstrained_endpoints -multiple_clock -no_clock -no_input_delay -loops -generated_clocks
===========================================================================
