Clock: clk
Sources: clk 
Generated: no
Virtual: yes
Propagated: no
Period: 10.000000

===========================================================================
report_clock_properties
============================================================================
Clock                   Period          Waveform
----------------------------------------------------
clk                  10.000000    0.000000  5.000000

===========================================================================
report_clock_latency
============================================================================
Clock clk
rise -> rise
    min     max
0.000000 0.000000 source latency
0.578027         network latency _322_/CLK
        0.651483 network latency _308_/CLK
---------------
0.578027 0.651483 latency
        0.073456 skew

fall -> fall
    min     max
0.000000 0.000000 source latency
0.564187         network latency _322_/CLK
        0.634048 network latency _308_/CLK
---------------
0.564187 0.634048 latency
        0.069861 skew



===========================================================================
report_clock_min_period
============================================================================
clk period_min = 8.18 fmax = 122.18
