132. Printing statistics.

=== alu_top ===

        +----------Local Count, excluding submodules.
        |        +-Local Area, excluding submodules.
        |        | 
      266        - wires
      312        - wire bits
       17        - public wires
       63        - public wire bits
       10        - ports
       33        - port bits
      289  638.112 cells
       89        -   $_ANDNOT_
        2        -   $_AND_
       42        -   $_MUX_
        9        -   $_NAND_
       14        -   $_NOR_
       13        -   $_NOT_
        3        -   $_ORNOT_
       55        -   $_OR_
        9        -   $_XNOR_
       23        -   $_XOR_
       30  638.112   sky130_fd_sc_hd__dfxtp_2

   Area for cell type $_ANDNOT_ is unknown!
   Area for cell type $_AND_ is unknown!
   Area for cell type $_MUX_ is unknown!
   Area for cell type $_NAND_ is unknown!
   Area for cell type $_NOR_ is unknown!
   Area for cell type $_NOT_ is unknown!
   Area for cell type $_ORNOT_ is unknown!
   Area for cell type $_OR_ is unknown!
   Area for cell type $_XNOR_ is unknown!
   Area for cell type $_XOR_ is unknown!

   Chip area for module '\alu_top': 638.112000
     of which used for sequential elements: 638.112000 (100.00%)

