126. Printing statistics.

=== alu_top ===

        +----------Local Count, excluding submodules.
        | 
      236 wires
      282 wire bits
       17 public wires
       63 public wire bits
       10 ports
       33 port bits
      259 cells
       89   $_ANDNOT_
        2   $_AND_
       12   $_MUX_
        9   $_NAND_
       14   $_NOR_
       13   $_NOT_
        3   $_ORNOT_
       55   $_OR_
       29   $_SDFF_PN0_
        1   $_SDFF_PN1_
        9   $_XNOR_
       23   $_XOR_

   Area for cell type $_ANDNOT_ is unknown!
   Area for cell type $_AND_ is unknown!
   Area for cell type $_MUX_ is unknown!
   Area for cell type $_NAND_ is unknown!
   Area for cell type $_NOR_ is unknown!
   Area for cell type $_NOT_ is unknown!
   Area for cell type $_ORNOT_ is unknown!
   Area for cell type $_OR_ is unknown!
   Area for cell type $_SDFF_PN0_ is unknown!
   Area for cell type $_SDFF_PN1_ is unknown!
   Area for cell type $_XNOR_ is unknown!
   Area for cell type $_XOR_ is unknown!

