
===========================================================================
report_checks -unconstrained
===========================================================================
======================= nom_tt_025C_1v80 Corner ===================================

Startpoint: _323_ (rising edge-triggered flip-flop clocked by clk)
Endpoint: _305_ (rising edge-triggered flip-flop clocked by clk)
Path Group: clk
Path Type: max

Fanout         Cap        Slew       Delay        Time   Description
---------------------------------------------------------------------------------------------
                                  0.000000    0.000000   clock clk (rise edge)
                                  0.000000    0.000000   clock source latency
     1    0.017654    0.085267    0.061468    0.061468 ^ clk (in)
                                                         clk (net)
                      0.085277    0.000000    0.061468 ^ clkbuf_0_clk/A (sky130_fd_sc_hd__clkbuf_16)
     4    0.040619    0.060320    0.164759    0.226228 ^ clkbuf_0_clk/X (sky130_fd_sc_hd__clkbuf_16)
                                                         clknet_0_clk (net)
                      0.060341    0.001054    0.227282 ^ clkbuf_2_0__f_clk/A (sky130_fd_sc_hd__clkbuf_16)
     8    0.027185    0.048240    0.144399    0.371680 ^ clkbuf_2_0__f_clk/X (sky130_fd_sc_hd__clkbuf_16)
                                                         clknet_2_0__leaf_clk (net)
                      0.048320    0.001159    0.372839 ^ _323_/CLK (sky130_fd_sc_hd__dfxtp_4)
     2    0.003634    0.029891    0.344292    0.717131 v _323_/Q (sky130_fd_sc_hd__dfxtp_4)
                                                         op_q[0] (net)
                      0.029891    0.000064    0.717196 v rebuffer42/A (sky130_fd_sc_hd__buf_2)
     7    0.023722    0.067129    0.161635    0.878830 v rebuffer42/X (sky130_fd_sc_hd__buf_2)
                                                         net42 (net)
                      0.067136    0.000717    0.879547 v _244_/B (sky130_fd_sc_hd__nand3_2)
     4    0.024615    0.145093    0.155774    1.035321 ^ _244_/Y (sky130_fd_sc_hd__nand3_2)
                                                         _049_ (net)
                      0.145094    0.000336    1.035657 ^ fanout33/A (sky130_fd_sc_hd__dlymetal6s4s_1)
    10    0.058992    0.578570    0.601011    1.636668 ^ fanout33/X (sky130_fd_sc_hd__dlymetal6s4s_1)
                                                         net33 (net)
                      0.578574    0.001426    1.638094 ^ _275_/B1 (sky130_fd_sc_hd__o21ai_2)
     1    0.004404    0.106078    0.116902    1.754996 v _275_/Y (sky130_fd_sc_hd__o21ai_2)
                                                         _077_ (net)
                      0.106078    0.000168    1.755164 v _276_/C1 (sky130_fd_sc_hd__a211o_2)
     1    0.005919    0.055963    0.308538    2.063702 v _276_/X (sky130_fd_sc_hd__a211o_2)
                                                         _078_ (net)
                      0.055963    0.000239    2.063941 v _277_/B1 (sky130_fd_sc_hd__a21o_2)
     1    0.002783    0.033273    0.191736    2.255677 v _277_/X (sky130_fd_sc_hd__a21o_2)
                                                         _079_ (net)
                      0.033273    0.000086    2.255763 v _279_/B1 (sky130_fd_sc_hd__a211o_2)
     2    0.005856    0.055923    0.323562    2.579325 v _279_/X (sky130_fd_sc_hd__a211o_2)
                                                         _081_ (net)
                      0.055923    0.000198    2.579523 v _172_/A1 (sky130_fd_sc_hd__a2111o_2)
     1    0.006063    0.071909    0.449926    3.029449 v _172_/X (sky130_fd_sc_hd__a2111o_2)
                                                         _116_ (net)
                      0.071909    0.000227    3.029676 v _173_/B2 (sky130_fd_sc_hd__a22o_4)
     1    0.009956    0.047288    0.249141    3.278817 v _173_/X (sky130_fd_sc_hd__a22o_4)
                                                         _117_ (net)
                      0.047288    0.000314    3.279130 v _174_/D1 (sky130_fd_sc_hd__a2111oi_4)
     1    0.003208    0.231481    0.183680    3.462811 ^ _174_/Y (sky130_fd_sc_hd__a2111oi_4)
                                                         _009_ (net)
                      0.231481    0.000105    3.462916 ^ _305_/D (sky130_fd_sc_hd__dfxtp_2)
                                              3.462916   data arrival time

                                  5.000000    5.000000   clock clk (rise edge)
                                  0.000000    5.000000   clock source latency
     1    0.017654    0.085267    0.055614    5.055614 ^ clk (in)
                                                         clk (net)
                      0.085277    0.000000    5.055614 ^ clkbuf_0_clk/A (sky130_fd_sc_hd__clkbuf_16)
     4    0.040619    0.060320    0.149068    5.204682 ^ clkbuf_0_clk/X (sky130_fd_sc_hd__clkbuf_16)
                                                         clknet_0_clk (net)
                      0.060333    0.000781    5.205463 ^ clkbuf_2_3__f_clk/A (sky130_fd_sc_hd__clkbuf_16)
     8    0.025138    0.046423    0.128907    5.334370 ^ clkbuf_2_3__f_clk/X (sky130_fd_sc_hd__clkbuf_16)
                                                         clknet_2_3__leaf_clk (net)
                      0.046433    0.000658    5.335027 ^ _305_/CLK (sky130_fd_sc_hd__dfxtp_2)
                                 -0.250000    5.085027   clock uncertainty
                                  0.021545    5.106573   clock reconvergence pessimism
                                 -0.102599    5.003974   library setup time
                                              5.003974   data required time
---------------------------------------------------------------------------------------------
                                              5.003974   data required time
                                             -3.462916   data arrival time
---------------------------------------------------------------------------------------------
                                              1.541058   slack (MET)




===========================================================================
report_checks --slack_max -0.01
============================================================================
======================= nom_tt_025C_1v80 Corner ===================================

No paths found.


===========================================================================
 report_check_types -max_slew -max_cap -max_fanout -violators
============================================================================
======================= nom_tt_025C_1v80 Corner ===================================



===========================================================================
report_parasitic_annotation -report_unannotated
============================================================================
Found 2 unannotated drivers.
 clkload0/X
 clkload1/X
Found 0 partially unannotated drivers.

===========================================================================
max slew violation count 0
max fanout violation count 0
max cap violation count 0
============================================================================

===========================================================================
check_setup -verbose -unconstrained_endpoints -multiple_clock -no_clock -no_input_delay -loops -generated_clocks
===========================================================================
