Clock: clk
Sources: clk 
Generated: no
Virtual: yes
Propagated: no
Period: 5.000000

===========================================================================
report_clock_properties
============================================================================
Clock                   Period          Waveform
----------------------------------------------------
clk                   5.000000    0.000000  2.500000

===========================================================================
report_clock_latency
============================================================================
Clock clk
rise -> rise
    min     max
0.000000 0.000000 source latency
0.334914         network latency _306_/CLK
        0.375158 network latency _311_/CLK
---------------
0.334914 0.375158 latency
        0.040245 skew

fall -> fall
    min     max
0.000000 0.000000 source latency
0.316608         network latency _306_/CLK
        0.354469 network latency _311_/CLK
---------------
0.316608 0.354469 latency
        0.037861 skew



===========================================================================
report_clock_min_period
============================================================================
clk period_min = 3.46 fmax = 289.11
