Clock: clk
Sources: clk 
Generated: no
Virtual: yes
Propagated: no
Period: 10.000000

===========================================================================
report_clock_properties
============================================================================
Clock                   Period          Waveform
----------------------------------------------------
clk                  10.000000    0.000000  5.000000

===========================================================================
report_clock_latency
============================================================================
Clock clk
rise -> rise
    min     max
0.000000 0.000000 source latency
0.224666         network latency _299_/CLK
        0.250921 network latency _324_/CLK
---------------
0.224666 0.250921 latency
        0.026254 skew

fall -> fall
    min     max
0.000000 0.000000 source latency
0.211366         network latency _299_/CLK
        0.235869 network latency _324_/CLK
---------------
0.211366 0.235869 latency
        0.024503 skew



===========================================================================
report_clock_min_period
============================================================================
clk period_min = 2.85 fmax = 350.70
