
===========================================================================
 report_power
============================================================================
======================= min_ff_n40C_1v95 Corner ===================================

Group                    Internal    Switching      Leakage        Total
                            Power        Power        Power        Power (Watts)
------------------------------------------------------------------------
Sequential           1.507751e-04 8.233978e-06 5.785871e-10 1.590097e-04  37.1%
Combinational        5.275140e-05 5.198731e-05 1.746070e-09 1.047405e-04  24.4%
Clock                1.095592e-04 5.532975e-05 5.278701e-09 1.648942e-04  38.5%
Macro                0.000000e+00 0.000000e+00 0.000000e+00 0.000000e+00   0.0%
Pad                  0.000000e+00 0.000000e+00 0.000000e+00 0.000000e+00   0.0%
------------------------------------------------------------------------
Total                3.130856e-04 1.155510e-04 7.603359e-09 4.286442e-04 100.0%
                            73.0%        27.0%         0.0%

