Reading timing models for corner nom_tt_025C_1v80…
Reading timing library for the 'nom_tt_025C_1v80' corner at '/home/runner/.ciel/ciel/sky130/versions/8afc8346a57fe1ab7934ba5a6056ea8b43078e71/sky130A/libs.ref/sky130_fd_sc_hd/lib/sky130_fd_sc_hd__tt_025C_1v80.lib'…
Reading OpenROAD database at '/home/runner/work/ASIC_101/ASIC_101/files/alu/pd/runs/csel-4ns/18-openroad-cutrows/alu_top.odb'…
Reading design constraints file at '/nix/store/8y4m6wgn5kqlbig1qwnwbxijqqp0jwib-python3-3.13.9-env/lib/python3.13/site-packages/librelane/scripts/base.sdc'…
[INFO] Using clock clk…
[INFO] Setting output delay to: 0.8
[INFO] Setting input delay to: 0.8
[INFO] Setting load to: 0.033442
[INFO] Setting clock uncertainty to: 0.25
[INFO] Setting clock transition to: 0.1499999999999999944488848768742172978818416595458984375
[INFO] Setting timing derate to: 5.0%
+ tapcell -halo_width_x 10.0 -halo_width_y 10.0 -distance 13.0 -tapcell_master sky130_fd_sc_hd__tapvpwrvgnd_1 -endcap_master sky130_fd_sc_hd__decap_3
[INFO TAP-0004] Inserted 64 endcaps.
[INFO TAP-0005] Inserted 102 tapcells.
Setting global connections for newly added cells…
[INFO] Setting global connections...
[INFO ODB-0403] 460 connections made, 0 conflicts skipped.
Updating metrics…
Cell type report:                       Count       Area
  Fill cell                                64     240.23
  Tap cell                                102     127.62
  Buffer                                    1       5.00
  Inverter                                  7      26.28
  Sequential cell                          30     638.11
  Multi-Input combinational cell          142    1269.97
  Total                                   346    2307.21
Writing OpenROAD database to '/home/runner/work/ASIC_101/ASIC_101/files/alu/pd/runs/csel-4ns/19-openroad-tapendcapinsertion/alu_top.odb'…
Writing netlist to '/home/runner/work/ASIC_101/ASIC_101/files/alu/pd/runs/csel-4ns/19-openroad-tapendcapinsertion/alu_top.nl.v'…
Writing powered netlist to '/home/runner/work/ASIC_101/ASIC_101/files/alu/pd/runs/csel-4ns/19-openroad-tapendcapinsertion/alu_top.pnl.v'…
Writing layout to '/home/runner/work/ASIC_101/ASIC_101/files/alu/pd/runs/csel-4ns/19-openroad-tapendcapinsertion/alu_top.def'…
Writing timing constraints to '/home/runner/work/ASIC_101/ASIC_101/files/alu/pd/runs/csel-4ns/19-openroad-tapendcapinsertion/alu_top.sdc'…
