Clock: clk
Sources: clk 
Generated: no
Virtual: yes
Propagated: no
Period: 10.000000

===========================================================================
report_clock_properties
============================================================================
Clock                   Period          Waveform
----------------------------------------------------
clk                  10.000000    0.000000  5.000000

===========================================================================
report_clock_latency
============================================================================
Clock clk
rise -> rise
    min     max
0.000000 0.000000 source latency
0.224383         network latency _322_/CLK
        0.253019 network latency _320_/CLK
---------------
0.224383 0.253019 latency
        0.028637 skew

fall -> fall
    min     max
0.000000 0.000000 source latency
0.210741         network latency _322_/CLK
        0.237251 network latency _320_/CLK
---------------
0.210741 0.237251 latency
        0.026510 skew



===========================================================================
report_clock_min_period
============================================================================
clk period_min = 2.50 fmax = 399.22
