Reading timing models for corner nom_tt_025C_1v80…
Reading timing library for the 'nom_tt_025C_1v80' corner at '/home/runner/.ciel/ciel/sky130/versions/8afc8346a57fe1ab7934ba5a6056ea8b43078e71/sky130A/libs.ref/sky130_fd_sc_hd/lib/sky130_fd_sc_hd__tt_025C_1v80.lib'…
Reading OpenROAD database at '/home/runner/work/ASIC_101/ASIC_101/files/alu/pd/runs/cla-10ns/19-openroad-tapendcapinsertion/alu_top.odb'…
Reading design constraints file at '/nix/store/8y4m6wgn5kqlbig1qwnwbxijqqp0jwib-python3-3.13.9-env/lib/python3.13/site-packages/librelane/scripts/base.sdc'…
[INFO] Using clock clk…
[INFO] Setting output delay to: 2.0
[INFO] Setting input delay to: 2.0
[INFO] Setting load to: 0.033442
[INFO] Setting clock uncertainty to: 0.25
[INFO] Setting clock transition to: 0.1499999999999999944488848768742172978818416595458984375
[INFO] Setting timing derate to: 5.0%
[INFO] Setting global connections...
[INFO ODB-0403] 0 connections made, 0 conflicts skipped.
+ pdngen 
[INFO PDN-0001] Inserting grid: stdcell_grid
Setting global connections for newly added cells…
[INFO] Setting global connections...
[INFO ODB-0403] 0 connections made, 0 conflicts skipped.
Updating metrics…
Cell type report:                       Count       Area
  Fill cell                                64     240.23
  Tap cell                                102     127.62
  Buffer                                    1       5.00
  Inverter                                 12      45.04
  Sequential cell                          30     638.11
  Multi-Input combinational cell          135    1169.87
  Total                                   344    2225.88
Writing OpenROAD database to '/home/runner/work/ASIC_101/ASIC_101/files/alu/pd/runs/cla-10ns/21-openroad-generatepdn/alu_top.odb'…
Writing netlist to '/home/runner/work/ASIC_101/ASIC_101/files/alu/pd/runs/cla-10ns/21-openroad-generatepdn/alu_top.nl.v'…
Writing powered netlist to '/home/runner/work/ASIC_101/ASIC_101/files/alu/pd/runs/cla-10ns/21-openroad-generatepdn/alu_top.pnl.v'…
Writing layout to '/home/runner/work/ASIC_101/ASIC_101/files/alu/pd/runs/cla-10ns/21-openroad-generatepdn/alu_top.def'…
Writing timing constraints to '/home/runner/work/ASIC_101/ASIC_101/files/alu/pd/runs/cla-10ns/21-openroad-generatepdn/alu_top.sdc'…
[INFO PSM-0040] All shapes on net VPWR are connected.
[INFO PSM-0040] All shapes on net VGND are connected.
