
===========================================================================
report_checks -unconstrained
===========================================================================
======================= min_ff_n40C_1v95 Corner ===================================

Startpoint: _319_ (rising edge-triggered flip-flop clocked by clk)
Endpoint: _300_ (rising edge-triggered flip-flop clocked by clk)
Path Group: clk
Path Type: max

Fanout         Cap        Slew       Delay        Time   Description
---------------------------------------------------------------------------------------------
                                  0.000000    0.000000   clock clk (rise edge)
                                  0.000000    0.000000   clock source latency
     1    0.015941    0.058119    0.041687    0.041687 ^ clk (in)
                                                         clk (net)
                      0.058136    0.000000    0.041687 ^ clkbuf_0_clk/A (sky130_fd_sc_hd__clkbuf_16)
     4    0.038899    0.044472    0.109319    0.151006 ^ clkbuf_0_clk/X (sky130_fd_sc_hd__clkbuf_16)
                                                         clknet_0_clk (net)
                      0.044480    0.000548    0.151554 ^ clkbuf_2_2__f_clk/A (sky130_fd_sc_hd__clkbuf_16)
     8    0.025662    0.035036    0.096809    0.248363 ^ clkbuf_2_2__f_clk/X (sky130_fd_sc_hd__clkbuf_16)
                                                         clknet_2_2__leaf_clk (net)
                      0.035043    0.000483    0.248846 ^ _319_/CLK (sky130_fd_sc_hd__dfxtp_2)
     2    0.008136    0.025081    0.212613    0.461459 v _319_/Q (sky130_fd_sc_hd__dfxtp_2)
                                                         op_q[2] (net)
                      0.025081    0.000061    0.461520 v fanout34/A (sky130_fd_sc_hd__buf_6)
     2    0.005530    0.016270    0.071935    0.533455 v fanout34/X (sky130_fd_sc_hd__buf_6)
                                                         net34 (net)
                      0.016270    0.000053    0.533508 v _225_/A (sky130_fd_sc_hd__or3b_4)
     2    0.011903    0.055764    0.257573    0.791081 v _225_/X (sky130_fd_sc_hd__or3b_4)
                                                         _127_ (net)
                      0.055764    0.000140    0.791221 v max_cap33/A (sky130_fd_sc_hd__buf_12)
     5    0.040453    0.028936    0.105863    0.897084 v max_cap33/X (sky130_fd_sc_hd__buf_12)
                                                         net33 (net)
                      0.029047    0.001622    0.898706 v _235_/B (sky130_fd_sc_hd__xnor2_4)
     3    0.022063    0.164545    0.154944    1.053650 ^ _235_/Y (sky130_fd_sc_hd__xnor2_4)
                                                         _137_ (net)
                      0.164545    0.000177    1.053827 ^ _236_/B (sky130_fd_sc_hd__nand2_4)
     6    0.031530    0.071345    0.070236    1.124063 v _236_/Y (sky130_fd_sc_hd__nand2_4)
                                                         _138_ (net)
                      0.071352    0.000583    1.124645 v _242_/A2 (sky130_fd_sc_hd__a311o_2)
     4    0.021001    0.071222    0.291300    1.415946 v _242_/X (sky130_fd_sc_hd__a311o_2)
                                                         _144_ (net)
                      0.071234    0.000963    1.416909 v _252_/A1 (sky130_fd_sc_hd__a21o_4)
     3    0.013085    0.032556    0.156643    1.573552 v _252_/X (sky130_fd_sc_hd__a21o_4)
                                                         _035_ (net)
                      0.032581    0.000156    1.573708 v _278_/A (sky130_fd_sc_hd__and3_4)
     1    0.003594    0.024002    0.095806    1.669514 v _278_/X (sky130_fd_sc_hd__and3_4)
                                                         _059_ (net)
                      0.024002    0.000045    1.669559 v _279_/C (sky130_fd_sc_hd__or3_4)
     1    0.006232    0.047804    0.203243    1.872802 v _279_/X (sky130_fd_sc_hd__or3_4)
                                                         _060_ (net)
                      0.047804    0.000089    1.872891 v _288_/B1 (sky130_fd_sc_hd__a2bb2o_4)
     2    0.007558    0.028925    0.151661    2.024553 v _288_/X (sky130_fd_sc_hd__a2bb2o_4)
                                                         _069_ (net)
                      0.028925    0.000169    2.024722 v _189_/A2 (sky130_fd_sc_hd__a41o_2)
     1    0.003248    0.028889    0.154840    2.179561 v _189_/X (sky130_fd_sc_hd__a41o_2)
                                                         _002_ (net)
                      0.028889    0.000046    2.179607 v _300_/D (sky130_fd_sc_hd__dfxtp_2)
                                              2.179607   data arrival time

                                  4.000000    4.000000   clock clk (rise edge)
                                  0.000000    4.000000   clock source latency
     1    0.015941    0.058119    0.037717    4.037717 ^ clk (in)
                                                         clk (net)
                      0.058136    0.000000    4.037717 ^ clkbuf_0_clk/A (sky130_fd_sc_hd__clkbuf_16)
     4    0.038899    0.044472    0.098908    4.136625 ^ clkbuf_0_clk/X (sky130_fd_sc_hd__clkbuf_16)
                                                         clknet_0_clk (net)
                      0.044480    0.000496    4.137121 ^ clkbuf_2_3__f_clk/A (sky130_fd_sc_hd__clkbuf_16)
     8    0.025589    0.034984    0.087392    4.224513 ^ clkbuf_2_3__f_clk/X (sky130_fd_sc_hd__clkbuf_16)
                                                         clknet_2_3__leaf_clk (net)
                      0.035015    0.000850    4.225362 ^ _300_/CLK (sky130_fd_sc_hd__dfxtp_2)
                                 -0.250000    3.975362   clock uncertainty
                                  0.014382    3.989744   clock reconvergence pessimism
                                 -0.069823    3.919921   library setup time
                                              3.919921   data required time
---------------------------------------------------------------------------------------------
                                              3.919921   data required time
                                             -2.179607   data arrival time
---------------------------------------------------------------------------------------------
                                              1.740314   slack (MET)




===========================================================================
report_checks --slack_max -0.01
============================================================================
======================= min_ff_n40C_1v95 Corner ===================================

No paths found.


===========================================================================
 report_check_types -max_slew -max_cap -max_fanout -violators
============================================================================
======================= min_ff_n40C_1v95 Corner ===================================



===========================================================================
report_parasitic_annotation -report_unannotated
============================================================================
Found 2 unannotated drivers.
 clkload0/X
 clkload1/X
Found 0 partially unannotated drivers.

===========================================================================
max slew violation count 0
max fanout violation count 0
max cap violation count 0
============================================================================

===========================================================================
check_setup -verbose -unconstrained_endpoints -multiple_clock -no_clock -no_input_delay -loops -generated_clocks
===========================================================================
