Clock: clk
Sources: clk 
Generated: no
Virtual: yes
Propagated: no
Period: 4.000000

===========================================================================
report_clock_properties
============================================================================
Clock                   Period          Waveform
----------------------------------------------------
clk                   4.000000    0.000000  2.000000

===========================================================================
report_clock_latency
============================================================================
Clock clk
rise -> rise
    min     max
0.000000 0.000000 source latency
0.224849         network latency _299_/CLK
        0.251497 network latency _324_/CLK
---------------
0.224849 0.251497 latency
        0.026648 skew

fall -> fall
    min     max
0.000000 0.000000 source latency
0.211416         network latency _299_/CLK
        0.236246 network latency _324_/CLK
---------------
0.211416 0.236246 latency
        0.024830 skew



===========================================================================
report_clock_min_period
============================================================================
clk period_min = 2.26 fmax = 442.54
