┏━━━━━━━━━━━━━━━━━━━━━━┳━━━━━━━━━━┳━━━━━━━━━━┳━━━━━━━━━━┳━━━━━━━━━━┳━━━━━━━━━━━┳━━━━━━━━━━┳━━━━━━━━━━━┳━━━━━━━━━━┳━━━━━━━━━━━┳━━━━━━━━━━┳━━━━━━━━━━━┳━━━━━━━━━━┓
┃                      ┃ Hold     ┃ Reg to   ┃          ┃          ┃ of which  ┃ Setup    ┃           ┃          ┃           ┃ of which ┃           ┃          ┃
┃                      ┃ Worst    ┃ Reg      ┃          ┃ Hold Vio ┃ reg to    ┃ Worst    ┃ Reg to    ┃ Setup    ┃ Setup Vio ┃ reg to   ┃ Max Cap   ┃ Max Slew ┃
┃ Corner/Group         ┃ Slack    ┃ Paths    ┃ Hold TNS ┃ Count    ┃ reg       ┃ Slack    ┃ Reg Paths ┃ TNS      ┃ Count     ┃ reg      ┃ Violatio… ┃ Violati… ┃
┡━━━━━━━━━━━━━━━━━━━━━━╇━━━━━━━━━━╇━━━━━━━━━━╇━━━━━━━━━━╇━━━━━━━━━━╇━━━━━━━━━━━╇━━━━━━━━━━╇━━━━━━━━━━━╇━━━━━━━━━━╇━━━━━━━━━━━╇━━━━━━━━━━╇━━━━━━━━━━━╇━━━━━━━━━━┩
│ Overall              │ 0.1305   │ 0.1305   │ 0.0000   │ 0        │ 0         │ 2.3007   │ 2.3007    │ 0.0000   │ 0         │ 0        │ 0         │ 11       │
│ nom_tt_025C_1v80     │ 0.3464   │ 0.3464   │ 0.0000   │ 0        │ 0         │ 6.0440   │ 6.0440    │ 0.0000   │ 0         │ 0        │ 0         │ 0        │
│ nom_ss_100C_1v60     │ 0.9343   │ 0.9343   │ 0.0000   │ 0        │ 0         │ 2.3437   │ 2.3437    │ 0.0000   │ 0         │ 0        │ 0         │ 11       │
│ nom_ff_n40C_1v95     │ 0.1333   │ 0.1333   │ 0.0000   │ 0        │ 0         │ 6.8881   │ N/A       │ 0.0000   │ 0         │ 0        │ 0         │ 0        │
│ min_tt_025C_1v80     │ 0.3412   │ 0.3412   │ 0.0000   │ 0        │ 0         │ 6.0662   │ 6.0662    │ 0.0000   │ 0         │ 0        │ 0         │ 0        │
│ min_ss_100C_1v60     │ 0.9268   │ 0.9268   │ 0.0000   │ 0        │ 0         │ 2.3884   │ 2.3884    │ 0.0000   │ 0         │ 0        │ 0         │ 11       │
│ min_ff_n40C_1v95     │ 0.1305   │ 0.1305   │ 0.0000   │ 0        │ 0         │ 6.8943   │ N/A       │ 0.0000   │ 0         │ 0        │ 0         │ 0        │
│ max_tt_025C_1v80     │ 0.3529   │ 0.3529   │ 0.0000   │ 0        │ 0         │ 6.0209   │ 6.0209    │ 0.0000   │ 0         │ 0        │ 0         │ 0        │
│ max_ss_100C_1v60     │ 0.9435   │ 0.9435   │ 0.0000   │ 0        │ 0         │ 2.3007   │ 2.3007    │ 0.0000   │ 0         │ 0        │ 0         │ 11       │
│ max_ff_n40C_1v95     │ 0.1371   │ 0.1371   │ 0.0000   │ 0        │ 0         │ 6.8812   │ N/A       │ 0.0000   │ 0         │ 0        │ 0         │ 0        │
└──────────────────────┴──────────┴──────────┴──────────┴──────────┴───────────┴──────────┴───────────┴──────────┴───────────┴──────────┴───────────┴──────────┘
