
===========================================================================
report_checks -unconstrained
===========================================================================
======================= min_ff_n40C_1v95 Corner ===================================

Startpoint: _325_ (rising edge-triggered flip-flop clocked by clk)
Endpoint: _305_ (rising edge-triggered flip-flop clocked by clk)
Path Group: clk
Path Type: max

Fanout         Cap        Slew       Delay        Time   Description
---------------------------------------------------------------------------------------------
                                  0.000000    0.000000   clock clk (rise edge)
                                  0.000000    0.000000   clock source latency
     1    0.016944    0.061577    0.043963    0.043963 ^ clk (in)
                                                         clk (net)
                      0.061583    0.000000    0.043963 ^ clkbuf_0_clk/A (sky130_fd_sc_hd__clkbuf_16)
     4    0.040074    0.045348    0.111016    0.154979 ^ clkbuf_0_clk/X (sky130_fd_sc_hd__clkbuf_16)
                                                         clknet_0_clk (net)
                      0.045351    0.000371    0.155350 ^ clkbuf_2_0__f_clk/A (sky130_fd_sc_hd__clkbuf_16)
     8    0.026775    0.035825    0.097807    0.253157 ^ clkbuf_2_0__f_clk/X (sky130_fd_sc_hd__clkbuf_16)
                                                         clknet_2_0__leaf_clk (net)
                      0.035840    0.000698    0.253855 ^ _325_/CLK (sky130_fd_sc_hd__dfxtp_4)
     2    0.005465    0.024578    0.221634    0.475490 v _325_/Q (sky130_fd_sc_hd__dfxtp_4)
                                                         op_q[2] (net)
                      0.024578    0.000050    0.475540 v _201_/A (sky130_fd_sc_hd__or3b_4)
     4    0.034120    0.079612    0.294434    0.769974 v _201_/X (sky130_fd_sc_hd__or3b_4)
                                                         _125_ (net)
                      0.079617    0.000744    0.770718 v _224_/A (sky130_fd_sc_hd__xnor2_4)
     4    0.010426    0.044932    0.122473    0.893192 v _224_/Y (sky130_fd_sc_hd__xnor2_4)
                                                         _030_ (net)
                      0.044932    0.000092    0.893284 v _225_/B (sky130_fd_sc_hd__or2_4)
     4    0.016018    0.044824    0.167583    1.060867 v _225_/X (sky130_fd_sc_hd__or2_4)
                                                         _031_ (net)
                      0.044824    0.000163    1.061030 v _230_/A3 (sky130_fd_sc_hd__a311o_2)
     2    0.007578    0.048381    0.262384    1.323413 v _230_/X (sky130_fd_sc_hd__a311o_2)
                                                         _036_ (net)
                      0.048381    0.000158    1.323571 v _233_/A1 (sky130_fd_sc_hd__a311o_2)
     3    0.013788    0.060503    0.234971    1.558541 v _233_/X (sky130_fd_sc_hd__a311o_2)
                                                         _039_ (net)
                      0.060503    0.000313    1.558855 v _234_/A1 (sky130_fd_sc_hd__a31o_4)
     2    0.013403    0.035694    0.166520    1.725375 v _234_/X (sky130_fd_sc_hd__a31o_4)
                                                         _040_ (net)
                      0.035696    0.000279    1.725654 v _164_/A (sky130_fd_sc_hd__xnor2_2)
     1    0.002873    0.029922    0.088561    1.814214 v _164_/Y (sky130_fd_sc_hd__xnor2_2)
                                                         _109_ (net)
                      0.029922    0.000032    1.814246 v _170_/A2 (sky130_fd_sc_hd__a21o_2)
     2    0.011588    0.040819    0.156991    1.971237 v _170_/X (sky130_fd_sc_hd__a21o_2)
                                                         _115_ (net)
                      0.040819    0.000168    1.971405 v _174_/A2 (sky130_fd_sc_hd__a2111oi_4)
     1    0.003152    0.169549    0.232312    2.203717 ^ _174_/Y (sky130_fd_sc_hd__a2111oi_4)
                                                         _009_ (net)
                      0.169549    0.000044    2.203761 ^ _305_/D (sky130_fd_sc_hd__dfxtp_2)
                                              2.203761   data arrival time

                                  3.000000    3.000000   clock clk (rise edge)
                                  0.000000    3.000000   clock source latency
     1    0.016944    0.061577    0.039776    3.039776 ^ clk (in)
                                                         clk (net)
                      0.061583    0.000000    3.039776 ^ clkbuf_0_clk/A (sky130_fd_sc_hd__clkbuf_16)
     4    0.040074    0.045348    0.100443    3.140219 ^ clkbuf_0_clk/X (sky130_fd_sc_hd__clkbuf_16)
                                                         clknet_0_clk (net)
                      0.045350    0.000324    3.140543 ^ clkbuf_2_3__f_clk/A (sky130_fd_sc_hd__clkbuf_16)
     8    0.024843    0.034460    0.087279    3.227822 ^ clkbuf_2_3__f_clk/X (sky130_fd_sc_hd__clkbuf_16)
                                                         clknet_2_3__leaf_clk (net)
                      0.034464    0.000380    3.228201 ^ _305_/CLK (sky130_fd_sc_hd__dfxtp_2)
                                 -0.250000    2.978201   clock uncertainty
                                  0.014760    2.992961   clock reconvergence pessimism
                                 -0.044814    2.948147   library setup time
                                              2.948147   data required time
---------------------------------------------------------------------------------------------
                                              2.948147   data required time
                                             -2.203761   data arrival time
---------------------------------------------------------------------------------------------
                                              0.744387   slack (MET)




===========================================================================
report_checks --slack_max -0.01
============================================================================
======================= min_ff_n40C_1v95 Corner ===================================

No paths found.


===========================================================================
 report_check_types -max_slew -max_cap -max_fanout -violators
============================================================================
======================= min_ff_n40C_1v95 Corner ===================================



===========================================================================
report_parasitic_annotation -report_unannotated
============================================================================
Found 2 unannotated drivers.
 clkload0/X
 clkload1/X
Found 0 partially unannotated drivers.

===========================================================================
max slew violation count 0
max fanout violation count 0
max cap violation count 0
============================================================================

===========================================================================
check_setup -verbose -unconstrained_endpoints -multiple_clock -no_clock -no_input_delay -loops -generated_clocks
===========================================================================
