Clock: clk
Sources: clk 
Generated: no
Virtual: yes
Propagated: no
Period: 3.000000

===========================================================================
report_clock_properties
============================================================================
Clock                   Period          Waveform
----------------------------------------------------
clk                   3.000000    0.000000  1.500000

===========================================================================
report_clock_latency
============================================================================
Clock clk
rise -> rise
    min     max
0.000000 0.000000 source latency
0.228107         network latency _306_/CLK
        0.255412 network latency _311_/CLK
---------------
0.228107 0.255412 latency
        0.027306 skew

fall -> fall
    min     max
0.000000 0.000000 source latency
0.213160         network latency _306_/CLK
        0.238462 network latency _311_/CLK
---------------
0.213160 0.238462 latency
        0.025302 skew



===========================================================================
report_clock_min_period
============================================================================
clk period_min = 2.26 fmax = 443.34
