
===========================================================================
 report_power
============================================================================
======================= min_ff_n40C_1v95 Corner ===================================

Group                    Internal    Switching      Leakage        Total
                            Power        Power        Power        Power (Watts)
------------------------------------------------------------------------
Sequential           5.034822e-04 2.641186e-05 6.080662e-10 5.298947e-04  34.9%
Combinational        2.287648e-04 2.066948e-04 2.491862e-09 4.354621e-04  28.7%
Clock                3.651981e-04 1.862625e-04 4.993529e-09 5.514657e-04  36.4%
Macro                0.000000e+00 0.000000e+00 0.000000e+00 0.000000e+00   0.0%
Pad                  0.000000e+00 0.000000e+00 0.000000e+00 0.000000e+00   0.0%
------------------------------------------------------------------------
Total                1.097445e-03 4.193693e-04 8.093473e-09 1.516822e-03 100.0%
                            72.4%        27.6%         0.0%

