
===========================================================================
report_checks -unconstrained
===========================================================================
======================= min_ff_n40C_1v95 Corner ===================================

Startpoint: _325_ (rising edge-triggered flip-flop clocked by clk)
Endpoint: _305_ (rising edge-triggered flip-flop clocked by clk)
Path Group: clk
Path Type: max

Fanout         Cap        Slew       Delay        Time   Description
---------------------------------------------------------------------------------------------
                                  0.000000    0.000000   clock clk (rise edge)
                                  0.000000    0.000000   clock source latency
     1    0.017011    0.061800    0.044136    0.044136 ^ clk (in)
                                                         clk (net)
                      0.061807    0.000000    0.044136 ^ clkbuf_0_clk/A (sky130_fd_sc_hd__clkbuf_16)
     4    0.039889    0.045222    0.110972    0.155108 ^ clkbuf_0_clk/X (sky130_fd_sc_hd__clkbuf_16)
                                                         clknet_0_clk (net)
                      0.045225    0.000369    0.155477 ^ clkbuf_2_0__f_clk/A (sky130_fd_sc_hd__clkbuf_16)
     8    0.026758    0.035812    0.097758    0.253235 ^ clkbuf_2_0__f_clk/X (sky130_fd_sc_hd__clkbuf_16)
                                                         clknet_2_0__leaf_clk (net)
                      0.035827    0.000695    0.253930 ^ _325_/CLK (sky130_fd_sc_hd__dfxtp_4)
     2    0.005468    0.024582    0.221636    0.475566 v _325_/Q (sky130_fd_sc_hd__dfxtp_4)
                                                         op_q[2] (net)
                      0.024582    0.000050    0.475617 v _201_/A (sky130_fd_sc_hd__or3b_4)
     4    0.034234    0.079732    0.294593    0.770210 v _201_/X (sky130_fd_sc_hd__or3b_4)
                                                         _125_ (net)
                      0.079737    0.000743    0.770953 v _224_/A (sky130_fd_sc_hd__xnor2_4)
     4    0.010424    0.044959    0.122523    0.893477 v _224_/Y (sky130_fd_sc_hd__xnor2_4)
                                                         _030_ (net)
                      0.044959    0.000092    0.893569 v _225_/B (sky130_fd_sc_hd__or2_4)
     4    0.015716    0.044471    0.167102    1.060671 v _225_/X (sky130_fd_sc_hd__or2_4)
                                                         _031_ (net)
                      0.044471    0.000159    1.060830 v _230_/A3 (sky130_fd_sc_hd__a311o_2)
     2    0.007578    0.048381    0.262243    1.323073 v _230_/X (sky130_fd_sc_hd__a311o_2)
                                                         _036_ (net)
                      0.048381    0.000158    1.323231 v _233_/A1 (sky130_fd_sc_hd__a311o_2)
     3    0.013757    0.060442    0.234898    1.558129 v _233_/X (sky130_fd_sc_hd__a311o_2)
                                                         _039_ (net)
                      0.060442    0.000295    1.558423 v _234_/A1 (sky130_fd_sc_hd__a31o_4)
     2    0.013598    0.035906    0.166782    1.725206 v _234_/X (sky130_fd_sc_hd__a31o_4)
                                                         _040_ (net)
                      0.035907    0.000282    1.725488 v _164_/A (sky130_fd_sc_hd__xnor2_2)
     1    0.002873    0.029922    0.088649    1.814136 v _164_/Y (sky130_fd_sc_hd__xnor2_2)
                                                         _109_ (net)
                      0.029922    0.000032    1.814168 v _170_/A2 (sky130_fd_sc_hd__a21o_2)
     2    0.011588    0.040819    0.156990    1.971159 v _170_/X (sky130_fd_sc_hd__a21o_2)
                                                         _115_ (net)
                      0.040819    0.000168    1.971327 v _174_/A2 (sky130_fd_sc_hd__a2111oi_4)
     1    0.003152    0.169549    0.232312    2.203639 ^ _174_/Y (sky130_fd_sc_hd__a2111oi_4)
                                                         _009_ (net)
                      0.169549    0.000044    2.203683 ^ _305_/D (sky130_fd_sc_hd__dfxtp_2)
                                              2.203683   data arrival time

                                  4.000000    4.000000   clock clk (rise edge)
                                  0.000000    4.000000   clock source latency
     1    0.017011    0.061800    0.039932    4.039932 ^ clk (in)
                                                         clk (net)
                      0.061807    0.000000    4.039932 ^ clkbuf_0_clk/A (sky130_fd_sc_hd__clkbuf_16)
     4    0.039889    0.045222    0.100404    4.140336 ^ clkbuf_0_clk/X (sky130_fd_sc_hd__clkbuf_16)
                                                         clknet_0_clk (net)
                      0.045224    0.000324    4.140659 ^ clkbuf_2_3__f_clk/A (sky130_fd_sc_hd__clkbuf_16)
     8    0.024843    0.034460    0.087244    4.227904 ^ clkbuf_2_3__f_clk/X (sky130_fd_sc_hd__clkbuf_16)
                                                         clknet_2_3__leaf_clk (net)
                      0.034464    0.000380    4.228283 ^ _305_/CLK (sky130_fd_sc_hd__dfxtp_2)
                                 -0.250000    3.978284   clock uncertainty
                                  0.014772    3.993056   clock reconvergence pessimism
                                 -0.044814    3.948242   library setup time
                                              3.948242   data required time
---------------------------------------------------------------------------------------------
                                              3.948242   data required time
                                             -2.203683   data arrival time
---------------------------------------------------------------------------------------------
                                              1.744559   slack (MET)




===========================================================================
report_checks --slack_max -0.01
============================================================================
======================= min_ff_n40C_1v95 Corner ===================================

No paths found.


===========================================================================
 report_check_types -max_slew -max_cap -max_fanout -violators
============================================================================
======================= min_ff_n40C_1v95 Corner ===================================



===========================================================================
report_parasitic_annotation -report_unannotated
============================================================================
Found 2 unannotated drivers.
 clkload0/X
 clkload1/X
Found 0 partially unannotated drivers.

===========================================================================
max slew violation count 0
max fanout violation count 0
max cap violation count 0
============================================================================

===========================================================================
check_setup -verbose -unconstrained_endpoints -multiple_clock -no_clock -no_input_delay -loops -generated_clocks
===========================================================================
