Clock: clk
Sources: clk 
Generated: no
Virtual: yes
Propagated: no
Period: 4.000000

===========================================================================
report_clock_properties
============================================================================
Clock                   Period          Waveform
----------------------------------------------------
clk                   4.000000    0.000000  2.000000

===========================================================================
report_clock_latency
============================================================================
Clock clk
rise -> rise
    min     max
0.000000 0.000000 source latency
0.228189         network latency _306_/CLK
        0.255779 network latency _311_/CLK
---------------
0.228189 0.255779 latency
        0.027591 skew

fall -> fall
    min     max
0.000000 0.000000 source latency
0.213184         network latency _306_/CLK
        0.238730 network latency _311_/CLK
---------------
0.213184 0.238730 latency
        0.025546 skew



===========================================================================
report_clock_min_period
============================================================================
clk period_min = 2.26 fmax = 443.37
