Reading timing models for corner nom_tt_025C_1v80…
Reading timing library for the 'nom_tt_025C_1v80' corner at '/home/runner/.ciel/ciel/sky130/versions/8afc8346a57fe1ab7934ba5a6056ea8b43078e71/sky130A/libs.ref/sky130_fd_sc_hd/lib/sky130_fd_sc_hd__tt_025C_1v80.lib'…
Reading OpenROAD database at '/home/runner/work/ASIC_101/ASIC_101/files/alu/pd/runs/rca-5ns/42-openroad-repairantennas/1-openroad-diodeinsertion/alu_top.odb'…
Reading design constraints file at '/nix/store/8y4m6wgn5kqlbig1qwnwbxijqqp0jwib-python3-3.13.9-env/lib/python3.13/site-packages/librelane/scripts/base.sdc'…
[INFO] Using clock clk…
[INFO] Setting output delay to: 1.0
[INFO] Setting input delay to: 1.0
[INFO] Setting load to: 0.033442
[INFO] Setting clock uncertainty to: 0.25
[INFO] Setting clock transition to: 0.1499999999999999944488848768742172978818416595458984375
[INFO] Setting timing derate to: 5.0%
[INFO ORD-0030] Using 4 thread(s).
+ detailed_route -droute_end_iter 64 -or_seed 42 -verbose 1 -output_drc /home/runner/work/ASIC_101/ASIC_101/files/alu/pd/runs/rca-5ns/44-openroad-detailedrouting/drt-run-0/alu_top.drc
[INFO DRT-0149] Reading tech and libs.
[WARNING DRT-0349] LEF58_ENCLOSURE with no CUTCLASS is not supported. Skipping for layer mcon
[WARNING DRT-0349] LEF58_ENCLOSURE with no CUTCLASS is not supported. Skipping for layer mcon
[WARNING DRT-0349] LEF58_ENCLOSURE with no CUTCLASS is not supported. Skipping for layer via
[WARNING DRT-0349] LEF58_ENCLOSURE with no CUTCLASS is not supported. Skipping for layer via
[WARNING DRT-0349] LEF58_ENCLOSURE with no CUTCLASS is not supported. Skipping for layer via2
[WARNING DRT-0349] LEF58_ENCLOSURE with no CUTCLASS is not supported. Skipping for layer via2
[WARNING DRT-0349] LEF58_ENCLOSURE with no CUTCLASS is not supported. Skipping for layer via3
[WARNING DRT-0349] LEF58_ENCLOSURE with no CUTCLASS is not supported. Skipping for layer via3
[WARNING DRT-0349] LEF58_ENCLOSURE with no CUTCLASS is not supported. Skipping for layer via4
[WARNING DRT-0349] LEF58_ENCLOSURE with no CUTCLASS is not supported. Skipping for layer via4

Units:                1000
Number of layers:     13
Number of macros:     445
Number of vias:       29
Number of viarulegen: 25

[INFO DRT-0150] Reading design.

Design:                   alu_top
Die area:                 ( 0 0 ) ( 110000 110000 )
Number of track patterns: 12
Number of DEF vias:       0
Number of components:     402
Number of terminals:      35
Number of snets:          2
Number of nets:           255

[INFO DRT-0167] List of default vias:
  Layer via
    default via: M1M2_PR
  Layer via2
    default via: M2M3_PR
  Layer via3
    default via: M3M4_PR
  Layer via4
    default via: M4M5_PR
[INFO DRT-0162] Library cell analysis.
[INFO DRT-0163] Instance analysis.
[INFO DRT-0164] Number of unique instances = 111.
[INFO DRT-0168] Init region query.
[INFO DRT-0024]   Complete FR_MASTERSLICE.
[INFO DRT-0024]   Complete licon.
[INFO DRT-0024]   Complete li1.
[INFO DRT-0024]   Complete mcon.
[INFO DRT-0024]   Complete met1.
[INFO DRT-0024]   Complete via.
[INFO DRT-0024]   Complete met2.
[INFO DRT-0024]   Complete via2.
[INFO DRT-0024]   Complete met3.
[INFO DRT-0024]   Complete via3.
[INFO DRT-0024]   Complete met4.
[INFO DRT-0024]   Complete via4.
[INFO DRT-0024]   Complete met5.
[INFO DRT-0033] FR_MASTERSLICE shape region query size = 0.
[INFO DRT-0033] licon shape region query size = 0.
[INFO DRT-0033] li1 shape region query size = 8253.
[INFO DRT-0033] mcon shape region query size = 0.
[INFO DRT-0033] met1 shape region query size = 1250.
[INFO DRT-0033] via shape region query size = 594.
[INFO DRT-0033] met2 shape region query size = 212.
[INFO DRT-0033] via2 shape region query size = 495.
[INFO DRT-0033] met3 shape region query size = 316.
[INFO DRT-0033] via3 shape region query size = 495.
[INFO DRT-0033] met4 shape region query size = 129.
[INFO DRT-0033] via4 shape region query size = 18.
[INFO DRT-0033] met5 shape region query size = 30.
[INFO DRT-0165] Start pin access.
[INFO DRT-0078]   Complete 823 pins.
[INFO DRT-0079]   Complete 100 unique inst patterns.
[INFO DRT-0081]   Complete 111 unique inst patterns.
[INFO DRT-0084]   Complete 185 groups.
#scanned instances     = 402
#unique  instances     = 111
#stdCellGenAp          = 3003
#stdCellValidPlanarAp  = 21
#stdCellValidViaAp     = 2267
#stdCellPinNoAp        = 0
#stdCellPinCnt         = 747
#instTermValidViaApCnt = 0
#macroGenAp            = 0
#macroValidPlanarAp    = 0
#macroValidViaAp       = 0
#macroNoAp             = 0
[INFO DRT-0166] Complete pin access.
[INFO DRT-0267] cpu time = 00:00:30, elapsed time = 00:00:07, memory = 131.36 (MB), peak = 184.48 (MB)

[INFO DRT-0157] Number of guides:     1712

[INFO DRT-0169] Post process guides.
[INFO DRT-0176] GCELLGRID X 0 DO 15 STEP 6900 ;
[INFO DRT-0177] GCELLGRID Y 0 DO 15 STEP 6900 ;
[INFO DRT-0028]   Complete FR_MASTERSLICE.
[INFO DRT-0028]   Complete licon.
[INFO DRT-0028]   Complete li1.
[INFO DRT-0028]   Complete mcon.
[INFO DRT-0028]   Complete met1.
[INFO DRT-0028]   Complete via.
[INFO DRT-0028]   Complete met2.
[INFO DRT-0028]   Complete via2.
[INFO DRT-0028]   Complete met3.
[INFO DRT-0028]   Complete via3.
[INFO DRT-0028]   Complete met4.
[INFO DRT-0028]   Complete via4.
[INFO DRT-0028]   Complete met5.
[INFO DRT-0178] Init guide query.
[INFO DRT-0035]   Complete FR_MASTERSLICE (guide).
[INFO DRT-0035]   Complete licon (guide).
[INFO DRT-0035]   Complete li1 (guide).
[INFO DRT-0035]   Complete mcon (guide).
[INFO DRT-0035]   Complete met1 (guide).
[INFO DRT-0035]   Complete via (guide).
[INFO DRT-0035]   Complete met2 (guide).
[INFO DRT-0035]   Complete via2 (guide).
[INFO DRT-0035]   Complete met3 (guide).
[INFO DRT-0035]   Complete via3 (guide).
[INFO DRT-0035]   Complete met4 (guide).
[INFO DRT-0035]   Complete via4 (guide).
[INFO DRT-0035]   Complete met5 (guide).
[INFO DRT-0036] FR_MASTERSLICE guide region query size = 0.
[INFO DRT-0036] licon guide region query size = 0.
[INFO DRT-0036] li1 guide region query size = 618.
[INFO DRT-0036] mcon guide region query size = 0.
[INFO DRT-0036] met1 guide region query size = 541.
[INFO DRT-0036] via guide region query size = 0.
[INFO DRT-0036] met2 guide region query size = 272.
[INFO DRT-0036] via2 guide region query size = 0.
[INFO DRT-0036] met3 guide region query size = 27.
[INFO DRT-0036] via3 guide region query size = 0.
[INFO DRT-0036] met4 guide region query size = 4.
[INFO DRT-0036] via4 guide region query size = 0.
[INFO DRT-0036] met5 guide region query size = 0.
[INFO DRT-0179] Init gr pin query.
[INFO DRT-0267] cpu time = 00:00:00, elapsed time = 00:00:00, memory = 132.05 (MB), peak = 184.48 (MB)
[INFO DRT-0245] skipped writing guide updates to database.
[INFO DRT-0185] Post process initialize RPin region query.
[INFO DRT-0181] Start track assignment.
[INFO DRT-0184] Done with 894 vertical wires in 1 frboxes and 568 horizontal wires in 1 frboxes.
[INFO DRT-0186] Done with 81 vertical wires in 1 frboxes and 111 horizontal wires in 1 frboxes.
[INFO DRT-0182] Complete track assignment.
[INFO DRT-0267] cpu time = 00:00:00, elapsed time = 00:00:00, memory = 135.49 (MB), peak = 184.48 (MB)
[INFO DRT-0187] Start routing data preparation.
[INFO DRT-0267] cpu time = 00:00:00, elapsed time = 00:00:00, memory = 135.49 (MB), peak = 184.48 (MB)
[INFO DRT-0194] Start detail routing.
[INFO DRT-0195] Start 0th optimization iteration.
    Completing 10% with 0 violations.
    elapsed time = 00:00:00, memory = 138.41 (MB).
    Completing 20% with 0 violations.
    elapsed time = 00:00:00, memory = 145.20 (MB).
    Completing 30% with 0 violations.
    elapsed time = 00:00:00, memory = 143.91 (MB).
    Completing 40% with 0 violations.
    elapsed time = 00:00:00, memory = 139.66 (MB).
    Completing 50% with 1 violations.
    elapsed time = 00:00:00, memory = 151.20 (MB).
    Completing 60% with 1 violations.
    elapsed time = 00:00:00, memory = 145.25 (MB).
    Completing 70% with 10 violations.
    elapsed time = 00:00:00, memory = 153.14 (MB).
    Completing 80% with 10 violations.
    elapsed time = 00:00:01, memory = 153.54 (MB).
    Completing 100% with 37 violations.
    elapsed time = 00:00:02, memory = 153.54 (MB).
[INFO DRT-0199]   Number of violations = 43.
Viol/Layer        met1   met2
Metal Spacing       20      1
Min Hole             1      0
Recheck              5      1
Short               12      3
[INFO DRT-0267] cpu time = 00:00:05, elapsed time = 00:00:02, memory = 499.94 (MB), peak = 499.46 (MB)
Total wire length = 5150 um.
Total wire length on LAYER li1 = 0 um.
Total wire length on LAYER met1 = 2356 um.
Total wire length on LAYER met2 = 2487 um.
Total wire length on LAYER met3 = 197 um.
Total wire length on LAYER met4 = 108 um.
Total wire length on LAYER met5 = 0 um.
Total number of vias = 1553.
Up-via summary (total 1553):

-----------------------
 FR_MASTERSLICE       0
            li1     755
           met1     762
           met2      28
           met3       8
           met4       0
-----------------------
               1553


[INFO DRT-0195] Start 1st optimization iteration.
    Completing 10% with 43 violations.
    elapsed time = 00:00:00, memory = 505.99 (MB).
    Completing 20% with 43 violations.
    elapsed time = 00:00:00, memory = 506.09 (MB).
    Completing 30% with 43 violations.
    elapsed time = 00:00:00, memory = 506.09 (MB).
    Completing 40% with 43 violations.
    elapsed time = 00:00:00, memory = 506.09 (MB).
    Completing 50% with 43 violations.
    elapsed time = 00:00:00, memory = 242.96 (MB).
    Completing 60% with 43 violations.
    elapsed time = 00:00:00, memory = 244.82 (MB).
    Completing 70% with 41 violations.
    elapsed time = 00:00:00, memory = 244.82 (MB).
    Completing 80% with 41 violations.
    elapsed time = 00:00:00, memory = 244.82 (MB).
    Completing 100% with 13 violations.
    elapsed time = 00:00:02, memory = 244.82 (MB).
[INFO DRT-0199]   Number of violations = 13.
Viol/Layer        met1   met2
Metal Spacing        5      2
Short                6      0
[INFO DRT-0267] cpu time = 00:00:04, elapsed time = 00:00:02, memory = 517.61 (MB), peak = 517.25 (MB)
Total wire length = 5090 um.
Total wire length on LAYER li1 = 0 um.
Total wire length on LAYER met1 = 2292 um.
Total wire length on LAYER met2 = 2466 um.
Total wire length on LAYER met3 = 222 um.
Total wire length on LAYER met4 = 109 um.
Total wire length on LAYER met5 = 0 um.
Total number of vias = 1527.
Up-via summary (total 1527):

-----------------------
 FR_MASTERSLICE       0
            li1     748
           met1     741
           met2      30
           met3       8
           met4       0
-----------------------
               1527


[INFO DRT-0195] Start 2nd optimization iteration.
    Completing 10% with 13 violations.
    elapsed time = 00:00:00, memory = 517.61 (MB).
    Completing 20% with 13 violations.
    elapsed time = 00:00:00, memory = 517.61 (MB).
    Completing 30% with 13 violations.
    elapsed time = 00:00:00, memory = 517.61 (MB).
    Completing 40% with 13 violations.
    elapsed time = 00:00:00, memory = 517.61 (MB).
    Completing 50% with 13 violations.
    elapsed time = 00:00:00, memory = 456.61 (MB).
    Completing 60% with 13 violations.
    elapsed time = 00:00:00, memory = 456.61 (MB).
    Completing 70% with 9 violations.
    elapsed time = 00:00:00, memory = 244.82 (MB).
    Completing 80% with 9 violations.
    elapsed time = 00:00:00, memory = 262.08 (MB).
    Completing 100% with 4 violations.
    elapsed time = 00:00:00, memory = 262.08 (MB).
[INFO DRT-0199]   Number of violations = 4.
Viol/Layer        met1
Short                4
[INFO DRT-0267] cpu time = 00:00:02, elapsed time = 00:00:01, memory = 534.78 (MB), peak = 534.41 (MB)
Total wire length = 5113 um.
Total wire length on LAYER li1 = 0 um.
Total wire length on LAYER met1 = 2281 um.
Total wire length on LAYER met2 = 2483 um.
Total wire length on LAYER met3 = 233 um.
Total wire length on LAYER met4 = 114 um.
Total wire length on LAYER met5 = 0 um.
Total number of vias = 1532.
Up-via summary (total 1532):

-----------------------
 FR_MASTERSLICE       0
            li1     748
           met1     741
           met2      35
           met3       8
           met4       0
-----------------------
               1532


[INFO DRT-0195] Start 3rd guides tiles iteration.
    Completing 50% with 4 violations.
    elapsed time = 00:00:00, memory = 534.84 (MB).
    Completing 100% with 0 violations.
    elapsed time = 00:00:00, memory = 534.84 (MB).
[INFO DRT-0199]   Number of violations = 0.
[INFO DRT-0267] cpu time = 00:00:00, elapsed time = 00:00:00, memory = 534.97 (MB), peak = 534.54 (MB)
Total wire length = 5117 um.
Total wire length on LAYER li1 = 0 um.
Total wire length on LAYER met1 = 2282 um.
Total wire length on LAYER met2 = 2485 um.
Total wire length on LAYER met3 = 233 um.
Total wire length on LAYER met4 = 114 um.
Total wire length on LAYER met5 = 0 um.
Total number of vias = 1537.
Up-via summary (total 1537):

-----------------------
 FR_MASTERSLICE       0
            li1     748
           met1     746
           met2      35
           met3       8
           met4       0
-----------------------
               1537


[INFO DRT-0198] Complete detail routing.
Total wire length = 5117 um.
Total wire length on LAYER li1 = 0 um.
Total wire length on LAYER met1 = 2282 um.
Total wire length on LAYER met2 = 2485 um.
Total wire length on LAYER met3 = 233 um.
Total wire length on LAYER met4 = 114 um.
Total wire length on LAYER met5 = 0 um.
Total number of vias = 1537.
Up-via summary (total 1537):

-----------------------
 FR_MASTERSLICE       0
            li1     748
           met1     746
           met2      35
           met3       8
           met4       0
-----------------------
               1537


[INFO DRT-0267] cpu time = 00:00:13, elapsed time = 00:00:06, memory = 535.09 (MB), peak = 534.66 (MB)

[INFO DRT-0180] Post processing.
+ check_antennas 
[INFO ANT-0002] Found 0 net violations.
[INFO ANT-0001] Found 0 pin violations.
Setting global connections for newly added cells…
[INFO] Setting global connections...
[INFO ODB-0403] 0 connections made, 0 conflicts skipped.
Updating metrics…
Cell type report:                       Count       Area
  Fill cell                                64     240.23
  Tap cell                                102     127.62
  Buffer                                    1       5.00
  Clock buffer                              7     140.13
  Timing Repair Buffer                     50     461.69
  Inverter                                  9      33.78
  Sequential cell                          30     645.62
  Multi-Input combinational cell          139    1406.35
  Total                                   402    3060.44
Writing OpenROAD database to '/home/runner/work/ASIC_101/ASIC_101/files/alu/pd/runs/rca-5ns/44-openroad-detailedrouting/alu_top.odb'…
Writing netlist to '/home/runner/work/ASIC_101/ASIC_101/files/alu/pd/runs/rca-5ns/44-openroad-detailedrouting/alu_top.nl.v'…
Writing powered netlist to '/home/runner/work/ASIC_101/ASIC_101/files/alu/pd/runs/rca-5ns/44-openroad-detailedrouting/alu_top.pnl.v'…
Writing layout to '/home/runner/work/ASIC_101/ASIC_101/files/alu/pd/runs/rca-5ns/44-openroad-detailedrouting/alu_top.def'…
Writing timing constraints to '/home/runner/work/ASIC_101/ASIC_101/files/alu/pd/runs/rca-5ns/44-openroad-detailedrouting/alu_top.sdc'…
