
===========================================================================
report_checks -unconstrained
===========================================================================
======================= min_ff_n40C_1v95 Corner ===================================

Startpoint: _325_ (rising edge-triggered flip-flop clocked by clk)
Endpoint: _305_ (rising edge-triggered flip-flop clocked by clk)
Path Group: clk
Path Type: max

Fanout         Cap        Slew       Delay        Time   Description
---------------------------------------------------------------------------------------------
                                  0.000000    0.000000   clock clk (rise edge)
                                  0.000000    0.000000   clock source latency
     1    0.016959    0.061627    0.044008    0.044008 ^ clk (in)
                                                         clk (net)
                      0.061633    0.000000    0.044008 ^ clkbuf_0_clk/A (sky130_fd_sc_hd__clkbuf_16)
     4    0.040097    0.045363    0.111038    0.155046 ^ clkbuf_0_clk/X (sky130_fd_sc_hd__clkbuf_16)
                                                         clknet_0_clk (net)
                      0.045367    0.000415    0.155461 ^ clkbuf_2_0__f_clk/A (sky130_fd_sc_hd__clkbuf_16)
     8    0.026750    0.035807    0.097796    0.253256 ^ clkbuf_2_0__f_clk/X (sky130_fd_sc_hd__clkbuf_16)
                                                         clknet_2_0__leaf_clk (net)
                      0.035822    0.000695    0.253952 ^ _325_/CLK (sky130_fd_sc_hd__dfxtp_4)
     2    0.005447    0.024552    0.221596    0.475547 v _325_/Q (sky130_fd_sc_hd__dfxtp_4)
                                                         op_q[2] (net)
                      0.024552    0.000050    0.475597 v _201_/A (sky130_fd_sc_hd__or3b_4)
     4    0.034252    0.079752    0.294606    0.770203 v _201_/X (sky130_fd_sc_hd__or3b_4)
                                                         _125_ (net)
                      0.079756    0.000744    0.770947 v _224_/A (sky130_fd_sc_hd__xnor2_4)
     4    0.010402    0.044933    0.122497    0.893444 v _224_/Y (sky130_fd_sc_hd__xnor2_4)
                                                         _030_ (net)
                      0.044933    0.000091    0.893535 v _225_/B (sky130_fd_sc_hd__or2_4)
     4    0.016542    0.045467    0.168395    1.061930 v _225_/X (sky130_fd_sc_hd__or2_4)
                                                         _031_ (net)
                      0.045468    0.000290    1.062220 v _230_/A3 (sky130_fd_sc_hd__a311o_2)
     2    0.007331    0.047954    0.261864    1.324084 v _230_/X (sky130_fd_sc_hd__a311o_2)
                                                         _036_ (net)
                      0.047954    0.000165    1.324249 v _233_/A1 (sky130_fd_sc_hd__a311o_2)
     3    0.013759    0.060447    0.234743    1.558992 v _233_/X (sky130_fd_sc_hd__a311o_2)
                                                         _039_ (net)
                      0.060447    0.000295    1.559286 v _234_/A1 (sky130_fd_sc_hd__a31o_4)
     2    0.013598    0.035906    0.166784    1.726071 v _234_/X (sky130_fd_sc_hd__a31o_4)
                                                         _040_ (net)
                      0.035907    0.000282    1.726353 v _164_/A (sky130_fd_sc_hd__xnor2_2)
     1    0.002873    0.029922    0.088649    1.815001 v _164_/Y (sky130_fd_sc_hd__xnor2_2)
                                                         _109_ (net)
                      0.029922    0.000032    1.815033 v _170_/A2 (sky130_fd_sc_hd__a21o_2)
     2    0.011588    0.040819    0.156991    1.972024 v _170_/X (sky130_fd_sc_hd__a21o_2)
                                                         _115_ (net)
                      0.040819    0.000168    1.972192 v _174_/A2 (sky130_fd_sc_hd__a2111oi_4)
     1    0.003152    0.169549    0.232312    2.204504 ^ _174_/Y (sky130_fd_sc_hd__a2111oi_4)
                                                         _009_ (net)
                      0.169549    0.000044    2.204548 ^ _305_/D (sky130_fd_sc_hd__dfxtp_2)
                                              2.204548   data arrival time

                                  5.000000    5.000000   clock clk (rise edge)
                                  0.000000    5.000000   clock source latency
     1    0.016959    0.061627    0.039817    5.039817 ^ clk (in)
                                                         clk (net)
                      0.061633    0.000000    5.039817 ^ clkbuf_0_clk/A (sky130_fd_sc_hd__clkbuf_16)
     4    0.040097    0.045363    0.100463    5.140280 ^ clkbuf_0_clk/X (sky130_fd_sc_hd__clkbuf_16)
                                                         clknet_0_clk (net)
                      0.045365    0.000324    5.140604 ^ clkbuf_2_3__f_clk/A (sky130_fd_sc_hd__clkbuf_16)
     8    0.024843    0.034460    0.087283    5.227887 ^ clkbuf_2_3__f_clk/X (sky130_fd_sc_hd__clkbuf_16)
                                                         clknet_2_3__leaf_clk (net)
                      0.034464    0.000380    5.228266 ^ _305_/CLK (sky130_fd_sc_hd__dfxtp_2)
                                 -0.250000    4.978266   clock uncertainty
                                  0.014766    4.993033   clock reconvergence pessimism
                                 -0.044814    4.948219   library setup time
                                              4.948219   data required time
---------------------------------------------------------------------------------------------
                                              4.948219   data required time
                                             -2.204548   data arrival time
---------------------------------------------------------------------------------------------
                                              2.743671   slack (MET)




===========================================================================
report_checks --slack_max -0.01
============================================================================
======================= min_ff_n40C_1v95 Corner ===================================

No paths found.


===========================================================================
 report_check_types -max_slew -max_cap -max_fanout -violators
============================================================================
======================= min_ff_n40C_1v95 Corner ===================================



===========================================================================
report_parasitic_annotation -report_unannotated
============================================================================
Found 2 unannotated drivers.
 clkload0/X
 clkload1/X
Found 0 partially unannotated drivers.

===========================================================================
max slew violation count 0
max fanout violation count 0
max cap violation count 0
============================================================================

===========================================================================
check_setup -verbose -unconstrained_endpoints -multiple_clock -no_clock -no_input_delay -loops -generated_clocks
===========================================================================
