Clock: clk
Sources: clk 
Generated: no
Virtual: yes
Propagated: no
Period: 5.000000

===========================================================================
report_clock_properties
============================================================================
Clock                   Period          Waveform
----------------------------------------------------
clk                   5.000000    0.000000  2.500000

===========================================================================
report_clock_latency
============================================================================
Clock clk
rise -> rise
    min     max
0.000000 0.000000 source latency
0.228171         network latency _306_/CLK
        0.255763 network latency _311_/CLK
---------------
0.228171 0.255763 latency
        0.027591 skew

fall -> fall
    min     max
0.000000 0.000000 source latency
0.213201         network latency _306_/CLK
        0.238751 network latency _311_/CLK
---------------
0.213201 0.238751 latency
        0.025551 skew



===========================================================================
report_clock_min_period
============================================================================
clk period_min = 2.26 fmax = 443.20
