Clock: clk
Sources: clk 
Generated: no
Virtual: yes
Propagated: no
Period: 10.000000

===========================================================================
report_clock_properties
============================================================================
Clock                   Period          Waveform
----------------------------------------------------
clk                  10.000000    0.000000  5.000000

===========================================================================
report_clock_latency
============================================================================
Clock clk
rise -> rise
    min     max
0.000000 0.000000 source latency
0.328554         network latency _322_/CLK
        0.370178 network latency _320_/CLK
---------------
0.328554 0.370178 latency
        0.041624 skew

fall -> fall
    min     max
0.000000 0.000000 source latency
0.312546         network latency _322_/CLK
        0.351647 network latency _320_/CLK
---------------
0.312546 0.351647 latency
        0.039102 skew



===========================================================================
report_clock_min_period
============================================================================
clk period_min = 4.00 fmax = 249.85
