
===========================================================================
report_checks -unconstrained
===========================================================================
======================= nom_tt_025C_1v80 Corner ===================================

Startpoint: _325_ (rising edge-triggered flip-flop clocked by clk)
Endpoint: _305_ (rising edge-triggered flip-flop clocked by clk)
Path Group: clk
Path Type: max

Fanout         Cap        Slew       Delay        Time   Description
---------------------------------------------------------------------------------------------
                                  0.000000    0.000000   clock clk (rise edge)
                                  0.000000    0.000000   clock source latency
     1    0.017630    0.085163    0.061381    0.061381 ^ clk (in)
                                                         clk (net)
                      0.085172    0.000000    0.061381 ^ clkbuf_0_clk/A (sky130_fd_sc_hd__clkbuf_16)
     4    0.040560    0.060269    0.164680    0.226061 ^ clkbuf_0_clk/X (sky130_fd_sc_hd__clkbuf_16)
                                                         clknet_0_clk (net)
                      0.060288    0.001000    0.227061 ^ clkbuf_2_0__f_clk/A (sky130_fd_sc_hd__clkbuf_16)
     8    0.027173    0.048258    0.144364    0.371424 ^ clkbuf_2_0__f_clk/X (sky130_fd_sc_hd__clkbuf_16)
                                                         clknet_2_0__leaf_clk (net)
                      0.048314    0.001250    0.372674 ^ _325_/CLK (sky130_fd_sc_hd__dfxtp_4)
     2    0.005512    0.032801    0.349153    0.721827 v _325_/Q (sky130_fd_sc_hd__dfxtp_4)
                                                         op_q[2] (net)
                      0.032801    0.000131    0.721958 v _201_/A (sky130_fd_sc_hd__or3b_4)
     4    0.034709    0.114128    0.478068    1.200026 v _201_/X (sky130_fd_sc_hd__or3b_4)
                                                         _125_ (net)
                      0.114144    0.001438    1.201464 v _224_/A (sky130_fd_sc_hd__xnor2_4)
     4    0.010524    0.060952    0.182291    1.383755 v _224_/Y (sky130_fd_sc_hd__xnor2_4)
                                                         _030_ (net)
                      0.060953    0.000244    1.383999 v _225_/B (sky130_fd_sc_hd__or2_4)
     4    0.016263    0.063650    0.269828    1.653827 v _225_/X (sky130_fd_sc_hd__or2_4)
                                                         _031_ (net)
                      0.063650    0.000446    1.654273 v _230_/A3 (sky130_fd_sc_hd__a311o_2)
     2    0.007943    0.067443    0.427132    2.081404 v _230_/X (sky130_fd_sc_hd__a311o_2)
                                                         _036_ (net)
                      0.067443    0.000300    2.081704 v _233_/A1 (sky130_fd_sc_hd__a311o_2)
     3    0.014426    0.084247    0.380509    2.462213 v _233_/X (sky130_fd_sc_hd__a311o_2)
                                                         _039_ (net)
                      0.084247    0.000562    2.462775 v _234_/A1 (sky130_fd_sc_hd__a31o_4)
     2    0.013735    0.048114    0.258090    2.720865 v _234_/X (sky130_fd_sc_hd__a31o_4)
                                                         _040_ (net)
                      0.048120    0.000568    2.721433 v _164_/A (sky130_fd_sc_hd__xnor2_2)
     1    0.002944    0.043380    0.131518    2.852951 v _164_/Y (sky130_fd_sc_hd__xnor2_2)
                                                         _109_ (net)
                      0.043380    0.000094    2.853045 v _170_/A2 (sky130_fd_sc_hd__a21o_2)
     2    0.011687    0.055910    0.244597    3.097641 v _170_/X (sky130_fd_sc_hd__a21o_2)
                                                         _115_ (net)
                      0.055911    0.000404    3.098045 v _174_/A2 (sky130_fd_sc_hd__a2111oi_4)
     1    0.003208    0.231481    0.345124    3.443170 ^ _174_/Y (sky130_fd_sc_hd__a2111oi_4)
                                                         _009_ (net)
                      0.231481    0.000105    3.443275 ^ _305_/D (sky130_fd_sc_hd__dfxtp_2)
                                              3.443275   data arrival time

                                  3.000000    3.000000   clock clk (rise edge)
                                  0.000000    3.000000   clock source latency
     1    0.017630    0.085163    0.055535    3.055535 ^ clk (in)
                                                         clk (net)
                      0.085172    0.000000    3.055535 ^ clkbuf_0_clk/A (sky130_fd_sc_hd__clkbuf_16)
     4    0.040560    0.060269    0.148996    3.204531 ^ clkbuf_0_clk/X (sky130_fd_sc_hd__clkbuf_16)
                                                         clknet_0_clk (net)
                      0.060282    0.000780    3.205311 ^ clkbuf_2_3__f_clk/A (sky130_fd_sc_hd__clkbuf_16)
     8    0.025138    0.046423    0.128889    3.334200 ^ clkbuf_2_3__f_clk/X (sky130_fd_sc_hd__clkbuf_16)
                                                         clknet_2_3__leaf_clk (net)
                      0.046433    0.000657    3.334857 ^ _305_/CLK (sky130_fd_sc_hd__dfxtp_2)
                                 -0.250000    3.084857   clock uncertainty
                                  0.021530    3.106387   clock reconvergence pessimism
                                 -0.102599    3.003788   library setup time
                                              3.003788   data required time
---------------------------------------------------------------------------------------------
                                              3.003788   data required time
                                             -3.443275   data arrival time
---------------------------------------------------------------------------------------------
                                             -0.439487   slack (VIOLATED)




===========================================================================
report_checks --slack_max -0.01
============================================================================
======================= nom_tt_025C_1v80 Corner ===================================

Startpoint: _325_ (rising edge-triggered flip-flop clocked by clk)
Endpoint: _305_ (rising edge-triggered flip-flop clocked by clk)
Path Group: clk
Path Type: max

Fanout         Cap        Slew       Delay        Time   Description
---------------------------------------------------------------------------------------------
                                  0.000000    0.000000   clock clk (rise edge)
                                  0.000000    0.000000   clock source latency
     1    0.017630    0.085163    0.061381    0.061381 ^ clk (in)
                                                         clk (net)
                      0.085172    0.000000    0.061381 ^ clkbuf_0_clk/A (sky130_fd_sc_hd__clkbuf_16)
     4    0.040560    0.060269    0.164680    0.226061 ^ clkbuf_0_clk/X (sky130_fd_sc_hd__clkbuf_16)
                                                         clknet_0_clk (net)
                      0.060288    0.001000    0.227061 ^ clkbuf_2_0__f_clk/A (sky130_fd_sc_hd__clkbuf_16)
     8    0.027173    0.048258    0.144364    0.371424 ^ clkbuf_2_0__f_clk/X (sky130_fd_sc_hd__clkbuf_16)
                                                         clknet_2_0__leaf_clk (net)
                      0.048314    0.001250    0.372674 ^ _325_/CLK (sky130_fd_sc_hd__dfxtp_4)
     2    0.005512    0.032801    0.349153    0.721827 v _325_/Q (sky130_fd_sc_hd__dfxtp_4)
                                                         op_q[2] (net)
                      0.032801    0.000131    0.721958 v _201_/A (sky130_fd_sc_hd__or3b_4)
     4    0.034709    0.114128    0.478068    1.200026 v _201_/X (sky130_fd_sc_hd__or3b_4)
                                                         _125_ (net)
                      0.114144    0.001438    1.201464 v _224_/A (sky130_fd_sc_hd__xnor2_4)
     4    0.010524    0.060952    0.182291    1.383755 v _224_/Y (sky130_fd_sc_hd__xnor2_4)
                                                         _030_ (net)
                      0.060953    0.000244    1.383999 v _225_/B (sky130_fd_sc_hd__or2_4)
     4    0.016263    0.063650    0.269828    1.653827 v _225_/X (sky130_fd_sc_hd__or2_4)
                                                         _031_ (net)
                      0.063650    0.000446    1.654273 v _230_/A3 (sky130_fd_sc_hd__a311o_2)
     2    0.007943    0.067443    0.427132    2.081404 v _230_/X (sky130_fd_sc_hd__a311o_2)
                                                         _036_ (net)
                      0.067443    0.000300    2.081704 v _233_/A1 (sky130_fd_sc_hd__a311o_2)
     3    0.014426    0.084247    0.380509    2.462213 v _233_/X (sky130_fd_sc_hd__a311o_2)
                                                         _039_ (net)
                      0.084247    0.000562    2.462775 v _234_/A1 (sky130_fd_sc_hd__a31o_4)
     2    0.013735    0.048114    0.258090    2.720865 v _234_/X (sky130_fd_sc_hd__a31o_4)
                                                         _040_ (net)
                      0.048120    0.000568    2.721433 v _164_/A (sky130_fd_sc_hd__xnor2_2)
     1    0.002944    0.043380    0.131518    2.852951 v _164_/Y (sky130_fd_sc_hd__xnor2_2)
                                                         _109_ (net)
                      0.043380    0.000094    2.853045 v _170_/A2 (sky130_fd_sc_hd__a21o_2)
     2    0.011687    0.055910    0.244597    3.097641 v _170_/X (sky130_fd_sc_hd__a21o_2)
                                                         _115_ (net)
                      0.055911    0.000404    3.098045 v _174_/A2 (sky130_fd_sc_hd__a2111oi_4)
     1    0.003208    0.231481    0.345124    3.443170 ^ _174_/Y (sky130_fd_sc_hd__a2111oi_4)
                                                         _009_ (net)
                      0.231481    0.000105    3.443275 ^ _305_/D (sky130_fd_sc_hd__dfxtp_2)
                                              3.443275   data arrival time

                                  3.000000    3.000000   clock clk (rise edge)
                                  0.000000    3.000000   clock source latency
     1    0.017630    0.085163    0.055535    3.055535 ^ clk (in)
                                                         clk (net)
                      0.085172    0.000000    3.055535 ^ clkbuf_0_clk/A (sky130_fd_sc_hd__clkbuf_16)
     4    0.040560    0.060269    0.148996    3.204531 ^ clkbuf_0_clk/X (sky130_fd_sc_hd__clkbuf_16)
                                                         clknet_0_clk (net)
                      0.060282    0.000780    3.205311 ^ clkbuf_2_3__f_clk/A (sky130_fd_sc_hd__clkbuf_16)
     8    0.025138    0.046423    0.128889    3.334200 ^ clkbuf_2_3__f_clk/X (sky130_fd_sc_hd__clkbuf_16)
                                                         clknet_2_3__leaf_clk (net)
                      0.046433    0.000657    3.334857 ^ _305_/CLK (sky130_fd_sc_hd__dfxtp_2)
                                 -0.250000    3.084857   clock uncertainty
                                  0.021530    3.106387   clock reconvergence pessimism
                                 -0.102599    3.003788   library setup time
                                              3.003788   data required time
---------------------------------------------------------------------------------------------
                                              3.003788   data required time
                                             -3.443275   data arrival time
---------------------------------------------------------------------------------------------
                                             -0.439487   slack (VIOLATED)




===========================================================================
 report_check_types -max_slew -max_cap -max_fanout -violators
============================================================================
======================= nom_tt_025C_1v80 Corner ===================================



===========================================================================
report_parasitic_annotation -report_unannotated
============================================================================
Found 2 unannotated drivers.
 clkload0/X
 clkload1/X
Found 0 partially unannotated drivers.

===========================================================================
max slew violation count 0
max fanout violation count 0
max cap violation count 0
============================================================================

===========================================================================
check_setup -verbose -unconstrained_endpoints -multiple_clock -no_clock -no_input_delay -loops -generated_clocks
===========================================================================
