Clock: clk
Sources: clk 
Generated: no
Virtual: yes
Propagated: no
Period: 3.000000

===========================================================================
report_clock_properties
============================================================================
Clock                   Period          Waveform
----------------------------------------------------
clk                   3.000000    0.000000  1.500000

===========================================================================
report_clock_latency
============================================================================
Clock clk
rise -> rise
    min     max
0.000000 0.000000 source latency
0.334744         network latency _306_/CLK
        0.374631 network latency _311_/CLK
---------------
0.334744 0.374631 latency
        0.039887 skew

fall -> fall
    min     max
0.000000 0.000000 source latency
0.316502         network latency _306_/CLK
        0.354079 network latency _311_/CLK
---------------
0.316502 0.354079 latency
        0.037577 skew



===========================================================================
report_clock_min_period
============================================================================
clk period_min = 3.44 fmax = 290.74
