
===========================================================================
 report_power
============================================================================
======================= nom_tt_025C_1v80 Corner ===================================

Group                    Internal    Switching      Leakage        Total
                            Power        Power        Power        Power (Watts)
------------------------------------------------------------------------
Sequential           4.334750e-04 2.282251e-05 2.589371e-10 4.562978e-04  34.5%
Combinational        2.060628e-04 1.783877e-04 1.025073e-09 3.844515e-04  29.1%
Clock                3.196735e-04 1.611563e-04 4.026935e-09 4.808338e-04  36.4%
Macro                0.000000e+00 0.000000e+00 0.000000e+00 0.000000e+00   0.0%
Pad                  0.000000e+00 0.000000e+00 0.000000e+00 0.000000e+00   0.0%
------------------------------------------------------------------------
Total                9.592112e-04 3.623665e-04 5.310946e-09 1.321583e-03 100.0%
                            72.6%        27.4%         0.0%

