
===========================================================================
report_checks -unconstrained
===========================================================================
======================= nom_tt_025C_1v80 Corner ===================================

Startpoint: _319_ (rising edge-triggered flip-flop clocked by clk)
Endpoint: _300_ (rising edge-triggered flip-flop clocked by clk)
Path Group: clk
Path Type: max

Fanout         Cap        Slew       Delay        Time   Description
---------------------------------------------------------------------------------------------
                                  0.000000    0.000000   clock clk (rise edge)
                                  0.000000    0.000000   clock source latency
     1    0.016543    0.080354    0.058001    0.058001 ^ clk (in)
                                                         clk (net)
                      0.080378    0.000000    0.058001 ^ clkbuf_0_clk/A (sky130_fd_sc_hd__clkbuf_16)
     4    0.039276    0.059106    0.161765    0.219765 ^ clkbuf_0_clk/X (sky130_fd_sc_hd__clkbuf_16)
                                                         clknet_0_clk (net)
                      0.059133    0.001155    0.220921 ^ clkbuf_2_2__f_clk/A (sky130_fd_sc_hd__clkbuf_16)
     8    0.026078    0.047299    0.142971    0.363892 ^ clkbuf_2_2__f_clk/X (sky130_fd_sc_hd__clkbuf_16)
                                                         clknet_2_2__leaf_clk (net)
                      0.047314    0.000807    0.364699 ^ _319_/CLK (sky130_fd_sc_hd__dfxtp_2)
     2    0.008195    0.034606    0.333819    0.698518 v _319_/Q (sky130_fd_sc_hd__dfxtp_2)
                                                         op_q[2] (net)
                      0.034606    0.000168    0.698686 v fanout34/A (sky130_fd_sc_hd__buf_6)
     2    0.005628    0.022127    0.110814    0.809499 v fanout34/X (sky130_fd_sc_hd__buf_6)
                                                         net34 (net)
                      0.022127    0.000134    0.809633 v _225_/A (sky130_fd_sc_hd__or3b_4)
     2    0.011960    0.079742    0.422207    1.231840 v _225_/X (sky130_fd_sc_hd__or3b_4)
                                                         _127_ (net)
                      0.079742    0.000378    1.232218 v max_cap33/A (sky130_fd_sc_hd__buf_12)
     5    0.041496    0.039342    0.159513    1.391731 v max_cap33/X (sky130_fd_sc_hd__buf_12)
                                                         net33 (net)
                      0.039576    0.002712    1.394444 v _235_/B (sky130_fd_sc_hd__xnor2_4)
     3    0.022147    0.216277    0.214239    1.608683 ^ _235_/Y (sky130_fd_sc_hd__xnor2_4)
                                                         _137_ (net)
                      0.216277    0.000554    1.609236 ^ _236_/B (sky130_fd_sc_hd__nand2_4)
     6    0.032121    0.101492    0.127590    1.736827 v _236_/Y (sky130_fd_sc_hd__nand2_4)
                                                         _138_ (net)
                      0.101510    0.001175    1.738001 v _242_/A2 (sky130_fd_sc_hd__a311o_2)
     4    0.021757    0.100842    0.466823    2.204824 v _242_/X (sky130_fd_sc_hd__a311o_2)
                                                         _144_ (net)
                      0.100861    0.001464    2.206288 v _290_/C (sky130_fd_sc_hd__and3_4)
     1    0.002748    0.030591    0.204285    2.410573 v _290_/X (sky130_fd_sc_hd__and3_4)
                                                         _071_ (net)
                      0.030591    0.000083    2.410657 v _292_/C (sky130_fd_sc_hd__or3_4)
     1    0.007129    0.070059    0.343304    2.753961 v _292_/X (sky130_fd_sc_hd__or3_4)
                                                         _073_ (net)
                      0.070059    0.000281    2.754242 v _297_/A1_N (sky130_fd_sc_hd__o2bb2a_4)
     2    0.005501    0.036937    0.208972    2.963214 ^ _297_/X (sky130_fd_sc_hd__o2bb2a_4)
                                                         _078_ (net)
                      0.036937    0.000141    2.963356 ^ _178_/B_N (sky130_fd_sc_hd__and4bb_2)
     1    0.008554    0.055102    0.258788    3.222144 v _178_/X (sky130_fd_sc_hd__and4bb_2)
                                                         _108_ (net)
                      0.055104    0.000471    3.222615 v _189_/A1 (sky130_fd_sc_hd__a41o_2)
     1    0.003296    0.038571    0.220693    3.443308 v _189_/X (sky130_fd_sc_hd__a41o_2)
                                                         _002_ (net)
                      0.038571    0.000116    3.443424 v _300_/D (sky130_fd_sc_hd__dfxtp_2)
                                              3.443424   data arrival time

                                  4.000000    4.000000   clock clk (rise edge)
                                  0.000000    4.000000   clock source latency
     1    0.016543    0.080354    0.052477    4.052477 ^ clk (in)
                                                         clk (net)
                      0.080378    0.000000    4.052477 ^ clkbuf_0_clk/A (sky130_fd_sc_hd__clkbuf_16)
     4    0.039276    0.059106    0.146358    4.198835 ^ clkbuf_0_clk/X (sky130_fd_sc_hd__clkbuf_16)
                                                         clknet_0_clk (net)
                      0.059135    0.001078    4.199913 ^ clkbuf_2_3__f_clk/A (sky130_fd_sc_hd__clkbuf_16)
     8    0.025964    0.047226    0.129035    4.328948 ^ clkbuf_2_3__f_clk/X (sky130_fd_sc_hd__clkbuf_16)
                                                         clknet_2_3__leaf_clk (net)
                      0.047278    0.001289    4.330237 ^ _300_/CLK (sky130_fd_sc_hd__dfxtp_2)
                                 -0.250000    4.080237   clock uncertainty
                                  0.020930    4.101167   clock reconvergence pessimism
                                 -0.109547    3.991621   library setup time
                                              3.991621   data required time
---------------------------------------------------------------------------------------------
                                              3.991621   data required time
                                             -3.443424   data arrival time
---------------------------------------------------------------------------------------------
                                              0.548196   slack (MET)




===========================================================================
report_checks --slack_max -0.01
============================================================================
======================= nom_tt_025C_1v80 Corner ===================================

No paths found.


===========================================================================
 report_check_types -max_slew -max_cap -max_fanout -violators
============================================================================
======================= nom_tt_025C_1v80 Corner ===================================



===========================================================================
report_parasitic_annotation -report_unannotated
============================================================================
Found 2 unannotated drivers.
 clkload0/X
 clkload1/X
Found 0 partially unannotated drivers.

===========================================================================
max slew violation count 0
max fanout violation count 0
max cap violation count 0
============================================================================

===========================================================================
check_setup -verbose -unconstrained_endpoints -multiple_clock -no_clock -no_input_delay -loops -generated_clocks
===========================================================================
