Clock: clk
Sources: clk 
Generated: no
Virtual: yes
Propagated: no
Period: 4.000000

===========================================================================
report_clock_properties
============================================================================
Clock                   Period          Waveform
----------------------------------------------------
clk                   4.000000    0.000000  2.000000

===========================================================================
report_clock_latency
============================================================================
Clock clk
rise -> rise
    min     max
0.000000 0.000000 source latency
0.329547         network latency _299_/CLK
        0.368384 network latency _324_/CLK
---------------
0.329547 0.368384 latency
        0.038837 skew

fall -> fall
    min     max
0.000000 0.000000 source latency
0.313717         network latency _299_/CLK
        0.350570 network latency _324_/CLK
---------------
0.313717 0.350570 latency
        0.036854 skew



===========================================================================
report_clock_min_period
============================================================================
clk period_min = 3.45 fmax = 289.70
