Reading timing models for corner nom_tt_025C_1v80…
Reading timing library for the 'nom_tt_025C_1v80' corner at '/home/runner/.ciel/ciel/sky130/versions/8afc8346a57fe1ab7934ba5a6056ea8b43078e71/sky130A/libs.ref/sky130_fd_sc_hd/lib/sky130_fd_sc_hd__tt_025C_1v80.lib'…
Reading OpenROAD database at '/home/runner/work/ASIC_101/ASIC_101/files/alu/pd/runs/cla-10ns/25-openroad-ioplacement/alu_top.odb'…
Reading design constraints file at '/nix/store/8y4m6wgn5kqlbig1qwnwbxijqqp0jwib-python3-3.13.9-env/lib/python3.13/site-packages/librelane/scripts/base.sdc'…
[INFO] Using clock clk…
[INFO] Setting output delay to: 2.0
[INFO] Setting input delay to: 2.0
[INFO] Setting load to: 0.033442
[INFO] Setting clock uncertainty to: 0.25
[INFO] Setting clock transition to: 0.1499999999999999944488848768742172978818416595458984375
[INFO] Setting timing derate to: 5.0%
[INFO] Setting signal min routing layer to: met1 and clock min routing layer to met1. 
[INFO] Setting signal max routing layer to: met5 and clock max routing layer to met5. 
+ global_placement -density 0.45 -routability_driven -pad_right 0 -pad_left 0 -init_wirelength_coef 0.25
[INFO GPL-0001] ---- Initialize GPL Main Data Structures
[INFO GPL-0002] DBU: 1000
[INFO GPL-0003] SiteSize: (  0.460  2.720 ) um
[INFO GPL-0004] CoreBBox: ( 10.120 10.880 ) ( 99.820 97.920 ) um
[INFO GPL-0036] Movable instances area:       1858.032 um^2
[INFO GPL-0037] Total instances area:         2225.885 um^2
[INFO GPL-0035] Pin density area adjust:       288.084 um^2
[INFO GPL-0032] ---- Initialize Region: Top-level
[INFO GPL-0006] Number of instances:               344
[INFO GPL-0007] Movable instances:                 178
[INFO GPL-0008] Fixed instances:                   166
[INFO GPL-0009] Dummy instances:                     0
[INFO GPL-0010] Number of nets:                    199
[INFO GPL-0011] Number of pins:                    659
[INFO GPL-0012] Die BBox:  (  0.000  0.000 ) ( 110.000 110.000 ) um
[INFO GPL-0013] Core BBox: ( 10.120 10.880 ) ( 99.820 97.920 ) um
[INFO GPL-0016] Core area:                    7807.488 um^2
[INFO GPL-0014] Region name: top-level.
[INFO GPL-0015] Region area:                  7807.488 um^2
[INFO GPL-0017] Fixed instances area:          367.853 um^2
[INFO GPL-0018] Movable instances area:       2146.116 um^2
[INFO GPL-0019] Utilization:                    28.847 %
[INFO GPL-0020] Standard cells area:          2146.116 um^2
[INFO GPL-0021] Large instances area:            0.000 um^2
[INFO GPL-0005] ---- Execute Conjugate Gradient Initial Placement.
[INFO GPL-0051] Source of initial instance position counters:
	Odb location = 178	Core center = 0	Region center = 0
[InitialPlace]  Iter: 1 conjugate gradient residual: 0.00000009 HPWL: 4726410
[InitialPlace]  Iter: 2 conjugate gradient residual: 0.00000007 HPWL: 4178074
[InitialPlace]  Iter: 3 conjugate gradient residual: 0.00000010 HPWL: 3965076
[InitialPlace]  Iter: 4 conjugate gradient residual: 0.00000011 HPWL: 3866422
[InitialPlace]  Iter: 5 conjugate gradient residual: 0.00000011 HPWL: 3809371
[INFO GPL-0033] ---- Initialize Nesterov Region: Top-level
[INFO GPL-0023] Placement target density:       0.4500
[INFO GPL-0024] Movable insts average area:     12.057 um^2
[INFO GPL-0025] Ideal bin area:                 26.793 um^2
[INFO GPL-0026] Ideal bin count:                   291
[INFO GPL-0027] Total bin area:               7807.488 um^2
[INFO GPL-0028] Bin count (X, Y):          16 ,     16
[INFO GPL-0029] Bin size (W * H):       5.606 *  5.440 um
[INFO GPL-0030] Number of bins:                    256
[INFO GPL-0007] ---- Execute Nesterov Global Placement.
[INFO GPL-0031] HPWL: Half-Perimeter Wirelength
Iteration | Overflow |     HPWL (um) |  HPWL(%) |   Penalty | Group
---------------------------------------------------------------
        0 |   0.6108 |  2.457818e+03 |   +0.00% |  2.45e-13 |      
[INFO GPL-0038] Routability snapshot saved at iter = 2
        1 |   0.5681 |  2.464096e+03 |          |           |      
       10 |   0.5120 |  2.613819e+03 |   +6.35% |  3.99e-13 |      
       20 |   0.5109 |  2.607059e+03 |   -0.26% |  6.50e-13 |      
       30 |   0.5137 |  2.608918e+03 |   +0.07% |  1.06e-12 |      
       40 |   0.5142 |  2.609532e+03 |   +0.02% |  1.73e-12 |      
       50 |   0.5132 |  2.609027e+03 |   -0.02% |  2.81e-12 |      
       60 |   0.5120 |  2.608657e+03 |   -0.01% |  4.58e-12 |      
       70 |   0.5120 |  2.609051e+03 |   +0.02% |  7.46e-12 |      
       80 |   0.5123 |  2.609919e+03 |   +0.03% |  1.21e-11 |      
       90 |   0.5123 |  2.610991e+03 |   +0.04% |  1.98e-11 |      
      100 |   0.5115 |  2.612368e+03 |   +0.05% |  3.22e-11 |      
      110 |   0.5104 |  2.614706e+03 |   +0.09% |  5.25e-11 |      
      120 |   0.5092 |  2.618864e+03 |   +0.16% |  8.55e-11 |      
      130 |   0.5073 |  2.624959e+03 |   +0.23% |  1.39e-10 |      
      140 |   0.5043 |  2.630911e+03 |   +0.23% |  2.27e-10 |      
      150 |   0.4998 |  2.638081e+03 |   +0.27% |  3.70e-10 |      
      160 |   0.4912 |  2.654350e+03 |   +0.62% |  6.02e-10 |      
      170 |   0.4791 |  2.673740e+03 |   +0.73% |  9.81e-10 |      
      180 |   0.4651 |  2.696848e+03 |   +0.86% |  1.60e-09 |      
      190 |   0.4494 |  2.730054e+03 |   +1.23% |  2.60e-09 |      
      200 |   0.4288 |  2.773223e+03 |   +1.58% |  4.24e-09 |      
      210 |   0.3992 |  2.813884e+03 |   +1.47% |  6.90e-09 |      
      220 |   0.3628 |  2.849185e+03 |   +1.25% |  1.12e-08 |      
      230 |   0.3290 |  2.884983e+03 |   +1.26% |  1.74e-08 |      
      240 |   0.3003 |  2.918284e+03 |   +1.15% |  2.57e-08 |      
[INFO GPL-0040] Routability iteration: 1
[INFO GPL-0041] Total routing overflow: 0.0000
[INFO GPL-0042] Number of overflowed tiles: 0 (0.00%)
[INFO GPL-0043] Average top 0.5% routing congestion: 0.8841
[INFO GPL-0044] Average top 1.0% routing congestion: 0.8795
[INFO GPL-0045] Average top 2.0% routing congestion: 0.8685
[INFO GPL-0046] Average top 5.0% routing congestion: 0.8332
[INFO GPL-0047] Routability iteration weighted routing congestion: 0.8818
[INFO GPL-0050] Weighted routing congestion is lower than target routing congestion(1.0100), end routability optimization.
[INFO GPL-0090] Routability finished. Target routing congestion achieved succesfully.
Iteration | Overflow |     HPWL (um) |  HPWL(%) |   Penalty | Group
---------------------------------------------------------------
      250 |   0.2656 |  2.949400e+03 |   +1.07% |  3.78e-08 |      
      260 |   0.2358 |  2.977342e+03 |   +0.95% |  5.57e-08 |      
      270 |   0.2081 |  2.998475e+03 |   +0.71% |  8.20e-08 |      
      280 |   0.1856 |  3.030779e+03 |   +1.08% |  1.21e-07 |      
      290 |   0.1672 |  3.062412e+03 |   +1.04% |  1.78e-07 |      
      300 |   0.1489 |  3.094811e+03 |   +1.06% |  2.62e-07 |      
      310 |   0.1320 |  3.121714e+03 |   +0.87% |  3.86e-07 |      
      320 |   0.1161 |  3.146038e+03 |   +0.78% |  5.69e-07 |      
      330 |   0.0988 |  3.166859e+03 |   +0.66% |  8.38e-07 |      
      330 |   0.0988 |  3.166859e+03 |          |  8.71e-07 |      
---------------------------------------------------------------
[INFO GPL-1001] Global placement finished at iteration 330
[INFO GPL-1003] Routability mode iteration count: 239
[INFO GPL-1005] Routability final weighted congestion: 0.8519
[INFO GPL-1002] Placed Cell Area             2146.1157
[INFO GPL-1003] Available Free Area          7439.6352
[INFO GPL-1004] Minimum Feasible Density        0.2900 (cell_area / free_area)
[INFO GPL-1006]   Suggested Target Densities:
[INFO GPL-1007]     - For 90% usage of free space: 0.3205
[INFO GPL-1008]     - For 80% usage of free space: 0.3606
[INFO GPL-1009]     - For 50% usage of free space: 0.5769
[INFO GPL-1011] Original area (um^2): 2146.12
[INFO GPL-1012] Total routability artificial inflation: 0.00 (+0.00%)
[INFO GPL-1014] Final placement area: 2146.12 (+0.00%)
Setting global connections for newly added cells…
[INFO] Setting global connections...
[INFO ODB-0403] 0 connections made, 0 conflicts skipped.
Updating metrics…
Cell type report:                       Count       Area
  Fill cell                                64     240.23
  Tap cell                                102     127.62
  Buffer                                    1       5.00
  Inverter                                 12      45.04
  Sequential cell                          30     638.11
  Multi-Input combinational cell          135    1169.87
  Total                                   344    2225.88
Writing OpenROAD database to '/home/runner/work/ASIC_101/ASIC_101/files/alu/pd/runs/cla-10ns/28-openroad-globalplacement/alu_top.odb'…
Writing netlist to '/home/runner/work/ASIC_101/ASIC_101/files/alu/pd/runs/cla-10ns/28-openroad-globalplacement/alu_top.nl.v'…
Writing powered netlist to '/home/runner/work/ASIC_101/ASIC_101/files/alu/pd/runs/cla-10ns/28-openroad-globalplacement/alu_top.pnl.v'…
Writing layout to '/home/runner/work/ASIC_101/ASIC_101/files/alu/pd/runs/cla-10ns/28-openroad-globalplacement/alu_top.def'…
Writing timing constraints to '/home/runner/work/ASIC_101/ASIC_101/files/alu/pd/runs/cla-10ns/28-openroad-globalplacement/alu_top.sdc'…
