140. Printing statistics.

=== alu_top ===

        +----------Local Count, excluding submodules.
        |        +-Local Area, excluding submodules.
        |        | 
      177        - wires
      200        - wire bits
       29        - public wires
       52        - public wire bits
       10        - ports
       33        - port bits
      179 1.95E+03 cells
        1   12.512   sky130_fd_sc_hd__a2111o_2
        1   15.014   sky130_fd_sc_hd__a2111oi_2
        7   70.067   sky130_fd_sc_hd__a211o_2
        1    10.01   sky130_fd_sc_hd__a21bo_2
        1   11.261   sky130_fd_sc_hd__a21boi_2
        5   43.792   sky130_fd_sc_hd__a21o_2
        2   17.517   sky130_fd_sc_hd__a21oi_2
        2   20.019   sky130_fd_sc_hd__a22o_2
        1   11.261   sky130_fd_sc_hd__a2bb2o_2
        2   22.522   sky130_fd_sc_hd__a311o_2
        4   35.034   sky130_fd_sc_hd__a31o_2
        1   11.261   sky130_fd_sc_hd__a32o_2
       25   187.68   sky130_fd_sc_hd__and2_2
        3   22.522   sky130_fd_sc_hd__and3_2
        3   30.029   sky130_fd_sc_hd__and3b_2
        1    5.005   sky130_fd_sc_hd__buf_2
       30  638.112   sky130_fd_sc_hd__dfxtp_2
        9   33.782   sky130_fd_sc_hd__inv_2
       15    93.84   sky130_fd_sc_hd__nand2_2
        1    8.758   sky130_fd_sc_hd__nand2b_2
        1    10.01   sky130_fd_sc_hd__nand3_2
        1   11.261   sky130_fd_sc_hd__nand3b_2
        1   12.512   sky130_fd_sc_hd__nand4_2
       10    62.56   sky130_fd_sc_hd__nor2_2
        5   50.048   sky130_fd_sc_hd__o211a_2
        1   12.512   sky130_fd_sc_hd__o211ai_2
        6    52.55   sky130_fd_sc_hd__o21a_2
        6    52.55   sky130_fd_sc_hd__o21ai_2
        1   15.014   sky130_fd_sc_hd__o221ai_2
        3   30.029   sky130_fd_sc_hd__o22a_2
        1   12.512   sky130_fd_sc_hd__o22ai_2
        1   11.261   sky130_fd_sc_hd__o311a_2
        1   11.261   sky130_fd_sc_hd__o32a_2
        8   50.048   sky130_fd_sc_hd__or2_2
        2   15.014   sky130_fd_sc_hd__or3_2
        3   26.275   sky130_fd_sc_hd__or3b_2
        6   97.594   sky130_fd_sc_hd__xnor2_2
        7  113.859   sky130_fd_sc_hd__xor2_2

   Chip area for module '\alu_top': 1946.867200
     of which used for sequential elements: 638.112000 (32.78%)

