+ analyze_power_grid -net VPWR -voltage_file /home/runner/work/ASIC_101/ASIC_101/files/alu/pd/runs/csel-10ns/56-openroad-irdropreport/net-VPWR.csv
[INFO PSM-0040] All shapes on net VPWR are connected.
########## IR report #################
Net              : VPWR
Corner           : nom_tt_025C_1v80
Total power      : 3.73e-04 W
Supply voltage   : 1.80e+00 V
Worstcase voltage: 1.80e+00 V
Average voltage  : 1.80e+00 V
Average IR drop  : 1.01e-05 V
Worstcase IR drop: 5.59e-05 V
Percentage drop  : 0.00 %
######################################
+ analyze_power_grid -net VGND -voltage_file /home/runner/work/ASIC_101/ASIC_101/files/alu/pd/runs/csel-10ns/56-openroad-irdropreport/net-VGND.csv
[INFO PSM-0040] All shapes on net VGND are connected.
########## IR report #################
Net              : VGND
Corner           : nom_tt_025C_1v80
Total power      : 3.73e-04 W
Supply voltage   : 0.00e+00 V
Worstcase voltage: 5.81e-05 V
Average voltage  : 9.05e-06 V
Average IR drop  : 9.05e-06 V
Worstcase IR drop: 5.81e-05 V
Percentage drop  : 0.00 %
######################################
