
===========================================================================
report_checks -unconstrained
===========================================================================
======================= nom_tt_025C_1v80 Corner ===================================

Startpoint: _325_ (rising edge-triggered flip-flop clocked by clk)
Endpoint: _305_ (rising edge-triggered flip-flop clocked by clk)
Path Group: clk
Path Type: max

Fanout         Cap        Slew       Delay        Time   Description
---------------------------------------------------------------------------------------------
                                  0.000000    0.000000   clock clk (rise edge)
                                  0.000000    0.000000   clock source latency
     1    0.017719    0.085560    0.061684    0.061684 ^ clk (in)
                                                         clk (net)
                      0.085570    0.000000    0.061684 ^ clkbuf_0_clk/A (sky130_fd_sc_hd__clkbuf_16)
     4    0.040372    0.060101    0.164689    0.226373 ^ clkbuf_0_clk/X (sky130_fd_sc_hd__clkbuf_16)
                                                         clknet_0_clk (net)
                      0.060120    0.000995    0.227367 ^ clkbuf_2_0__f_clk/A (sky130_fd_sc_hd__clkbuf_16)
     8    0.027186    0.048240    0.144313    0.371681 ^ clkbuf_2_0__f_clk/X (sky130_fd_sc_hd__clkbuf_16)
                                                         clknet_2_0__leaf_clk (net)
                      0.048326    0.001247    0.372927 ^ _325_/CLK (sky130_fd_sc_hd__dfxtp_4)
     2    0.005514    0.032804    0.349162    0.722089 v _325_/Q (sky130_fd_sc_hd__dfxtp_4)
                                                         op_q[2] (net)
                      0.032804    0.000131    0.722221 v _201_/A (sky130_fd_sc_hd__or3b_4)
     4    0.034842    0.114338    0.478350    1.200571 v _201_/X (sky130_fd_sc_hd__or3b_4)
                                                         _125_ (net)
                      0.114354    0.001438    1.202009 v _224_/A (sky130_fd_sc_hd__xnor2_4)
     4    0.010526    0.060998    0.182393    1.384401 v _224_/Y (sky130_fd_sc_hd__xnor2_4)
                                                         _030_ (net)
                      0.060998    0.000244    1.384645 v _225_/B (sky130_fd_sc_hd__or2_4)
     4    0.015917    0.063021    0.269142    1.653787 v _225_/X (sky130_fd_sc_hd__or2_4)
                                                         _031_ (net)
                      0.063021    0.000330    1.654117 v _230_/A3 (sky130_fd_sc_hd__a311o_2)
     2    0.007943    0.067442    0.426858    2.080975 v _230_/X (sky130_fd_sc_hd__a311o_2)
                                                         _036_ (net)
                      0.067442    0.000300    2.081275 v _233_/A1 (sky130_fd_sc_hd__a311o_2)
     3    0.014386    0.084166    0.380418    2.461693 v _233_/X (sky130_fd_sc_hd__a311o_2)
                                                         _039_ (net)
                      0.084166    0.000519    2.462212 v _234_/A1 (sky130_fd_sc_hd__a31o_4)
     2    0.013953    0.048457    0.258527    2.720739 v _234_/X (sky130_fd_sc_hd__a31o_4)
                                                         _040_ (net)
                      0.048462    0.000576    2.721315 v _164_/A (sky130_fd_sc_hd__xnor2_2)
     1    0.002944    0.043380    0.131664    2.852979 v _164_/Y (sky130_fd_sc_hd__xnor2_2)
                                                         _109_ (net)
                      0.043380    0.000094    2.853073 v _170_/A2 (sky130_fd_sc_hd__a21o_2)
     2    0.011687    0.055910    0.244597    3.097670 v _170_/X (sky130_fd_sc_hd__a21o_2)
                                                         _115_ (net)
                      0.055911    0.000404    3.098073 v _174_/A2 (sky130_fd_sc_hd__a2111oi_4)
     1    0.003208    0.231481    0.345124    3.443197 ^ _174_/Y (sky130_fd_sc_hd__a2111oi_4)
                                                         _009_ (net)
                      0.231481    0.000105    3.443303 ^ _305_/D (sky130_fd_sc_hd__dfxtp_2)
                                              3.443303   data arrival time

                                  4.000000    4.000000   clock clk (rise edge)
                                  0.000000    4.000000   clock source latency
     1    0.017719    0.085560    0.055809    4.055809 ^ clk (in)
                                                         clk (net)
                      0.085570    0.000000    4.055809 ^ clkbuf_0_clk/A (sky130_fd_sc_hd__clkbuf_16)
     4    0.040372    0.060101    0.149004    4.204813 ^ clkbuf_0_clk/X (sky130_fd_sc_hd__clkbuf_16)
                                                         clknet_0_clk (net)
                      0.060114    0.000778    4.205592 ^ clkbuf_2_3__f_clk/A (sky130_fd_sc_hd__clkbuf_16)
     8    0.025138    0.046423    0.128831    4.334423 ^ clkbuf_2_3__f_clk/X (sky130_fd_sc_hd__clkbuf_16)
                                                         clknet_2_3__leaf_clk (net)
                      0.046433    0.000657    4.335080 ^ _305_/CLK (sky130_fd_sc_hd__dfxtp_2)
                                 -0.250000    4.085080   clock uncertainty
                                  0.021559    4.106639   clock reconvergence pessimism
                                 -0.102599    4.004040   library setup time
                                              4.004040   data required time
---------------------------------------------------------------------------------------------
                                              4.004040   data required time
                                             -3.443303   data arrival time
---------------------------------------------------------------------------------------------
                                              0.560738   slack (MET)




===========================================================================
report_checks --slack_max -0.01
============================================================================
======================= nom_tt_025C_1v80 Corner ===================================

No paths found.


===========================================================================
 report_check_types -max_slew -max_cap -max_fanout -violators
============================================================================
======================= nom_tt_025C_1v80 Corner ===================================



===========================================================================
report_parasitic_annotation -report_unannotated
============================================================================
Found 2 unannotated drivers.
 clkload0/X
 clkload1/X
Found 0 partially unannotated drivers.

===========================================================================
max slew violation count 0
max fanout violation count 0
max cap violation count 0
============================================================================

===========================================================================
check_setup -verbose -unconstrained_endpoints -multiple_clock -no_clock -no_input_delay -loops -generated_clocks
===========================================================================
