Clock: clk
Sources: clk 
Generated: no
Virtual: yes
Propagated: no
Period: 4.000000

===========================================================================
report_clock_properties
============================================================================
Clock                   Period          Waveform
----------------------------------------------------
clk                   4.000000    0.000000  2.000000

===========================================================================
report_clock_latency
============================================================================
Clock clk
rise -> rise
    min     max
0.000000 0.000000 source latency
0.334967         network latency _306_/CLK
        0.375210 network latency _311_/CLK
---------------
0.334967 0.375210 latency
        0.040244 skew

fall -> fall
    min     max
0.000000 0.000000 source latency
0.316592         network latency _306_/CLK
        0.354446 network latency _311_/CLK
---------------
0.316592 0.354446 latency
        0.037854 skew



===========================================================================
report_clock_min_period
============================================================================
clk period_min = 3.44 fmax = 290.76
