
===========================================================================
 report_power
============================================================================
======================= nom_tt_025C_1v80 Corner ===================================

Group                    Internal    Switching      Leakage        Total
                            Power        Power        Power        Power (Watts)
------------------------------------------------------------------------
Sequential           3.251770e-04 1.782637e-05 2.589371e-10 3.430036e-04  34.7%
Combinational        1.506018e-04 1.332927e-04 8.189924e-10 2.838953e-04  28.7%
Clock                2.397899e-04 1.212350e-04 4.056096e-09 3.610289e-04  36.5%
Macro                0.000000e+00 0.000000e+00 0.000000e+00 0.000000e+00   0.0%
Pad                  0.000000e+00 0.000000e+00 0.000000e+00 0.000000e+00   0.0%
------------------------------------------------------------------------
Total                7.155684e-04 2.723541e-04 5.134027e-09 9.879277e-04 100.0%
                            72.4%        27.6%         0.0%

