Reading timing models for corner nom_tt_025C_1v80…
Reading timing library for the 'nom_tt_025C_1v80' corner at '/home/runner/.ciel/ciel/sky130/versions/8afc8346a57fe1ab7934ba5a6056ea8b43078e71/sky130A/libs.ref/sky130_fd_sc_hd/lib/sky130_fd_sc_hd__tt_025C_1v80.lib'…
Reading OpenROAD database at '/home/runner/work/ASIC_101/ASIC_101/files/alu/pd/runs/cla-4ns/42-openroad-repairantennas/1-openroad-diodeinsertion/alu_top.odb'…
Reading design constraints file at '/nix/store/8y4m6wgn5kqlbig1qwnwbxijqqp0jwib-python3-3.13.9-env/lib/python3.13/site-packages/librelane/scripts/base.sdc'…
[INFO] Using clock clk…
[INFO] Setting output delay to: 0.8
[INFO] Setting input delay to: 0.8
[INFO] Setting load to: 0.033442
[INFO] Setting clock uncertainty to: 0.25
[INFO] Setting clock transition to: 0.1499999999999999944488848768742172978818416595458984375
[INFO] Setting timing derate to: 5.0%
[INFO ORD-0030] Using 4 thread(s).
+ detailed_route -droute_end_iter 64 -or_seed 42 -verbose 1 -output_drc /home/runner/work/ASIC_101/ASIC_101/files/alu/pd/runs/cla-4ns/44-openroad-detailedrouting/drt-run-0/alu_top.drc
[INFO DRT-0149] Reading tech and libs.
[WARNING DRT-0349] LEF58_ENCLOSURE with no CUTCLASS is not supported. Skipping for layer mcon
[WARNING DRT-0349] LEF58_ENCLOSURE with no CUTCLASS is not supported. Skipping for layer mcon
[WARNING DRT-0349] LEF58_ENCLOSURE with no CUTCLASS is not supported. Skipping for layer via
[WARNING DRT-0349] LEF58_ENCLOSURE with no CUTCLASS is not supported. Skipping for layer via
[WARNING DRT-0349] LEF58_ENCLOSURE with no CUTCLASS is not supported. Skipping for layer via2
[WARNING DRT-0349] LEF58_ENCLOSURE with no CUTCLASS is not supported. Skipping for layer via2
[WARNING DRT-0349] LEF58_ENCLOSURE with no CUTCLASS is not supported. Skipping for layer via3
[WARNING DRT-0349] LEF58_ENCLOSURE with no CUTCLASS is not supported. Skipping for layer via3
[WARNING DRT-0349] LEF58_ENCLOSURE with no CUTCLASS is not supported. Skipping for layer via4
[WARNING DRT-0349] LEF58_ENCLOSURE with no CUTCLASS is not supported. Skipping for layer via4

Units:                1000
Number of layers:     13
Number of macros:     445
Number of vias:       29
Number of viarulegen: 25

[INFO DRT-0150] Reading design.

Design:                   alu_top
Die area:                 ( 0 0 ) ( 110000 110000 )
Number of track patterns: 12
Number of DEF vias:       0
Number of components:     406
Number of terminals:      35
Number of snets:          2
Number of nets:           259

[INFO DRT-0167] List of default vias:
  Layer via
    default via: M1M2_PR
  Layer via2
    default via: M2M3_PR
  Layer via3
    default via: M3M4_PR
  Layer via4
    default via: M4M5_PR
[INFO DRT-0162] Library cell analysis.
[INFO DRT-0163] Instance analysis.
[INFO DRT-0164] Number of unique instances = 92.
[INFO DRT-0168] Init region query.
[INFO DRT-0024]   Complete FR_MASTERSLICE.
[INFO DRT-0024]   Complete licon.
[INFO DRT-0024]   Complete li1.
[INFO DRT-0024]   Complete mcon.
[INFO DRT-0024]   Complete met1.
[INFO DRT-0024]   Complete via.
[INFO DRT-0024]   Complete met2.
[INFO DRT-0024]   Complete via2.
[INFO DRT-0024]   Complete met3.
[INFO DRT-0024]   Complete via3.
[INFO DRT-0024]   Complete met4.
[INFO DRT-0024]   Complete via4.
[INFO DRT-0024]   Complete met5.
[INFO DRT-0033] FR_MASTERSLICE shape region query size = 0.
[INFO DRT-0033] licon shape region query size = 0.
[INFO DRT-0033] li1 shape region query size = 8113.
[INFO DRT-0033] mcon shape region query size = 0.
[INFO DRT-0033] met1 shape region query size = 1246.
[INFO DRT-0033] via shape region query size = 594.
[INFO DRT-0033] met2 shape region query size = 211.
[INFO DRT-0033] via2 shape region query size = 495.
[INFO DRT-0033] met3 shape region query size = 317.
[INFO DRT-0033] via3 shape region query size = 495.
[INFO DRT-0033] met4 shape region query size = 129.
[INFO DRT-0033] via4 shape region query size = 18.
[INFO DRT-0033] met5 shape region query size = 30.
[INFO DRT-0165] Start pin access.
[INFO DRT-0078]   Complete 665 pins.
[INFO DRT-0081]   Complete 92 unique inst patterns.
[INFO DRT-0084]   Complete 179 groups.
#scanned instances     = 406
#unique  instances     = 92
#stdCellGenAp          = 2444
#stdCellValidPlanarAp  = 14
#stdCellValidViaAp     = 1823
#stdCellPinNoAp        = 0
#stdCellPinCnt         = 748
#instTermValidViaApCnt = 0
#macroGenAp            = 0
#macroValidPlanarAp    = 0
#macroValidViaAp       = 0
#macroNoAp             = 0
[INFO DRT-0166] Complete pin access.
[INFO DRT-0267] cpu time = 00:00:35, elapsed time = 00:00:09, memory = 131.72 (MB), peak = 184.33 (MB)

[INFO DRT-0157] Number of guides:     1600

[INFO DRT-0169] Post process guides.
[INFO DRT-0176] GCELLGRID X 0 DO 15 STEP 6900 ;
[INFO DRT-0177] GCELLGRID Y 0 DO 15 STEP 6900 ;
[INFO DRT-0028]   Complete FR_MASTERSLICE.
[INFO DRT-0028]   Complete licon.
[INFO DRT-0028]   Complete li1.
[INFO DRT-0028]   Complete mcon.
[INFO DRT-0028]   Complete met1.
[INFO DRT-0028]   Complete via.
[INFO DRT-0028]   Complete met2.
[INFO DRT-0028]   Complete via2.
[INFO DRT-0028]   Complete met3.
[INFO DRT-0028]   Complete via3.
[INFO DRT-0028]   Complete met4.
[INFO DRT-0028]   Complete via4.
[INFO DRT-0028]   Complete met5.
[INFO DRT-0178] Init guide query.
[INFO DRT-0035]   Complete FR_MASTERSLICE (guide).
[INFO DRT-0035]   Complete licon (guide).
[INFO DRT-0035]   Complete li1 (guide).
[INFO DRT-0035]   Complete mcon (guide).
[INFO DRT-0035]   Complete met1 (guide).
[INFO DRT-0035]   Complete via (guide).
[INFO DRT-0035]   Complete met2 (guide).
[INFO DRT-0035]   Complete via2 (guide).
[INFO DRT-0035]   Complete met3 (guide).
[INFO DRT-0035]   Complete via3 (guide).
[INFO DRT-0035]   Complete met4 (guide).
[INFO DRT-0035]   Complete via4 (guide).
[INFO DRT-0035]   Complete met5 (guide).
[INFO DRT-0036] FR_MASTERSLICE guide region query size = 0.
[INFO DRT-0036] licon guide region query size = 0.
[INFO DRT-0036] li1 guide region query size = 583.
[INFO DRT-0036] mcon guide region query size = 0.
[INFO DRT-0036] met1 guide region query size = 456.
[INFO DRT-0036] via guide region query size = 0.
[INFO DRT-0036] met2 guide region query size = 230.
[INFO DRT-0036] via2 guide region query size = 0.
[INFO DRT-0036] met3 guide region query size = 23.
[INFO DRT-0036] via3 guide region query size = 0.
[INFO DRT-0036] met4 guide region query size = 0.
[INFO DRT-0036] via4 guide region query size = 0.
[INFO DRT-0036] met5 guide region query size = 0.
[INFO DRT-0179] Init gr pin query.
[INFO DRT-0267] cpu time = 00:00:00, elapsed time = 00:00:00, memory = 132.42 (MB), peak = 184.33 (MB)
[INFO DRT-0245] skipped writing guide updates to database.
[INFO DRT-0185] Post process initialize RPin region query.
[INFO DRT-0181] Start track assignment.
[INFO DRT-0184] Done with 813 vertical wires in 1 frboxes and 479 horizontal wires in 1 frboxes.
[INFO DRT-0186] Done with 62 vertical wires in 1 frboxes and 110 horizontal wires in 1 frboxes.
[INFO DRT-0182] Complete track assignment.
[INFO DRT-0267] cpu time = 00:00:00, elapsed time = 00:00:00, memory = 137.62 (MB), peak = 184.33 (MB)
[INFO DRT-0187] Start routing data preparation.
[INFO DRT-0267] cpu time = 00:00:00, elapsed time = 00:00:00, memory = 137.69 (MB), peak = 184.33 (MB)
[INFO DRT-0194] Start detail routing.
[INFO DRT-0195] Start 0th optimization iteration.
    Completing 10% with 0 violations.
    elapsed time = 00:00:00, memory = 138.06 (MB).
    Completing 20% with 0 violations.
    elapsed time = 00:00:00, memory = 145.29 (MB).
    Completing 30% with 0 violations.
    elapsed time = 00:00:00, memory = 145.29 (MB).
    Completing 40% with 0 violations.
    elapsed time = 00:00:00, memory = 141.18 (MB).
    Completing 50% with 7 violations.
    elapsed time = 00:00:00, memory = 154.17 (MB).
    Completing 60% with 7 violations.
    elapsed time = 00:00:01, memory = 147.59 (MB).
    Completing 70% with 18 violations.
    elapsed time = 00:00:01, memory = 159.05 (MB).
    Completing 80% with 18 violations.
    elapsed time = 00:00:01, memory = 149.07 (MB).
    Completing 100% with 28 violations.
    elapsed time = 00:00:02, memory = 149.07 (MB).
[INFO DRT-0199]   Number of violations = 29.
Viol/Layer        met1   met2
Metal Spacing       12      1
Recheck              1      0
Short               15      0
[INFO DRT-0267] cpu time = 00:00:05, elapsed time = 00:00:02, memory = 501.88 (MB), peak = 501.47 (MB)
Total wire length = 4755 um.
Total wire length on LAYER li1 = 0 um.
Total wire length on LAYER met1 = 2313 um.
Total wire length on LAYER met2 = 2190 um.
Total wire length on LAYER met3 = 250 um.
Total wire length on LAYER met4 = 0 um.
Total wire length on LAYER met5 = 0 um.
Total number of vias = 1512.
Up-via summary (total 1512):

-----------------------
 FR_MASTERSLICE       0
            li1     756
           met1     726
           met2      30
           met3       0
           met4       0
-----------------------
               1512


[INFO DRT-0195] Start 1st optimization iteration.
    Completing 10% with 29 violations.
    elapsed time = 00:00:00, memory = 505.17 (MB).
    Completing 20% with 29 violations.
    elapsed time = 00:00:00, memory = 505.39 (MB).
    Completing 30% with 29 violations.
    elapsed time = 00:00:00, memory = 505.39 (MB).
    Completing 40% with 29 violations.
    elapsed time = 00:00:00, memory = 505.39 (MB).
    Completing 50% with 28 violations.
    elapsed time = 00:00:00, memory = 241.25 (MB).
    Completing 60% with 28 violations.
    elapsed time = 00:00:00, memory = 243.75 (MB).
    Completing 70% with 28 violations.
    elapsed time = 00:00:00, memory = 250.71 (MB).
    Completing 80% with 28 violations.
    elapsed time = 00:00:00, memory = 253.88 (MB).
    Completing 100% with 7 violations.
    elapsed time = 00:00:02, memory = 257.46 (MB).
[INFO DRT-0199]   Number of violations = 7.
Viol/Layer        met1
Metal Spacing        4
Short                3
[INFO DRT-0267] cpu time = 00:00:05, elapsed time = 00:00:02, memory = 530.05 (MB), peak = 529.75 (MB)
Total wire length = 4695 um.
Total wire length on LAYER li1 = 0 um.
Total wire length on LAYER met1 = 2313 um.
Total wire length on LAYER met2 = 2134 um.
Total wire length on LAYER met3 = 246 um.
Total wire length on LAYER met4 = 0 um.
Total wire length on LAYER met5 = 0 um.
Total number of vias = 1488.
Up-via summary (total 1488):

-----------------------
 FR_MASTERSLICE       0
            li1     757
           met1     704
           met2      27
           met3       0
           met4       0
-----------------------
               1488


[INFO DRT-0195] Start 2nd optimization iteration.
    Completing 10% with 7 violations.
    elapsed time = 00:00:00, memory = 530.05 (MB).
    Completing 20% with 7 violations.
    elapsed time = 00:00:00, memory = 530.05 (MB).
    Completing 30% with 7 violations.
    elapsed time = 00:00:00, memory = 530.05 (MB).
    Completing 40% with 7 violations.
    elapsed time = 00:00:00, memory = 530.90 (MB).
    Completing 50% with 6 violations.
    elapsed time = 00:00:00, memory = 530.90 (MB).
    Completing 60% with 6 violations.
    elapsed time = 00:00:00, memory = 530.90 (MB).
    Completing 70% with 6 violations.
    elapsed time = 00:00:00, memory = 530.90 (MB).
    Completing 80% with 6 violations.
    elapsed time = 00:00:00, memory = 548.21 (MB).
    Completing 100% with 3 violations.
    elapsed time = 00:00:01, memory = 561.92 (MB).
[INFO DRT-0199]   Number of violations = 3.
Viol/Layer        met1   met2
Metal Spacing        1      0
Short                1      1
[INFO DRT-0267] cpu time = 00:00:03, elapsed time = 00:00:01, memory = 562.14 (MB), peak = 561.54 (MB)
Total wire length = 4691 um.
Total wire length on LAYER li1 = 0 um.
Total wire length on LAYER met1 = 2330 um.
Total wire length on LAYER met2 = 2117 um.
Total wire length on LAYER met3 = 243 um.
Total wire length on LAYER met4 = 0 um.
Total wire length on LAYER met5 = 0 um.
Total number of vias = 1482.
Up-via summary (total 1482):

-----------------------
 FR_MASTERSLICE       0
            li1     758
           met1     697
           met2      27
           met3       0
           met4       0
-----------------------
               1482


[INFO DRT-0195] Start 3rd guides tiles iteration.
    Completing 50% with 3 violations.
    elapsed time = 00:00:00, memory = 562.20 (MB).
    Completing 100% with 0 violations.
    elapsed time = 00:00:00, memory = 562.20 (MB).
[INFO DRT-0199]   Number of violations = 0.
[INFO DRT-0267] cpu time = 00:00:01, elapsed time = 00:00:00, memory = 562.20 (MB), peak = 561.67 (MB)
Total wire length = 4689 um.
Total wire length on LAYER li1 = 0 um.
Total wire length on LAYER met1 = 2301 um.
Total wire length on LAYER met2 = 2121 um.
Total wire length on LAYER met3 = 266 um.
Total wire length on LAYER met4 = 0 um.
Total wire length on LAYER met5 = 0 um.
Total number of vias = 1489.
Up-via summary (total 1489):

-----------------------
 FR_MASTERSLICE       0
            li1     759
           met1     699
           met2      31
           met3       0
           met4       0
-----------------------
               1489


[INFO DRT-0198] Complete detail routing.
Total wire length = 4689 um.
Total wire length on LAYER li1 = 0 um.
Total wire length on LAYER met1 = 2301 um.
Total wire length on LAYER met2 = 2121 um.
Total wire length on LAYER met3 = 266 um.
Total wire length on LAYER met4 = 0 um.
Total wire length on LAYER met5 = 0 um.
Total number of vias = 1489.
Up-via summary (total 1489):

-----------------------
 FR_MASTERSLICE       0
            li1     759
           met1     699
           met2      31
           met3       0
           met4       0
-----------------------
               1489


[INFO DRT-0267] cpu time = 00:00:15, elapsed time = 00:00:07, memory = 562.32 (MB), peak = 561.80 (MB)

[INFO DRT-0180] Post processing.
+ check_antennas 
[INFO ANT-0002] Found 0 net violations.
[INFO ANT-0001] Found 0 pin violations.
Setting global connections for newly added cells…
[INFO] Setting global connections...
[INFO ODB-0403] 0 connections made, 0 conflicts skipped.
Updating metrics…
Cell type report:                       Count       Area
  Fill cell                                64     240.23
  Tap cell                                102     127.62
  Buffer                                    1       5.00
  Clock buffer                              7     140.13
  Timing Repair Buffer                     55     492.97
  Inverter                                 12      45.04
  Sequential cell                          30     643.12
  Multi-Input combinational cell          135    1284.98
  Total                                   406    2979.11
Writing OpenROAD database to '/home/runner/work/ASIC_101/ASIC_101/files/alu/pd/runs/cla-4ns/44-openroad-detailedrouting/alu_top.odb'…
Writing netlist to '/home/runner/work/ASIC_101/ASIC_101/files/alu/pd/runs/cla-4ns/44-openroad-detailedrouting/alu_top.nl.v'…
Writing powered netlist to '/home/runner/work/ASIC_101/ASIC_101/files/alu/pd/runs/cla-4ns/44-openroad-detailedrouting/alu_top.pnl.v'…
Writing layout to '/home/runner/work/ASIC_101/ASIC_101/files/alu/pd/runs/cla-4ns/44-openroad-detailedrouting/alu_top.def'…
Writing timing constraints to '/home/runner/work/ASIC_101/ASIC_101/files/alu/pd/runs/cla-4ns/44-openroad-detailedrouting/alu_top.sdc'…
