Reading timing models for corner nom_tt_025C_1v80…
Reading timing library for the 'nom_tt_025C_1v80' corner at '/home/runner/.ciel/ciel/sky130/versions/8afc8346a57fe1ab7934ba5a6056ea8b43078e71/sky130A/libs.ref/sky130_fd_sc_hd/lib/sky130_fd_sc_hd__tt_025C_1v80.lib'…
Reading OpenROAD database at '/home/runner/work/ASIC_101/ASIC_101/files/alu/pd/runs/csel-4ns/48-odb-reportdisconnectedpins/alu_top.odb'…
Reading design constraints file at '/nix/store/8y4m6wgn5kqlbig1qwnwbxijqqp0jwib-python3-3.13.9-env/lib/python3.13/site-packages/librelane/scripts/base.sdc'…
[INFO] Using clock clk…
[INFO] Setting output delay to: 0.8
[INFO] Setting input delay to: 0.8
[INFO] Setting load to: 0.033442
[INFO] Setting clock uncertainty to: 0.25
[INFO] Setting clock transition to: 0.1499999999999999944488848768742172978818416595458984375
[INFO] Setting timing derate to: 5.0%
sky130_fd_sc_hd__decap_3 sky130_fd_sc_hd__fill_2 sky130_fd_sc_hd__fill_1
[INFO DPL-0001] Placed 1354 filler instances.
Setting global connections for newly added cells…
[INFO] Setting global connections...
[INFO ODB-0403] 5416 connections made, 0 conflicts skipped.
Updating metrics…
Cell type report:                       Count       Area
  Fill cell                              1418    4981.03
  Tap cell                                102     127.62
  Buffer                                    1       5.00
  Clock buffer                              7     140.13
  Timing Repair Buffer                     52     474.20
  Inverter                                  7      26.28
  Sequential cell                          30     640.61
  Multi-Input combinational cell          142    1412.60
  Total                                  1759    7807.49
Writing OpenROAD database to '/home/runner/work/ASIC_101/ASIC_101/files/alu/pd/runs/csel-4ns/52-openroad-fillinsertion/alu_top.odb'…
Writing netlist to '/home/runner/work/ASIC_101/ASIC_101/files/alu/pd/runs/csel-4ns/52-openroad-fillinsertion/alu_top.nl.v'…
Writing powered netlist to '/home/runner/work/ASIC_101/ASIC_101/files/alu/pd/runs/csel-4ns/52-openroad-fillinsertion/alu_top.pnl.v'…
Writing layout to '/home/runner/work/ASIC_101/ASIC_101/files/alu/pd/runs/csel-4ns/52-openroad-fillinsertion/alu_top.def'…
Writing timing constraints to '/home/runner/work/ASIC_101/ASIC_101/files/alu/pd/runs/csel-4ns/52-openroad-fillinsertion/alu_top.sdc'…
