140. Printing statistics.

=== alu_top ===

        +----------Local Count, excluding submodules.
        |        +-Local Area, excluding submodules.
        |        | 
      178        - wires
      201        - wire bits
       29        - public wires
       52        - public wire bits
       10        - ports
       33        - port bits
      180  1939.36 cells
        3   30.029   sky130_fd_sc_hd__a211o_2
        1    8.758   sky130_fd_sc_hd__a21o_2
        8   70.067   sky130_fd_sc_hd__a21oi_2
        1    10.01   sky130_fd_sc_hd__a22o_2
        3   33.782   sky130_fd_sc_hd__a2bb2o_2
        2   22.522   sky130_fd_sc_hd__a311o_2
        4   35.034   sky130_fd_sc_hd__a31o_2
        1   11.261   sky130_fd_sc_hd__a41o_2
       25   187.68   sky130_fd_sc_hd__and2_2
        3   26.275   sky130_fd_sc_hd__and2b_2
        3   22.522   sky130_fd_sc_hd__and3_2
        1    10.01   sky130_fd_sc_hd__and3b_2
        1    10.01   sky130_fd_sc_hd__and4_2
        1   12.512   sky130_fd_sc_hd__and4bb_2
        1    5.005   sky130_fd_sc_hd__buf_2
       30  638.112   sky130_fd_sc_hd__dfxtp_2
        7   26.275   sky130_fd_sc_hd__inv_2
        1   11.261   sky130_fd_sc_hd__mux2_1
       16  100.096   sky130_fd_sc_hd__nand2_2
        3   26.275   sky130_fd_sc_hd__nand2b_2
       13   81.328   sky130_fd_sc_hd__nor2_2
        1    10.01   sky130_fd_sc_hd__nor3_2
        3   30.029   sky130_fd_sc_hd__o211a_2
        1   12.512   sky130_fd_sc_hd__o211ai_2
        4   35.034   sky130_fd_sc_hd__o21a_2
        1    10.01   sky130_fd_sc_hd__o21ba_2
        1   11.261   sky130_fd_sc_hd__o21bai_2
        4   45.043   sky130_fd_sc_hd__o221a_2
        1    10.01   sky130_fd_sc_hd__o22a_2
        3   37.536   sky130_fd_sc_hd__o22ai_2
        1   11.261   sky130_fd_sc_hd__o2bb2a_2
        5   50.048   sky130_fd_sc_hd__o31a_2
        1   11.261   sky130_fd_sc_hd__o32a_2
        7   43.792   sky130_fd_sc_hd__or2_2
        5   37.536   sky130_fd_sc_hd__or3_2
        2   17.517   sky130_fd_sc_hd__or3b_2
        1    8.758   sky130_fd_sc_hd__or4_2
        6   97.594   sky130_fd_sc_hd__xnor2_2
        5   81.328   sky130_fd_sc_hd__xor2_2

   Chip area for module '\alu_top': 1939.360000
     of which used for sequential elements: 638.112000 (32.90%)

