
===========================================================================
report_checks -unconstrained
===========================================================================
======================= max_ss_100C_1v60 Corner ===================================

Startpoint: _323_ (rising edge-triggered flip-flop clocked by clk)
Endpoint: _305_ (rising edge-triggered flip-flop clocked by clk)
Path Group: clk
Path Type: max

Fanout         Cap        Slew       Delay        Time   Description
---------------------------------------------------------------------------------------------
                                  0.000000    0.000000   clock clk (rise edge)
                                  0.000000    0.000000   clock source latency
     1    0.018656    0.140603    0.100651    0.100651 ^ clk (in)
                                                         clk (net)
                      0.140616    0.000000    0.100651 ^ clkbuf_0_clk/A (sky130_fd_sc_hd__clkbuf_16)
     4    0.041344    0.095484    0.297598    0.398249 ^ clkbuf_0_clk/X (sky130_fd_sc_hd__clkbuf_16)
                                                         clknet_0_clk (net)
                      0.095550    0.002265    0.400514 ^ clkbuf_2_0__f_clk/A (sky130_fd_sc_hd__clkbuf_16)
     8    0.027103    0.076588    0.254616    0.655130 ^ clkbuf_2_0__f_clk/X (sky130_fd_sc_hd__clkbuf_16)
                                                         clknet_2_0__leaf_clk (net)
                      0.076687    0.002461    0.657591 ^ _323_/CLK (sky130_fd_sc_hd__dfxtp_4)
     2    0.003618    0.050456    0.673408    1.330999 v _323_/Q (sky130_fd_sc_hd__dfxtp_4)
                                                         op_q[0] (net)
                      0.050456    0.000152    1.331151 v rebuffer42/A (sky130_fd_sc_hd__buf_2)
     7    0.024634    0.128003    0.319628    1.650779 v rebuffer42/X (sky130_fd_sc_hd__buf_2)
                                                         net42 (net)
                      0.128025    0.001759    1.652538 v _244_/B (sky130_fd_sc_hd__nand3_2)
     4    0.025748    0.238613    0.270137    1.922675 ^ _244_/Y (sky130_fd_sc_hd__nand3_2)
                                                         _049_ (net)
                      0.238617    0.000800    1.923475 ^ fanout33/A (sky130_fd_sc_hd__dlymetal6s2s_1)
    10    0.063902    0.955890    0.908317    2.831792 ^ fanout33/X (sky130_fd_sc_hd__dlymetal6s2s_1)
                                                         net33 (net)
                      0.955897    0.002374    2.834166 ^ _275_/B1 (sky130_fd_sc_hd__o21ai_2)
     1    0.004770    0.188980    0.354891    3.189057 v _275_/Y (sky130_fd_sc_hd__o21ai_2)
                                                         _077_ (net)
                      0.188980    0.000375    3.189432 v _276_/C1 (sky130_fd_sc_hd__a211o_2)
     1    0.005801    0.099176    0.601983    3.791414 v _276_/X (sky130_fd_sc_hd__a211o_2)
                                                         _078_ (net)
                      0.099176    0.000429    3.791843 v _277_/B1 (sky130_fd_sc_hd__a21o_2)
     1    0.002912    0.057351    0.362853    4.154696 v _277_/X (sky130_fd_sc_hd__a21o_2)
                                                         _079_ (net)
                      0.057543    0.000210    4.154906 v _279_/B1 (sky130_fd_sc_hd__a211o_2)
     2    0.006036    0.099876    0.624137    4.779043 v _279_/X (sky130_fd_sc_hd__a211o_2)
                                                         _081_ (net)
                      0.099876    0.000475    4.779518 v _172_/A1 (sky130_fd_sc_hd__a2111o_2)
     1    0.006513    0.131358    0.895893    5.675411 v _172_/X (sky130_fd_sc_hd__a2111o_2)
                                                         _116_ (net)
                      0.131358    0.000543    5.675954 v _173_/B2 (sky130_fd_sc_hd__a22o_4)
     1    0.010221    0.078069    0.465884    6.141838 v _173_/X (sky130_fd_sc_hd__a22o_4)
                                                         _117_ (net)
                      0.078069    0.000577    6.142415 v _174_/D1 (sky130_fd_sc_hd__a2111oi_4)
     1    0.003216    0.365100    0.320533    6.462948 ^ _174_/Y (sky130_fd_sc_hd__a2111oi_4)
                                                         _009_ (net)
                      0.365100    0.000202    6.463150 ^ _305_/D (sky130_fd_sc_hd__dfxtp_2)
                                              6.463150   data arrival time

                                  4.000000    4.000000   clock clk (rise edge)
                                  0.000000    4.000000   clock source latency
     1    0.018656    0.140603    0.091065    4.091065 ^ clk (in)
                                                         clk (net)
                      0.140616    0.000000    4.091065 ^ clkbuf_0_clk/A (sky130_fd_sc_hd__clkbuf_16)
     4    0.041344    0.095484    0.269255    4.360321 ^ clkbuf_0_clk/X (sky130_fd_sc_hd__clkbuf_16)
                                                         clknet_0_clk (net)
                      0.095529    0.001736    4.362056 ^ clkbuf_2_3__f_clk/A (sky130_fd_sc_hd__clkbuf_16)
     8    0.024859    0.073494    0.227720    4.589776 ^ clkbuf_2_3__f_clk/X (sky130_fd_sc_hd__clkbuf_16)
                                                         clknet_2_3__leaf_clk (net)
                      0.073564    0.001186    4.590961 ^ _305_/CLK (sky130_fd_sc_hd__dfxtp_2)
                                 -0.250000    4.340961   clock uncertainty
                                  0.037928    4.378890   clock reconvergence pessimism
                                 -0.217831    4.161059   library setup time
                                              4.161059   data required time
---------------------------------------------------------------------------------------------
                                              4.161059   data required time
                                             -6.463150   data arrival time
---------------------------------------------------------------------------------------------
                                             -2.302091   slack (VIOLATED)




===========================================================================
report_checks --slack_max -0.01
============================================================================
======================= max_ss_100C_1v60 Corner ===================================

Startpoint: _323_ (rising edge-triggered flip-flop clocked by clk)
Endpoint: _305_ (rising edge-triggered flip-flop clocked by clk)
Path Group: clk
Path Type: max

Fanout         Cap        Slew       Delay        Time   Description
---------------------------------------------------------------------------------------------
                                  0.000000    0.000000   clock clk (rise edge)
                                  0.000000    0.000000   clock source latency
     1    0.018656    0.140603    0.100651    0.100651 ^ clk (in)
                                                         clk (net)
                      0.140616    0.000000    0.100651 ^ clkbuf_0_clk/A (sky130_fd_sc_hd__clkbuf_16)
     4    0.041344    0.095484    0.297598    0.398249 ^ clkbuf_0_clk/X (sky130_fd_sc_hd__clkbuf_16)
                                                         clknet_0_clk (net)
                      0.095550    0.002265    0.400514 ^ clkbuf_2_0__f_clk/A (sky130_fd_sc_hd__clkbuf_16)
     8    0.027103    0.076588    0.254616    0.655130 ^ clkbuf_2_0__f_clk/X (sky130_fd_sc_hd__clkbuf_16)
                                                         clknet_2_0__leaf_clk (net)
                      0.076687    0.002461    0.657591 ^ _323_/CLK (sky130_fd_sc_hd__dfxtp_4)
     2    0.003618    0.050456    0.673408    1.330999 v _323_/Q (sky130_fd_sc_hd__dfxtp_4)
                                                         op_q[0] (net)
                      0.050456    0.000152    1.331151 v rebuffer42/A (sky130_fd_sc_hd__buf_2)
     7    0.024634    0.128003    0.319628    1.650779 v rebuffer42/X (sky130_fd_sc_hd__buf_2)
                                                         net42 (net)
                      0.128025    0.001759    1.652538 v _244_/B (sky130_fd_sc_hd__nand3_2)
     4    0.025748    0.238613    0.270137    1.922675 ^ _244_/Y (sky130_fd_sc_hd__nand3_2)
                                                         _049_ (net)
                      0.238617    0.000800    1.923475 ^ fanout33/A (sky130_fd_sc_hd__dlymetal6s2s_1)
    10    0.063902    0.955890    0.908317    2.831792 ^ fanout33/X (sky130_fd_sc_hd__dlymetal6s2s_1)
                                                         net33 (net)
                      0.955897    0.002374    2.834166 ^ _275_/B1 (sky130_fd_sc_hd__o21ai_2)
     1    0.004770    0.188980    0.354891    3.189057 v _275_/Y (sky130_fd_sc_hd__o21ai_2)
                                                         _077_ (net)
                      0.188980    0.000375    3.189432 v _276_/C1 (sky130_fd_sc_hd__a211o_2)
     1    0.005801    0.099176    0.601983    3.791414 v _276_/X (sky130_fd_sc_hd__a211o_2)
                                                         _078_ (net)
                      0.099176    0.000429    3.791843 v _277_/B1 (sky130_fd_sc_hd__a21o_2)
     1    0.002912    0.057351    0.362853    4.154696 v _277_/X (sky130_fd_sc_hd__a21o_2)
                                                         _079_ (net)
                      0.057543    0.000210    4.154906 v _279_/B1 (sky130_fd_sc_hd__a211o_2)
     2    0.006036    0.099876    0.624137    4.779043 v _279_/X (sky130_fd_sc_hd__a211o_2)
                                                         _081_ (net)
                      0.099876    0.000475    4.779518 v _172_/A1 (sky130_fd_sc_hd__a2111o_2)
     1    0.006513    0.131358    0.895893    5.675411 v _172_/X (sky130_fd_sc_hd__a2111o_2)
                                                         _116_ (net)
                      0.131358    0.000543    5.675954 v _173_/B2 (sky130_fd_sc_hd__a22o_4)
     1    0.010221    0.078069    0.465884    6.141838 v _173_/X (sky130_fd_sc_hd__a22o_4)
                                                         _117_ (net)
                      0.078069    0.000577    6.142415 v _174_/D1 (sky130_fd_sc_hd__a2111oi_4)
     1    0.003216    0.365100    0.320533    6.462948 ^ _174_/Y (sky130_fd_sc_hd__a2111oi_4)
                                                         _009_ (net)
                      0.365100    0.000202    6.463150 ^ _305_/D (sky130_fd_sc_hd__dfxtp_2)
                                              6.463150   data arrival time

                                  4.000000    4.000000   clock clk (rise edge)
                                  0.000000    4.000000   clock source latency
     1    0.018656    0.140603    0.091065    4.091065 ^ clk (in)
                                                         clk (net)
                      0.140616    0.000000    4.091065 ^ clkbuf_0_clk/A (sky130_fd_sc_hd__clkbuf_16)
     4    0.041344    0.095484    0.269255    4.360321 ^ clkbuf_0_clk/X (sky130_fd_sc_hd__clkbuf_16)
                                                         clknet_0_clk (net)
                      0.095529    0.001736    4.362056 ^ clkbuf_2_3__f_clk/A (sky130_fd_sc_hd__clkbuf_16)
     8    0.024859    0.073494    0.227720    4.589776 ^ clkbuf_2_3__f_clk/X (sky130_fd_sc_hd__clkbuf_16)
                                                         clknet_2_3__leaf_clk (net)
                      0.073564    0.001186    4.590961 ^ _305_/CLK (sky130_fd_sc_hd__dfxtp_2)
                                 -0.250000    4.340961   clock uncertainty
                                  0.037928    4.378890   clock reconvergence pessimism
                                 -0.217831    4.161059   library setup time
                                              4.161059   data required time
---------------------------------------------------------------------------------------------
                                              4.161059   data required time
                                             -6.463150   data arrival time
---------------------------------------------------------------------------------------------
                                             -2.302091   slack (VIOLATED)




===========================================================================
 report_check_types -max_slew -max_cap -max_fanout -violators
============================================================================
======================= max_ss_100C_1v60 Corner ===================================

max slew

Pin                                        Limit        Slew       Slack
------------------------------------------------------------------------
_157_/C1                                0.750000    0.955976   -0.205976 (VIOLATED)
_151_/A2                                0.750000    0.955972   -0.205972 (VIOLATED)
_161_/A2                                0.750000    0.955953   -0.205953 (VIOLATED)
_280_/B                                 0.750000    0.955939   -0.205939 (VIOLATED)
_270_/B1                                0.750000    0.955930   -0.205930 (VIOLATED)
_269_/C1                                0.750000    0.955922   -0.205922 (VIOLATED)
_259_/A2                                0.750000    0.955920   -0.205920 (VIOLATED)
_275_/B1                                0.750000    0.955897   -0.205897 (VIOLATED)
_246_/C1                                0.750000    0.955894   -0.205894 (VIOLATED)
_247_/A2                                0.750000    0.955894   -0.205894 (VIOLATED)
fanout33/X                              0.750000    0.955890   -0.205890 (VIOLATED)
_170_/A1                                0.750000    0.873760   -0.123760 (VIOLATED)
_235_/C1                                0.750000    0.873758   -0.123759 (VIOLATED)
_160_/A1                                0.750000    0.873755   -0.123755 (VIOLATED)
_150_/A1                                0.750000    0.873746   -0.123746 (VIOLATED)
_279_/A1                                0.750000    0.873734   -0.123734 (VIOLATED)
_264_/A                                 0.750000    0.873718   -0.123718 (VIOLATED)
_258_/A1                                0.750000    0.873707   -0.123707 (VIOLATED)
_288_/A1                                0.750000    0.873698   -0.123698 (VIOLATED)
_200_/Y                                 0.750000    0.873693   -0.123693 (VIOLATED)
_179_/A                                 0.750000    0.812640   -0.062640 (VIOLATED)
_188_/A                                 0.750000    0.812639   -0.062639 (VIOLATED)
_180_/A                                 0.750000    0.812638   -0.062638 (VIOLATED)
_181_/A                                 0.750000    0.812638   -0.062638 (VIOLATED)
_189_/A                                 0.750000    0.812637   -0.062637 (VIOLATED)
_151_/C1                                0.750000    0.812625   -0.062625 (VIOLATED)
_161_/C1                                0.750000    0.812616   -0.062616 (VIOLATED)
_171_/A                                 0.750000    0.812615   -0.062615 (VIOLATED)
_174_/A1                                0.750000    0.812611   -0.062611 (VIOLATED)
_173_/B1                                0.750000    0.812604   -0.062604 (VIOLATED)
fanout37/X                              0.750000    0.812602   -0.062602 (VIOLATED)



===========================================================================
report_parasitic_annotation -report_unannotated
============================================================================
Found 2 unannotated drivers.
 clkload0/X
 clkload1/X
Found 0 partially unannotated drivers.

===========================================================================
max slew violation count 31
max fanout violation count 0
max cap violation count 0
============================================================================

===========================================================================
check_setup -verbose -unconstrained_endpoints -multiple_clock -no_clock -no_input_delay -loops -generated_clocks
===========================================================================
