Clock: clk
Sources: clk 
Generated: no
Virtual: yes
Propagated: no
Period: 4.000000

===========================================================================
report_clock_properties
============================================================================
Clock                   Period          Waveform
----------------------------------------------------
clk                   4.000000    0.000000  2.000000

===========================================================================
report_clock_latency
============================================================================
Clock clk
rise -> rise
    min     max
0.000000 0.000000 source latency
0.590833         network latency _306_/CLK
        0.661947 network latency _311_/CLK
---------------
0.590833 0.661947 latency
        0.071114 skew

fall -> fall
    min     max
0.000000 0.000000 source latency
0.573161         network latency _306_/CLK
        0.641159 network latency _311_/CLK
---------------
0.573161 0.641159 latency
        0.067998 skew



===========================================================================
report_clock_min_period
============================================================================
clk period_min = 6.30 fmax = 158.68
