
===========================================================================
report_checks -unconstrained
===========================================================================
======================= nom_tt_025C_1v80 Corner ===================================

Startpoint: _323_ (rising edge-triggered flip-flop clocked by clk)
Endpoint: _305_ (rising edge-triggered flip-flop clocked by clk)
Path Group: clk
Path Type: max

Fanout         Cap        Slew       Delay        Time   Description
---------------------------------------------------------------------------------------------
                                  0.000000    0.000000   clock clk (rise edge)
                                  0.000000    0.000000   clock source latency
     1    0.017804    0.085938    0.061958    0.061958 ^ clk (in)
                                                         clk (net)
                      0.085948    0.000000    0.061958 ^ clkbuf_0_clk/A (sky130_fd_sc_hd__clkbuf_16)
     4    0.039527    0.059351    0.164209    0.226167 ^ clkbuf_0_clk/X (sky130_fd_sc_hd__clkbuf_16)
                                                         clknet_0_clk (net)
                      0.059373    0.001053    0.227220 ^ clkbuf_2_0__f_clk/A (sky130_fd_sc_hd__clkbuf_16)
     8    0.026991    0.048100    0.143825    0.371045 ^ clkbuf_2_0__f_clk/X (sky130_fd_sc_hd__clkbuf_16)
                                                         clknet_2_0__leaf_clk (net)
                      0.048133    0.001149    0.372194 ^ _323_/CLK (sky130_fd_sc_hd__dfxtp_2)
     8    0.026144    0.137811    0.408801    0.780995 ^ _323_/Q (sky130_fd_sc_hd__dfxtp_2)
                                                         op_q[0] (net)
                      0.137811    0.000380    0.781375 ^ _201_/C_N (sky130_fd_sc_hd__or3b_2)
     5    0.042220    0.180176    0.634645    1.416020 v _201_/X (sky130_fd_sc_hd__or3b_2)
                                                         _125_ (net)
                      0.180198    0.002219    1.418239 v _224_/B (sky130_fd_sc_hd__xnor2_2)
     4    0.015931    0.098929    0.228457    1.646696 v _224_/Y (sky130_fd_sc_hd__xnor2_2)
                                                         _030_ (net)
                      0.098929    0.000455    1.647151 v _225_/B (sky130_fd_sc_hd__or2_2)
     4    0.014441    0.085822    0.353142    2.000293 v _225_/X (sky130_fd_sc_hd__or2_2)
                                                         _031_ (net)
                      0.085826    0.000381    2.000673 v _230_/A2 (sky130_fd_sc_hd__a311o_2)
     3    0.013762    0.082886    0.436732    2.437405 v _230_/X (sky130_fd_sc_hd__a311o_2)
                                                         _036_ (net)
                      0.082896    0.000504    2.437909 v _233_/A3 (sky130_fd_sc_hd__a311o_2)
     3    0.014585    0.084726    0.462572    2.900481 v _233_/X (sky130_fd_sc_hd__a311o_2)
                                                         _039_ (net)
                      0.084770    0.000552    2.901033 v _234_/A3 (sky130_fd_sc_hd__a31o_2)
     3    0.017463    0.070430    0.314153    3.215186 v _234_/X (sky130_fd_sc_hd__a31o_2)
                                                         _040_ (net)
                      0.070434    0.000616    3.215802 v _164_/A (sky130_fd_sc_hd__xnor2_2)
     1    0.002517    0.042340    0.139826    3.355628 v _164_/Y (sky130_fd_sc_hd__xnor2_2)
                                                         _109_ (net)
                      0.042340    0.000076    3.355704 v _170_/A2 (sky130_fd_sc_hd__a21o_2)
     2    0.007055    0.044048    0.228263    3.583967 v _170_/X (sky130_fd_sc_hd__a21o_2)
                                                         _115_ (net)
                      0.044049    0.000274    3.584241 v _174_/A2 (sky130_fd_sc_hd__a2111oi_2)
     1    0.003365    0.266242    0.366596    3.950837 ^ _174_/Y (sky130_fd_sc_hd__a2111oi_2)
                                                         _009_ (net)
                      0.266242    0.000110    3.950946 ^ _305_/D (sky130_fd_sc_hd__dfxtp_2)
                                              3.950946   data arrival time

                                 10.000000   10.000000   clock clk (rise edge)
                                  0.000000   10.000000   clock source latency
     1    0.017804    0.085938    0.056057   10.056058 ^ clk (in)
                                                         clk (net)
                      0.085948    0.000000   10.056058 ^ clkbuf_0_clk/A (sky130_fd_sc_hd__clkbuf_16)
     4    0.039527    0.059351    0.148570   10.204628 ^ clkbuf_0_clk/X (sky130_fd_sc_hd__clkbuf_16)
                                                         clknet_0_clk (net)
                      0.059356    0.000560   10.205187 ^ clkbuf_2_3__f_clk/A (sky130_fd_sc_hd__clkbuf_16)
     8    0.024970    0.046268    0.128411   10.333598 ^ clkbuf_2_3__f_clk/X (sky130_fd_sc_hd__clkbuf_16)
                                                         clknet_2_3__leaf_clk (net)
                      0.046278    0.000657   10.334255 ^ _305_/CLK (sky130_fd_sc_hd__dfxtp_2)
                                 -0.250000   10.084255   clock uncertainty
                                  0.021540   10.105796   clock reconvergence pessimism
                                 -0.110816    9.994979   library setup time
                                              9.994979   data required time
---------------------------------------------------------------------------------------------
                                              9.994979   data required time
                                             -3.950946   data arrival time
---------------------------------------------------------------------------------------------
                                              6.044033   slack (MET)




===========================================================================
report_checks --slack_max -0.01
============================================================================
======================= nom_tt_025C_1v80 Corner ===================================

No paths found.


===========================================================================
 report_check_types -max_slew -max_cap -max_fanout -violators
============================================================================
======================= nom_tt_025C_1v80 Corner ===================================



===========================================================================
report_parasitic_annotation -report_unannotated
============================================================================
Found 2 unannotated drivers.
 clkload0/X
 clkload1/X
Found 0 partially unannotated drivers.

===========================================================================
max slew violation count 0
max fanout violation count 0
max cap violation count 0
============================================================================

===========================================================================
check_setup -verbose -unconstrained_endpoints -multiple_clock -no_clock -no_input_delay -loops -generated_clocks
===========================================================================
