Clock: clk
Sources: clk 
Generated: no
Virtual: yes
Propagated: no
Period: 10.000000

===========================================================================
report_clock_properties
============================================================================
Clock                   Period          Waveform
----------------------------------------------------
clk                  10.000000    0.000000  5.000000

===========================================================================
report_clock_latency
============================================================================
Clock clk
rise -> rise
    min     max
0.000000 0.000000 source latency
0.334138         network latency _306_/CLK
        0.374037 network latency _311_/CLK
---------------
0.334138 0.374037 latency
        0.039899 skew

fall -> fall
    min     max
0.000000 0.000000 source latency
0.315863         network latency _306_/CLK
        0.353448 network latency _311_/CLK
---------------
0.315863 0.353448 latency
        0.037585 skew



===========================================================================
report_clock_min_period
============================================================================
clk period_min = 3.96 fmax = 252.78
