
===========================================================================
report_checks -unconstrained
===========================================================================
======================= min_ff_n40C_1v95 Corner ===================================

Startpoint: _306_ (rising edge-triggered flip-flop clocked by clk)
Endpoint: y[7] (output port clocked by clk)
Path Group: clk
Path Type: max

Fanout         Cap        Slew       Delay        Time   Description
---------------------------------------------------------------------------------------------
                                  0.000000    0.000000   clock clk (rise edge)
                                  0.000000    0.000000   clock source latency
     1    0.017100    0.062095    0.044349    0.044349 ^ clk (in)
                                                         clk (net)
                      0.062101    0.000000    0.044349 ^ clkbuf_0_clk/A (sky130_fd_sc_hd__clkbuf_16)
     4    0.039109    0.044668    0.110565    0.154914 ^ clkbuf_0_clk/X (sky130_fd_sc_hd__clkbuf_16)
                                                         clknet_0_clk (net)
                      0.044668    0.000296    0.155210 ^ clkbuf_2_3__f_clk/A (sky130_fd_sc_hd__clkbuf_16)
     8    0.024704    0.034361    0.096157    0.251367 ^ clkbuf_2_3__f_clk/X (sky130_fd_sc_hd__clkbuf_16)
                                                         clknet_2_3__leaf_clk (net)
                      0.034362    0.000313    0.251680 ^ _306_/CLK (sky130_fd_sc_hd__dfxtp_2)
     2    0.005144    0.028937    0.204793    0.456473 ^ _306_/Q (sky130_fd_sc_hd__dfxtp_2)
                                                         net22 (net)
                      0.028937    0.000035    0.456508 ^ _326_/A (sky130_fd_sc_hd__buf_2)
     1    0.002971    0.019613    0.061132    0.517640 ^ _326_/X (sky130_fd_sc_hd__buf_2)
                                                         net31 (net)
                      0.019613    0.000033    0.517673 ^ output31/A (sky130_fd_sc_hd__clkdlybuf4s25_1)
     1    0.035512    0.268523    0.337796    0.855469 ^ output31/X (sky130_fd_sc_hd__clkdlybuf4s25_1)
                                                         y[7] (net)
                      0.268523    0.000244    0.855713 ^ y[7] (out)
                                              0.855713   data arrival time

                                 10.000000   10.000000   clock clk (rise edge)
                                  0.000000   10.000000   clock network delay (propagated)
                                 -0.250000    9.750000   clock uncertainty
                                  0.000000    9.750000   clock reconvergence pessimism
                                 -2.000000    7.750000   output external delay
                                              7.750000   data required time
---------------------------------------------------------------------------------------------
                                              7.750000   data required time
                                             -0.855713   data arrival time
---------------------------------------------------------------------------------------------
                                              6.894287   slack (MET)




===========================================================================
report_checks --slack_max -0.01
============================================================================
======================= min_ff_n40C_1v95 Corner ===================================

No paths found.


===========================================================================
 report_check_types -max_slew -max_cap -max_fanout -violators
============================================================================
======================= min_ff_n40C_1v95 Corner ===================================



===========================================================================
report_parasitic_annotation -report_unannotated
============================================================================
Found 2 unannotated drivers.
 clkload0/X
 clkload1/X
Found 0 partially unannotated drivers.

===========================================================================
max slew violation count 0
max fanout violation count 0
max cap violation count 0
============================================================================

===========================================================================
check_setup -verbose -unconstrained_endpoints -multiple_clock -no_clock -no_input_delay -loops -generated_clocks
===========================================================================
