
===========================================================================
 report_power
============================================================================
======================= min_ff_n40C_1v95 Corner ===================================

Group                    Internal    Switching      Leakage        Total
                            Power        Power        Power        Power (Watts)
------------------------------------------------------------------------
Sequential           1.516437e-04 9.295028e-06 5.801375e-10 1.609393e-04  37.1%
Combinational        5.414651e-05 5.405255e-05 1.984443e-09 1.082010e-04  24.9%
Clock                1.095418e-04 5.531017e-05 5.259690e-09 1.648572e-04  38.0%
Macro                0.000000e+00 0.000000e+00 0.000000e+00 0.000000e+00   0.0%
Pad                  0.000000e+00 0.000000e+00 0.000000e+00 0.000000e+00   0.0%
------------------------------------------------------------------------
Total                3.153320e-04 1.186577e-04 7.824282e-09 4.339975e-04 100.0%
                            72.7%        27.3%         0.0%

