Reading timing models for corner nom_tt_025C_1v80…
Reading timing library for the 'nom_tt_025C_1v80' corner at '/home/runner/.ciel/ciel/sky130/versions/8afc8346a57fe1ab7934ba5a6056ea8b43078e71/sky130A/libs.ref/sky130_fd_sc_hd/lib/sky130_fd_sc_hd__tt_025C_1v80.lib'…
Reading OpenROAD database at '/home/runner/work/ASIC_101/ASIC_101/files/alu/pd/runs/rca-10ns/37-openroad-resizertimingpostcts/alu_top.odb'…
Reading design constraints file at '/nix/store/8y4m6wgn5kqlbig1qwnwbxijqqp0jwib-python3-3.13.9-env/lib/python3.13/site-packages/librelane/scripts/base.sdc'…
[INFO] Using clock clk…
[INFO] Setting output delay to: 2.0
[INFO] Setting input delay to: 2.0
[INFO] Setting load to: 0.033442
[INFO] Setting clock uncertainty to: 0.25
[INFO] Setting clock transition to: 0.1499999999999999944488848768742172978818416595458984375
[INFO] Setting timing derate to: 5.0%
[INFO] Setting signal min routing layer to: met1 and clock min routing layer to met1. 
[INFO] Setting signal max routing layer to: met5 and clock max routing layer to met5. 
+ global_route -congestion_iterations 50 -verbose
[INFO GRT-0020] Min routing layer: met1
[INFO GRT-0021] Max routing layer: met5
[INFO GRT-0022] Global adjustment: 30%
[INFO GRT-0023] Grid origin: (0, 0)
[INFO GRT-0088] Layer li1     Track-Pitch = 0.4600  line-2-Via Pitch: 0.3400
[INFO GRT-0088] Layer met1    Track-Pitch = 0.3400  line-2-Via Pitch: 0.3400
[INFO GRT-0088] Layer met2    Track-Pitch = 0.4600  line-2-Via Pitch: 0.3500
[INFO GRT-0088] Layer met3    Track-Pitch = 0.6800  line-2-Via Pitch: 0.6150
[INFO GRT-0088] Layer met4    Track-Pitch = 0.9200  line-2-Via Pitch: 1.0400
[INFO GRT-0088] Layer met5    Track-Pitch = 3.4000  line-2-Via Pitch: 3.1100
[INFO GRT-0003] Macros: 0
[INFO GRT-0004] Blockages: 485
[INFO GRT-0019] Found 6 clock nets.
[INFO GRT-0001] Minimum degree: 2
[INFO GRT-0002] Maximum degree: 11

[INFO GRT-0053] Routing resources analysis:
          Routing      Original      Derated      Resource
Layer     Direction    Resources     Resources    Reduction (%)
---------------------------------------------------------------
li1        Vertical            0             0          0.00%
met1       Horizontal       3527          2365          32.95%
met2       Vertical         2956          1967          33.46%
met3       Horizontal       2166          1474          31.95%
met4       Vertical         1432           878          38.69%
met5       Horizontal        357           198          44.54%
---------------------------------------------------------------

[INFO GRT-0101] Running extra iterations to remove overflow.
[INFO GRT-0102] Start extra iteration 1/50
[INFO GRT-0102] Start extra iteration 2/50
[INFO GRT-0102] Start extra iteration 3/50
[INFO GRT-0197] Via related to pin nodes: 1208
[INFO GRT-0198] Via related Steiner nodes: 24
[INFO GRT-0199] Via filling finished.
[INFO GRT-0111] Final number of vias: 1493
[INFO GRT-0112] Final usage 3D: 5165

[INFO GRT-0096] Final congestion report:
Layer         Resource        Demand        Usage (%)    Max H / Max V / Total Overflow
---------------------------------------------------------------------------------------
li1                  0             0            0.00%             0 /  0 /  0
met1              2365           333           14.08%             0 /  0 /  0
met2              1967           336           17.08%             0 /  0 /  0
met3              1474            11            0.75%             0 /  0 /  0
met4               878             6            0.68%             0 /  0 /  0
met5               198             0            0.00%             0 /  0 /  0
---------------------------------------------------------------------------------------
Total             6882           686            9.97%             0 /  0 /  0

[INFO GRT-0018] Total wirelength: 7914 um
[INFO GRT-0014] Routed nets: 244
[INFO GRT-0303] Global routing runtime = 00:00:00
Setting global connections for newly added cells…
[INFO] Setting global connections...
[INFO ODB-0403] 0 connections made, 0 conflicts skipped.
Updating metrics…
Cell type report:                       Count       Area
  Fill cell                                64     240.23
  Tap cell                                102     127.62
  Buffer                                    1       5.00
  Clock buffer                              7     140.13
  Timing Repair Buffer                     39     391.63
  Inverter                                  9      33.78
  Sequential cell                          30     638.11
  Multi-Input combinational cell          139    1269.97
  Total                                   391    2846.48
Writing OpenROAD database to '/home/runner/work/ASIC_101/ASIC_101/files/alu/pd/runs/rca-10ns/39-openroad-globalrouting/alu_top.odb'…
Writing layout to '/home/runner/work/ASIC_101/ASIC_101/files/alu/pd/runs/rca-10ns/39-openroad-globalrouting/alu_top.def'…
