Clock: clk
Sources: clk 
Generated: no
Virtual: yes
Propagated: no
Period: 4.000000

===========================================================================
report_clock_properties
============================================================================
Clock                   Period          Waveform
----------------------------------------------------
clk                   4.000000    0.000000  2.000000

===========================================================================
report_clock_latency
============================================================================
Clock clk
rise -> rise
    min     max
0.000000 0.000000 source latency
0.580736         network latency _322_/CLK
        0.654494 network latency _296_/CLK
---------------
0.580736 0.654494 latency
        0.073758 skew

fall -> fall
    min     max
0.000000 0.000000 source latency
0.565923         network latency _322_/CLK
        0.635797 network latency _296_/CLK
---------------
0.565923 0.635797 latency
        0.069875 skew



===========================================================================
report_clock_min_period
============================================================================
clk period_min = 6.34 fmax = 157.69
