
===========================================================================
 report_power
============================================================================
======================= max_ss_100C_1v60 Corner ===================================

Group                    Internal    Switching      Leakage        Total
                            Power        Power        Power        Power (Watts)
------------------------------------------------------------------------
Sequential           2.533461e-04 1.404710e-05 4.642052e-07 2.678575e-04  35.2%
Combinational        1.091491e-04 9.168078e-05 9.856668e-07 2.018156e-04  26.5%
Clock                1.955267e-04 9.569279e-05 1.118341e-07 2.913314e-04  38.3%
Macro                0.000000e+00 0.000000e+00 0.000000e+00 0.000000e+00   0.0%
Pad                  0.000000e+00 0.000000e+00 0.000000e+00 0.000000e+00   0.0%
------------------------------------------------------------------------
Total                5.580222e-04 2.014207e-04 1.561706e-06 7.610046e-04 100.0%
                            73.3%        26.5%         0.2%

