
===========================================================================
report_checks -unconstrained
===========================================================================
======================= max_ss_100C_1v60 Corner ===================================

Startpoint: _323_ (rising edge-triggered flip-flop clocked by clk)
Endpoint: _305_ (rising edge-triggered flip-flop clocked by clk)
Path Group: clk
Path Type: max

Fanout         Cap        Slew       Delay        Time   Description
---------------------------------------------------------------------------------------------
                                  0.000000    0.000000   clock clk (rise edge)
                                  0.000000    0.000000   clock source latency
     1    0.018505    0.139576    0.099851    0.099851 ^ clk (in)
                                                         clk (net)
                      0.139588    0.000000    0.099851 ^ clkbuf_0_clk/A (sky130_fd_sc_hd__clkbuf_16)
     4    0.041538    0.095686    0.297404    0.397254 ^ clkbuf_0_clk/X (sky130_fd_sc_hd__clkbuf_16)
                                                         clknet_0_clk (net)
                      0.095835    0.002277    0.399532 ^ clkbuf_2_0__f_clk/A (sky130_fd_sc_hd__clkbuf_16)
     8    0.027072    0.076546    0.254706    0.654237 ^ clkbuf_2_0__f_clk/X (sky130_fd_sc_hd__clkbuf_16)
                                                         clknet_2_0__leaf_clk (net)
                      0.076646    0.002466    0.656703 ^ _323_/CLK (sky130_fd_sc_hd__dfxtp_4)
     2    0.003840    0.059961    0.713851    1.370554 ^ _323_/Q (sky130_fd_sc_hd__dfxtp_4)
                                                         op_q[0] (net)
                      0.059961    0.000073    1.370627 ^ _201_/C_N (sky130_fd_sc_hd__or3b_4)
     4    0.035926    0.201404    0.900103    2.270731 v _201_/X (sky130_fd_sc_hd__or3b_4)
                                                         _125_ (net)
                      0.201453    0.003087    2.273818 v _224_/A (sky130_fd_sc_hd__xnor2_4)
     4    0.010857    0.108909    0.328076    2.601894 v _224_/Y (sky130_fd_sc_hd__xnor2_4)
                                                         _030_ (net)
                      0.108918    0.000612    2.602505 v _225_/B (sky130_fd_sc_hd__or2_4)
     4    0.016914    0.111367    0.521937    3.124442 v _225_/X (sky130_fd_sc_hd__or2_4)
                                                         _031_ (net)
                      0.111374    0.001047    3.125489 v _230_/A3 (sky130_fd_sc_hd__a311o_2)
     2    0.008392    0.119988    0.815558    3.941048 v _230_/X (sky130_fd_sc_hd__a311o_2)
                                                         _036_ (net)
                      0.119988    0.000640    3.941688 v _233_/A1 (sky130_fd_sc_hd__a311o_2)
     3    0.015055    0.155474    0.743468    4.685155 v _233_/X (sky130_fd_sc_hd__a311o_2)
                                                         _039_ (net)
                      0.155478    0.001072    4.686228 v _234_/A1 (sky130_fd_sc_hd__a31o_4)
     2    0.014182    0.082445    0.478563    5.164791 v _234_/X (sky130_fd_sc_hd__a31o_4)
                                                         _040_ (net)
                      0.082522    0.001220    5.166011 v _164_/A (sky130_fd_sc_hd__xnor2_2)
     1    0.003057    0.084904    0.238990    5.405001 v _164_/Y (sky130_fd_sc_hd__xnor2_2)
                                                         _109_ (net)
                      0.084904    0.000219    5.405220 v _170_/A2 (sky130_fd_sc_hd__a21o_2)
     2    0.011963    0.098645    0.454135    5.859354 v _170_/X (sky130_fd_sc_hd__a21o_2)
                                                         _115_ (net)
                      0.098652    0.000959    5.860313 v _174_/A2 (sky130_fd_sc_hd__a2111oi_4)
     1    0.003216    0.365100    0.595370    6.455684 ^ _174_/Y (sky130_fd_sc_hd__a2111oi_4)
                                                         _009_ (net)
                      0.365100    0.000202    6.455885 ^ _305_/D (sky130_fd_sc_hd__dfxtp_2)
                                              6.455885   data arrival time

                                  3.000000    3.000000   clock clk (rise edge)
                                  0.000000    3.000000   clock source latency
     1    0.018505    0.139576    0.090341    3.090341 ^ clk (in)
                                                         clk (net)
                      0.139588    0.000000    3.090341 ^ clkbuf_0_clk/A (sky130_fd_sc_hd__clkbuf_16)
     4    0.041538    0.095686    0.269079    3.359420 ^ clkbuf_0_clk/X (sky130_fd_sc_hd__clkbuf_16)
                                                         clknet_0_clk (net)
                      0.095813    0.001738    3.361159 ^ clkbuf_2_3__f_clk/A (sky130_fd_sc_hd__clkbuf_16)
     8    0.024859    0.073494    0.227844    3.589003 ^ clkbuf_2_3__f_clk/X (sky130_fd_sc_hd__clkbuf_16)
                                                         clknet_2_3__leaf_clk (net)
                      0.073564    0.001186    3.590188 ^ _305_/CLK (sky130_fd_sc_hd__dfxtp_2)
                                 -0.250000    3.340188   clock uncertainty
                                  0.037834    3.378022   clock reconvergence pessimism
                                 -0.217831    3.160191   library setup time
                                              3.160191   data required time
---------------------------------------------------------------------------------------------
                                              3.160191   data required time
                                             -6.455885   data arrival time
---------------------------------------------------------------------------------------------
                                             -3.295694   slack (VIOLATED)




===========================================================================
report_checks --slack_max -0.01
============================================================================
======================= max_ss_100C_1v60 Corner ===================================

Startpoint: _323_ (rising edge-triggered flip-flop clocked by clk)
Endpoint: _305_ (rising edge-triggered flip-flop clocked by clk)
Path Group: clk
Path Type: max

Fanout         Cap        Slew       Delay        Time   Description
---------------------------------------------------------------------------------------------
                                  0.000000    0.000000   clock clk (rise edge)
                                  0.000000    0.000000   clock source latency
     1    0.018505    0.139576    0.099851    0.099851 ^ clk (in)
                                                         clk (net)
                      0.139588    0.000000    0.099851 ^ clkbuf_0_clk/A (sky130_fd_sc_hd__clkbuf_16)
     4    0.041538    0.095686    0.297404    0.397254 ^ clkbuf_0_clk/X (sky130_fd_sc_hd__clkbuf_16)
                                                         clknet_0_clk (net)
                      0.095835    0.002277    0.399532 ^ clkbuf_2_0__f_clk/A (sky130_fd_sc_hd__clkbuf_16)
     8    0.027072    0.076546    0.254706    0.654237 ^ clkbuf_2_0__f_clk/X (sky130_fd_sc_hd__clkbuf_16)
                                                         clknet_2_0__leaf_clk (net)
                      0.076646    0.002466    0.656703 ^ _323_/CLK (sky130_fd_sc_hd__dfxtp_4)
     2    0.003840    0.059961    0.713851    1.370554 ^ _323_/Q (sky130_fd_sc_hd__dfxtp_4)
                                                         op_q[0] (net)
                      0.059961    0.000073    1.370627 ^ _201_/C_N (sky130_fd_sc_hd__or3b_4)
     4    0.035926    0.201404    0.900103    2.270731 v _201_/X (sky130_fd_sc_hd__or3b_4)
                                                         _125_ (net)
                      0.201453    0.003087    2.273818 v _224_/A (sky130_fd_sc_hd__xnor2_4)
     4    0.010857    0.108909    0.328076    2.601894 v _224_/Y (sky130_fd_sc_hd__xnor2_4)
                                                         _030_ (net)
                      0.108918    0.000612    2.602505 v _225_/B (sky130_fd_sc_hd__or2_4)
     4    0.016914    0.111367    0.521937    3.124442 v _225_/X (sky130_fd_sc_hd__or2_4)
                                                         _031_ (net)
                      0.111374    0.001047    3.125489 v _230_/A3 (sky130_fd_sc_hd__a311o_2)
     2    0.008392    0.119988    0.815558    3.941048 v _230_/X (sky130_fd_sc_hd__a311o_2)
                                                         _036_ (net)
                      0.119988    0.000640    3.941688 v _233_/A1 (sky130_fd_sc_hd__a311o_2)
     3    0.015055    0.155474    0.743468    4.685155 v _233_/X (sky130_fd_sc_hd__a311o_2)
                                                         _039_ (net)
                      0.155478    0.001072    4.686228 v _234_/A1 (sky130_fd_sc_hd__a31o_4)
     2    0.014182    0.082445    0.478563    5.164791 v _234_/X (sky130_fd_sc_hd__a31o_4)
                                                         _040_ (net)
                      0.082522    0.001220    5.166011 v _164_/A (sky130_fd_sc_hd__xnor2_2)
     1    0.003057    0.084904    0.238990    5.405001 v _164_/Y (sky130_fd_sc_hd__xnor2_2)
                                                         _109_ (net)
                      0.084904    0.000219    5.405220 v _170_/A2 (sky130_fd_sc_hd__a21o_2)
     2    0.011963    0.098645    0.454135    5.859354 v _170_/X (sky130_fd_sc_hd__a21o_2)
                                                         _115_ (net)
                      0.098652    0.000959    5.860313 v _174_/A2 (sky130_fd_sc_hd__a2111oi_4)
     1    0.003216    0.365100    0.595370    6.455684 ^ _174_/Y (sky130_fd_sc_hd__a2111oi_4)
                                                         _009_ (net)
                      0.365100    0.000202    6.455885 ^ _305_/D (sky130_fd_sc_hd__dfxtp_2)
                                              6.455885   data arrival time

                                  3.000000    3.000000   clock clk (rise edge)
                                  0.000000    3.000000   clock source latency
     1    0.018505    0.139576    0.090341    3.090341 ^ clk (in)
                                                         clk (net)
                      0.139588    0.000000    3.090341 ^ clkbuf_0_clk/A (sky130_fd_sc_hd__clkbuf_16)
     4    0.041538    0.095686    0.269079    3.359420 ^ clkbuf_0_clk/X (sky130_fd_sc_hd__clkbuf_16)
                                                         clknet_0_clk (net)
                      0.095813    0.001738    3.361159 ^ clkbuf_2_3__f_clk/A (sky130_fd_sc_hd__clkbuf_16)
     8    0.024859    0.073494    0.227844    3.589003 ^ clkbuf_2_3__f_clk/X (sky130_fd_sc_hd__clkbuf_16)
                                                         clknet_2_3__leaf_clk (net)
                      0.073564    0.001186    3.590188 ^ _305_/CLK (sky130_fd_sc_hd__dfxtp_2)
                                 -0.250000    3.340188   clock uncertainty
                                  0.037834    3.378022   clock reconvergence pessimism
                                 -0.217831    3.160191   library setup time
                                              3.160191   data required time
---------------------------------------------------------------------------------------------
                                              3.160191   data required time
                                             -6.455885   data arrival time
---------------------------------------------------------------------------------------------
                                             -3.295694   slack (VIOLATED)




===========================================================================
 report_check_types -max_slew -max_cap -max_fanout -violators
============================================================================
======================= max_ss_100C_1v60 Corner ===================================

max slew

Pin                                        Limit        Slew       Slack
------------------------------------------------------------------------
_160_/A1                                0.750000    0.896834   -0.146834 (VIOLATED)
_170_/A1                                0.750000    0.896832   -0.146832 (VIOLATED)
_235_/C1                                0.750000    0.896829   -0.146829 (VIOLATED)
_150_/A1                                0.750000    0.896824   -0.146824 (VIOLATED)
_279_/A1                                0.750000    0.896805   -0.146805 (VIOLATED)
_264_/A                                 0.750000    0.896789   -0.146789 (VIOLATED)
_258_/A1                                0.750000    0.896778   -0.146778 (VIOLATED)
_288_/A1                                0.750000    0.896768   -0.146768 (VIOLATED)
_200_/Y                                 0.750000    0.896763   -0.146763 (VIOLATED)
_179_/A                                 0.750000    0.783153   -0.033153 (VIOLATED)
_188_/A                                 0.750000    0.783153   -0.033153 (VIOLATED)
_180_/A                                 0.750000    0.783150   -0.033150 (VIOLATED)
_189_/A                                 0.750000    0.783145   -0.033145 (VIOLATED)
_181_/A                                 0.750000    0.783141   -0.033141 (VIOLATED)
_151_/C1                                0.750000    0.783134   -0.033134 (VIOLATED)
_161_/C1                                0.750000    0.783129   -0.033129 (VIOLATED)
_171_/A                                 0.750000    0.783129   -0.033129 (VIOLATED)
_174_/A1                                0.750000    0.783125   -0.033125 (VIOLATED)
_173_/B1                                0.750000    0.783118   -0.033118 (VIOLATED)
fanout37/X                              0.750000    0.783117   -0.033117 (VIOLATED)



===========================================================================
report_parasitic_annotation -report_unannotated
============================================================================
Found 2 unannotated drivers.
 clkload0/X
 clkload1/X
Found 0 partially unannotated drivers.

===========================================================================
max slew violation count 20
max fanout violation count 0
max cap violation count 0
============================================================================

===========================================================================
check_setup -verbose -unconstrained_endpoints -multiple_clock -no_clock -no_input_delay -loops -generated_clocks
===========================================================================
