Clock: clk
Sources: clk 
Generated: no
Virtual: yes
Propagated: no
Period: 3.000000

===========================================================================
report_clock_properties
============================================================================
Clock                   Period          Waveform
----------------------------------------------------
clk                   3.000000    0.000000  1.500000

===========================================================================
report_clock_latency
============================================================================
Clock clk
rise -> rise
    min     max
0.000000 0.000000 source latency
0.590060         network latency _306_/CLK
        0.660574 network latency _311_/CLK
---------------
0.590060 0.660574 latency
        0.070514 skew

fall -> fall
    min     max
0.000000 0.000000 source latency
0.572749         network latency _306_/CLK
        0.640259 network latency _311_/CLK
---------------
0.572749 0.640259 latency
        0.067510 skew



===========================================================================
report_clock_min_period
============================================================================
clk period_min = 6.30 fmax = 158.84
