
===========================================================================
 report_power
============================================================================
======================= max_ss_100C_1v60 Corner ===================================

Group                    Internal    Switching      Leakage        Total
                            Power        Power        Power        Power (Watts)
------------------------------------------------------------------------
Sequential           3.378462e-04 1.836128e-05 4.656775e-07 3.566732e-04  33.7%
Combinational        1.678040e-04 1.429259e-04 1.258044e-06 3.119879e-04  29.5%
Clock                2.607000e-04 1.280294e-04 1.117067e-07 3.888411e-04  36.8%
Macro                0.000000e+00 0.000000e+00 0.000000e+00 0.000000e+00   0.0%
Pad                  0.000000e+00 0.000000e+00 0.000000e+00 0.000000e+00   0.0%
------------------------------------------------------------------------
Total                7.663502e-04 2.893166e-04 1.835428e-06 1.057502e-03 100.0%
                            72.5%        27.4%         0.2%

