
===========================================================================
report_checks -unconstrained
===========================================================================
======================= min_ff_n40C_1v95 Corner ===================================

Startpoint: rst_n (input port clocked by clk)
Endpoint: _303_ (rising edge-triggered flip-flop clocked by clk)
Path Group: clk
Path Type: max

Fanout         Cap        Slew       Delay        Time   Description
---------------------------------------------------------------------------------------------
                                  0.000000    0.000000   clock clk (rise edge)
                                  0.000000    0.000000   clock network delay (propagated)
                                  0.800000    0.800000 v input external delay
     1    0.003703    0.006047    0.003219    0.803219 v rst_n (in)
                                                         rst_n (net)
                      0.006047    0.000000    0.803219 v input20/A (sky130_fd_sc_hd__clkdlybuf4s25_1)
     1    0.002470    0.025782    0.153038    0.956258 v input20/X (sky130_fd_sc_hd__clkdlybuf4s25_1)
                                                         net20 (net)
                      0.025782    0.000023    0.956280 v fanout38/A (sky130_fd_sc_hd__clkdlybuf4s25_1)
     6    0.031104    0.160001    0.275736    1.232017 v fanout38/X (sky130_fd_sc_hd__clkdlybuf4s25_1)
                                                         net38 (net)
                      0.160003    0.000821    1.232837 v fanout37/A (sky130_fd_sc_hd__clkdlybuf4s25_1)
    10    0.033634    0.172677    0.334219    1.567056 v fanout37/X (sky130_fd_sc_hd__clkdlybuf4s25_1)
                                                         net37 (net)
                      0.172684    0.001302    1.568358 v _278_/C1 (sky130_fd_sc_hd__o211a_2)
     2    0.010403    0.043801    0.145741    1.714099 v _278_/X (sky130_fd_sc_hd__o211a_2)
                                                         _001_ (net)
                      0.043801    0.000257    1.714357 v _199_/A (sky130_fd_sc_hd__or3_4)
     1    0.005310    0.046586    0.245527    1.959884 v _199_/X (sky130_fd_sc_hd__or3_4)
                                                         _115_ (net)
                      0.046586    0.000125    1.960009 v _200_/B (sky130_fd_sc_hd__or4_4)
     1    0.004785    0.058296    0.322266    2.282275 v _200_/X (sky130_fd_sc_hd__or4_4)
                                                         _116_ (net)
                      0.058296    0.000059    2.282334 v _201_/C1 (sky130_fd_sc_hd__a211oi_2)
     1    0.002065    0.095606    0.065272    2.347607 ^ _201_/Y (sky130_fd_sc_hd__a211oi_2)
                                                         _009_ (net)
                      0.095606    0.000010    2.347617 ^ _303_/D (sky130_fd_sc_hd__dfxtp_2)
                                              2.347617   data arrival time

                                  4.000000    4.000000   clock clk (rise edge)
                                  0.000000    4.000000   clock source latency
     1    0.016644    0.060602    0.039219    4.039219 ^ clk (in)
                                                         clk (net)
                      0.060615    0.000000    4.039219 ^ clkbuf_0_clk/A (sky130_fd_sc_hd__clkbuf_16)
     4    0.038550    0.044273    0.099390    4.138609 ^ clkbuf_0_clk/X (sky130_fd_sc_hd__clkbuf_16)
                                                         clknet_0_clk (net)
                      0.044275    0.000310    4.138919 ^ clkbuf_2_1__f_clk/A (sky130_fd_sc_hd__clkbuf_16)
     8    0.024586    0.034285    0.086905    4.225824 ^ clkbuf_2_1__f_clk/X (sky130_fd_sc_hd__clkbuf_16)
                                                         clknet_2_1__leaf_clk (net)
                      0.034287    0.000261    4.226085 ^ _303_/CLK (sky130_fd_sc_hd__dfxtp_2)
                                 -0.250000    3.976085   clock uncertainty
                                  0.000000    3.976085   clock reconvergence pessimism
                                 -0.037637    3.938448   library setup time
                                              3.938448   data required time
---------------------------------------------------------------------------------------------
                                              3.938448   data required time
                                             -2.347617   data arrival time
---------------------------------------------------------------------------------------------
                                              1.590832   slack (MET)




===========================================================================
report_checks --slack_max -0.01
============================================================================
======================= min_ff_n40C_1v95 Corner ===================================

No paths found.


===========================================================================
 report_check_types -max_slew -max_cap -max_fanout -violators
============================================================================
======================= min_ff_n40C_1v95 Corner ===================================



===========================================================================
report_parasitic_annotation -report_unannotated
============================================================================
Found 2 unannotated drivers.
 clkload0/X
 clkload1/X
Found 0 partially unannotated drivers.

===========================================================================
max slew violation count 0
max fanout violation count 0
max cap violation count 0
============================================================================

===========================================================================
check_setup -verbose -unconstrained_endpoints -multiple_clock -no_clock -no_input_delay -loops -generated_clocks
===========================================================================
