Clock: clk
Sources: clk 
Generated: no
Virtual: yes
Propagated: no
Period: 4.000000

===========================================================================
report_clock_properties
============================================================================
Clock                   Period          Waveform
----------------------------------------------------
clk                   4.000000    0.000000  2.000000

===========================================================================
report_clock_latency
============================================================================
Clock clk
rise -> rise
    min     max
0.000000 0.000000 source latency
0.225428         network latency _322_/CLK
        0.254117 network latency _296_/CLK
---------------
0.225428 0.254117 latency
        0.028689 skew

fall -> fall
    min     max
0.000000 0.000000 source latency
0.211357         network latency _322_/CLK
        0.237754 network latency _296_/CLK
---------------
0.211357 0.237754 latency
        0.026396 skew



===========================================================================
report_clock_min_period
============================================================================
clk period_min = 2.17 fmax = 459.97
