Clock: clk
Sources: clk 
Generated: no
Virtual: yes
Propagated: no
Period: 4.000000

===========================================================================
report_clock_properties
============================================================================
Clock                   Period          Waveform
----------------------------------------------------
clk                   4.000000    0.000000  2.000000

===========================================================================
report_clock_latency
============================================================================
Clock clk
rise -> rise
    min     max
0.000000 0.000000 source latency
0.581074         network latency _299_/CLK
        0.649579 network latency _324_/CLK
---------------
0.581074 0.649579 latency
        0.068505 skew

fall -> fall
    min     max
0.000000 0.000000 source latency
0.566945         network latency _299_/CLK
        0.632865 network latency _324_/CLK
---------------
0.566945 0.632865 latency
        0.065921 skew



===========================================================================
report_clock_min_period
============================================================================
clk period_min = 6.51 fmax = 153.56
