
===========================================================================
 report_power
============================================================================
======================= max_ss_100C_1v60 Corner ===================================

Group                    Internal    Switching      Leakage        Total
                            Power        Power        Power        Power (Watts)
------------------------------------------------------------------------
Sequential           2.525577e-04 1.569301e-05 4.627895e-07 2.687135e-04  34.4%
Combinational        1.221202e-04 9.935998e-05 1.014881e-06 2.224951e-04  28.5%
Clock                1.954786e-04 9.524453e-05 1.117340e-07 2.908348e-04  37.2%
Macro                0.000000e+00 0.000000e+00 0.000000e+00 0.000000e+00   0.0%
Pad                  0.000000e+00 0.000000e+00 0.000000e+00 0.000000e+00   0.0%
------------------------------------------------------------------------
Total                5.701566e-04 2.102975e-04 1.589404e-06 7.820436e-04 100.0%
                            72.9%        26.9%         0.2%

