Reading timing models for corner nom_tt_025C_1v80…
Reading timing library for the 'nom_tt_025C_1v80' corner at '/home/runner/.ciel/ciel/sky130/versions/8afc8346a57fe1ab7934ba5a6056ea8b43078e71/sky130A/libs.ref/sky130_fd_sc_hd/lib/sky130_fd_sc_hd__tt_025C_1v80.lib'…
Reading OpenROAD database at '/home/runner/work/ASIC_101/ASIC_101/files/alu/pd/runs/cla-10ns/42-openroad-repairantennas/1-openroad-diodeinsertion/alu_top.odb'…
Reading design constraints file at '/nix/store/8y4m6wgn5kqlbig1qwnwbxijqqp0jwib-python3-3.13.9-env/lib/python3.13/site-packages/librelane/scripts/base.sdc'…
[INFO] Using clock clk…
[INFO] Setting output delay to: 2.0
[INFO] Setting input delay to: 2.0
[INFO] Setting load to: 0.033442
[INFO] Setting clock uncertainty to: 0.25
[INFO] Setting clock transition to: 0.1499999999999999944488848768742172978818416595458984375
[INFO] Setting timing derate to: 5.0%
[INFO ORD-0030] Using 4 thread(s).
+ detailed_route -droute_end_iter 64 -or_seed 42 -verbose 1 -output_drc /home/runner/work/ASIC_101/ASIC_101/files/alu/pd/runs/cla-10ns/44-openroad-detailedrouting/drt-run-0/alu_top.drc
[INFO DRT-0149] Reading tech and libs.
[WARNING DRT-0349] LEF58_ENCLOSURE with no CUTCLASS is not supported. Skipping for layer mcon
[WARNING DRT-0349] LEF58_ENCLOSURE with no CUTCLASS is not supported. Skipping for layer mcon
[WARNING DRT-0349] LEF58_ENCLOSURE with no CUTCLASS is not supported. Skipping for layer via
[WARNING DRT-0349] LEF58_ENCLOSURE with no CUTCLASS is not supported. Skipping for layer via
[WARNING DRT-0349] LEF58_ENCLOSURE with no CUTCLASS is not supported. Skipping for layer via2
[WARNING DRT-0349] LEF58_ENCLOSURE with no CUTCLASS is not supported. Skipping for layer via2
[WARNING DRT-0349] LEF58_ENCLOSURE with no CUTCLASS is not supported. Skipping for layer via3
[WARNING DRT-0349] LEF58_ENCLOSURE with no CUTCLASS is not supported. Skipping for layer via3
[WARNING DRT-0349] LEF58_ENCLOSURE with no CUTCLASS is not supported. Skipping for layer via4
[WARNING DRT-0349] LEF58_ENCLOSURE with no CUTCLASS is not supported. Skipping for layer via4

Units:                1000
Number of layers:     13
Number of macros:     445
Number of vias:       29
Number of viarulegen: 25

[INFO DRT-0150] Reading design.

Design:                   alu_top
Die area:                 ( 0 0 ) ( 110000 110000 )
Number of track patterns: 12
Number of DEF vias:       0
Number of components:     390
Number of terminals:      35
Number of snets:          2
Number of nets:           243

[INFO DRT-0167] List of default vias:
  Layer via
    default via: M1M2_PR
  Layer via2
    default via: M2M3_PR
  Layer via3
    default via: M3M4_PR
  Layer via4
    default via: M4M5_PR
[INFO DRT-0162] Library cell analysis.
[INFO DRT-0163] Instance analysis.
[INFO DRT-0164] Number of unique instances = 79.
[INFO DRT-0168] Init region query.
[INFO DRT-0024]   Complete FR_MASTERSLICE.
[INFO DRT-0024]   Complete licon.
[INFO DRT-0024]   Complete li1.
[INFO DRT-0024]   Complete mcon.
[INFO DRT-0024]   Complete met1.
[INFO DRT-0024]   Complete via.
[INFO DRT-0024]   Complete met2.
[INFO DRT-0024]   Complete via2.
[INFO DRT-0024]   Complete met3.
[INFO DRT-0024]   Complete via3.
[INFO DRT-0024]   Complete met4.
[INFO DRT-0024]   Complete via4.
[INFO DRT-0024]   Complete met5.
[INFO DRT-0033] FR_MASTERSLICE shape region query size = 0.
[INFO DRT-0033] licon shape region query size = 0.
[INFO DRT-0033] li1 shape region query size = 7584.
[INFO DRT-0033] mcon shape region query size = 0.
[INFO DRT-0033] met1 shape region query size = 1211.
[INFO DRT-0033] via shape region query size = 594.
[INFO DRT-0033] met2 shape region query size = 211.
[INFO DRT-0033] via2 shape region query size = 495.
[INFO DRT-0033] met3 shape region query size = 317.
[INFO DRT-0033] via3 shape region query size = 495.
[INFO DRT-0033] met4 shape region query size = 129.
[INFO DRT-0033] via4 shape region query size = 18.
[INFO DRT-0033] met5 shape region query size = 30.
[INFO DRT-0165] Start pin access.
[INFO DRT-0078]   Complete 579 pins.
[INFO DRT-0081]   Complete 79 unique inst patterns.
[INFO DRT-0084]   Complete 174 groups.
#scanned instances     = 390
#unique  instances     = 79
#stdCellGenAp          = 2125
#stdCellValidPlanarAp  = 14
#stdCellValidViaAp     = 1605
#stdCellPinNoAp        = 0
#stdCellPinCnt         = 716
#instTermValidViaApCnt = 0
#macroGenAp            = 0
#macroValidPlanarAp    = 0
#macroValidViaAp       = 0
#macroNoAp             = 0
[INFO DRT-0166] Complete pin access.
[INFO DRT-0267] cpu time = 00:00:29, elapsed time = 00:00:07, memory = 131.35 (MB), peak = 184.23 (MB)

[INFO DRT-0157] Number of guides:     1523

[INFO DRT-0169] Post process guides.
[INFO DRT-0176] GCELLGRID X 0 DO 15 STEP 6900 ;
[INFO DRT-0177] GCELLGRID Y 0 DO 15 STEP 6900 ;
[INFO DRT-0028]   Complete FR_MASTERSLICE.
[INFO DRT-0028]   Complete licon.
[INFO DRT-0028]   Complete li1.
[INFO DRT-0028]   Complete mcon.
[INFO DRT-0028]   Complete met1.
[INFO DRT-0028]   Complete via.
[INFO DRT-0028]   Complete met2.
[INFO DRT-0028]   Complete via2.
[INFO DRT-0028]   Complete met3.
[INFO DRT-0028]   Complete via3.
[INFO DRT-0028]   Complete met4.
[INFO DRT-0028]   Complete via4.
[INFO DRT-0028]   Complete met5.
[INFO DRT-0178] Init guide query.
[INFO DRT-0035]   Complete FR_MASTERSLICE (guide).
[INFO DRT-0035]   Complete licon (guide).
[INFO DRT-0035]   Complete li1 (guide).
[INFO DRT-0035]   Complete mcon (guide).
[INFO DRT-0035]   Complete met1 (guide).
[INFO DRT-0035]   Complete via (guide).
[INFO DRT-0035]   Complete met2 (guide).
[INFO DRT-0035]   Complete via2 (guide).
[INFO DRT-0035]   Complete met3 (guide).
[INFO DRT-0035]   Complete via3 (guide).
[INFO DRT-0035]   Complete met4 (guide).
[INFO DRT-0035]   Complete via4 (guide).
[INFO DRT-0035]   Complete met5 (guide).
[INFO DRT-0036] FR_MASTERSLICE guide region query size = 0.
[INFO DRT-0036] licon guide region query size = 0.
[INFO DRT-0036] li1 guide region query size = 558.
[INFO DRT-0036] mcon guide region query size = 0.
[INFO DRT-0036] met1 guide region query size = 436.
[INFO DRT-0036] via guide region query size = 0.
[INFO DRT-0036] met2 guide region query size = 221.
[INFO DRT-0036] via2 guide region query size = 0.
[INFO DRT-0036] met3 guide region query size = 23.
[INFO DRT-0036] via3 guide region query size = 0.
[INFO DRT-0036] met4 guide region query size = 0.
[INFO DRT-0036] via4 guide region query size = 0.
[INFO DRT-0036] met5 guide region query size = 0.
[INFO DRT-0179] Init gr pin query.
[INFO DRT-0267] cpu time = 00:00:00, elapsed time = 00:00:00, memory = 131.98 (MB), peak = 184.23 (MB)
[INFO DRT-0245] skipped writing guide updates to database.
[INFO DRT-0185] Post process initialize RPin region query.
[INFO DRT-0181] Start track assignment.
[INFO DRT-0184] Done with 779 vertical wires in 1 frboxes and 459 horizontal wires in 1 frboxes.
[INFO DRT-0186] Done with 64 vertical wires in 1 frboxes and 111 horizontal wires in 1 frboxes.
[INFO DRT-0182] Complete track assignment.
[INFO DRT-0267] cpu time = 00:00:00, elapsed time = 00:00:00, memory = 134.16 (MB), peak = 184.23 (MB)
[INFO DRT-0187] Start routing data preparation.
[INFO DRT-0267] cpu time = 00:00:00, elapsed time = 00:00:00, memory = 134.16 (MB), peak = 184.23 (MB)
[INFO DRT-0194] Start detail routing.
[INFO DRT-0195] Start 0th optimization iteration.
    Completing 10% with 0 violations.
    elapsed time = 00:00:00, memory = 134.54 (MB).
    Completing 20% with 0 violations.
    elapsed time = 00:00:00, memory = 143.66 (MB).
    Completing 30% with 0 violations.
    elapsed time = 00:00:00, memory = 142.50 (MB).
    Completing 40% with 0 violations.
    elapsed time = 00:00:00, memory = 138.62 (MB).
    Completing 50% with 6 violations.
    elapsed time = 00:00:00, memory = 150.50 (MB).
    Completing 60% with 6 violations.
    elapsed time = 00:00:01, memory = 144.32 (MB).
    Completing 70% with 26 violations.
    elapsed time = 00:00:01, memory = 155.82 (MB).
    Completing 80% with 26 violations.
    elapsed time = 00:00:01, memory = 144.34 (MB).
    Completing 100% with 44 violations.
    elapsed time = 00:00:02, memory = 144.42 (MB).
[INFO DRT-0199]   Number of violations = 44.
Viol/Layer        met1   met2
Metal Spacing       22      1
Short               20      1
[INFO DRT-0267] cpu time = 00:00:05, elapsed time = 00:00:02, memory = 499.18 (MB), peak = 498.73 (MB)
Total wire length = 4531 um.
Total wire length on LAYER li1 = 0 um.
Total wire length on LAYER met1 = 2238 um.
Total wire length on LAYER met2 = 2047 um.
Total wire length on LAYER met3 = 245 um.
Total wire length on LAYER met4 = 0 um.
Total wire length on LAYER met5 = 0 um.
Total number of vias = 1422.
Up-via summary (total 1422):

-----------------------
 FR_MASTERSLICE       0
            li1     723
           met1     670
           met2      29
           met3       0
           met4       0
-----------------------
               1422


[INFO DRT-0195] Start 1st optimization iteration.
    Completing 10% with 44 violations.
    elapsed time = 00:00:00, memory = 502.94 (MB).
    Completing 20% with 44 violations.
    elapsed time = 00:00:00, memory = 504.05 (MB).
    Completing 30% with 44 violations.
    elapsed time = 00:00:00, memory = 504.18 (MB).
    Completing 40% with 44 violations.
    elapsed time = 00:00:00, memory = 504.18 (MB).
    Completing 50% with 44 violations.
    elapsed time = 00:00:00, memory = 234.01 (MB).
    Completing 60% with 44 violations.
    elapsed time = 00:00:00, memory = 234.01 (MB).
    Completing 70% with 45 violations.
    elapsed time = 00:00:00, memory = 237.48 (MB).
    Completing 80% with 45 violations.
    elapsed time = 00:00:00, memory = 237.48 (MB).
    Completing 100% with 12 violations.
    elapsed time = 00:00:02, memory = 237.48 (MB).
[INFO DRT-0199]   Number of violations = 12.
Viol/Layer        met1
Metal Spacing        5
Short                7
[INFO DRT-0267] cpu time = 00:00:05, elapsed time = 00:00:02, memory = 510.25 (MB), peak = 509.81 (MB)
Total wire length = 4509 um.
Total wire length on LAYER li1 = 0 um.
Total wire length on LAYER met1 = 2266 um.
Total wire length on LAYER met2 = 2001 um.
Total wire length on LAYER met3 = 242 um.
Total wire length on LAYER met4 = 0 um.
Total wire length on LAYER met5 = 0 um.
Total number of vias = 1411.
Up-via summary (total 1411):

-----------------------
 FR_MASTERSLICE       0
            li1     725
           met1     660
           met2      26
           met3       0
           met4       0
-----------------------
               1411


[INFO DRT-0195] Start 2nd optimization iteration.
    Completing 10% with 12 violations.
    elapsed time = 00:00:00, memory = 510.25 (MB).
    Completing 20% with 12 violations.
    elapsed time = 00:00:00, memory = 510.25 (MB).
    Completing 30% with 12 violations.
    elapsed time = 00:00:00, memory = 510.25 (MB).
    Completing 40% with 12 violations.
    elapsed time = 00:00:00, memory = 517.62 (MB).
    Completing 50% with 11 violations.
    elapsed time = 00:00:00, memory = 517.62 (MB).
    Completing 60% with 11 violations.
    elapsed time = 00:00:00, memory = 517.62 (MB).
    Completing 70% with 11 violations.
    elapsed time = 00:00:00, memory = 517.62 (MB).
    Completing 80% with 11 violations.
    elapsed time = 00:00:00, memory = 517.62 (MB).
    Completing 100% with 4 violations.
    elapsed time = 00:00:01, memory = 242.04 (MB).
[INFO DRT-0199]   Number of violations = 4.
Viol/Layer        met1
Metal Spacing        2
Short                2
[INFO DRT-0267] cpu time = 00:00:03, elapsed time = 00:00:01, memory = 517.64 (MB), peak = 517.31 (MB)
Total wire length = 4517 um.
Total wire length on LAYER li1 = 0 um.
Total wire length on LAYER met1 = 2266 um.
Total wire length on LAYER met2 = 2006 um.
Total wire length on LAYER met3 = 244 um.
Total wire length on LAYER met4 = 0 um.
Total wire length on LAYER met5 = 0 um.
Total number of vias = 1409.
Up-via summary (total 1409):

-----------------------
 FR_MASTERSLICE       0
            li1     725
           met1     654
           met2      30
           met3       0
           met4       0
-----------------------
               1409


[INFO DRT-0195] Start 3rd guides tiles iteration.
    Completing 30% with 4 violations.
    elapsed time = 00:00:00, memory = 518.27 (MB).
    Completing 60% with 0 violations.
    elapsed time = 00:00:00, memory = 518.27 (MB).
    Completing 100% with 0 violations.
    elapsed time = 00:00:00, memory = 518.27 (MB).
[INFO DRT-0199]   Number of violations = 0.
[INFO DRT-0267] cpu time = 00:00:01, elapsed time = 00:00:00, memory = 457.27 (MB), peak = 518.11 (MB)
Total wire length = 4513 um.
Total wire length on LAYER li1 = 0 um.
Total wire length on LAYER met1 = 2253 um.
Total wire length on LAYER met2 = 2005 um.
Total wire length on LAYER met3 = 254 um.
Total wire length on LAYER met4 = 0 um.
Total wire length on LAYER met5 = 0 um.
Total number of vias = 1412.
Up-via summary (total 1412):

-----------------------
 FR_MASTERSLICE       0
            li1     723
           met1     657
           met2      32
           met3       0
           met4       0
-----------------------
               1412


[INFO DRT-0198] Complete detail routing.
Total wire length = 4513 um.
Total wire length on LAYER li1 = 0 um.
Total wire length on LAYER met1 = 2253 um.
Total wire length on LAYER met2 = 2005 um.
Total wire length on LAYER met3 = 254 um.
Total wire length on LAYER met4 = 0 um.
Total wire length on LAYER met5 = 0 um.
Total number of vias = 1412.
Up-via summary (total 1412):

-----------------------
 FR_MASTERSLICE       0
            li1     723
           met1     657
           met2      32
           met3       0
           met4       0
-----------------------
               1412


[INFO DRT-0267] cpu time = 00:00:15, elapsed time = 00:00:08, memory = 457.45 (MB), peak = 518.11 (MB)

[INFO DRT-0180] Post processing.
+ check_antennas 
[INFO ANT-0002] Found 0 net violations.
[INFO ANT-0001] Found 0 pin violations.
Setting global connections for newly added cells…
[INFO] Setting global connections...
[INFO ODB-0403] 0 connections made, 0 conflicts skipped.
Updating metrics…
Cell type report:                       Count       Area
  Fill cell                                64     240.23
  Tap cell                                102     127.62
  Buffer                                    1       5.00
  Clock buffer                              7     140.13
  Timing Repair Buffer                     39     391.63
  Inverter                                 12      45.04
  Sequential cell                          30     638.11
  Multi-Input combinational cell          135    1169.87
  Total                                   390    2757.64
Writing OpenROAD database to '/home/runner/work/ASIC_101/ASIC_101/files/alu/pd/runs/cla-10ns/44-openroad-detailedrouting/alu_top.odb'…
Writing netlist to '/home/runner/work/ASIC_101/ASIC_101/files/alu/pd/runs/cla-10ns/44-openroad-detailedrouting/alu_top.nl.v'…
Writing powered netlist to '/home/runner/work/ASIC_101/ASIC_101/files/alu/pd/runs/cla-10ns/44-openroad-detailedrouting/alu_top.pnl.v'…
Writing layout to '/home/runner/work/ASIC_101/ASIC_101/files/alu/pd/runs/cla-10ns/44-openroad-detailedrouting/alu_top.def'…
Writing timing constraints to '/home/runner/work/ASIC_101/ASIC_101/files/alu/pd/runs/cla-10ns/44-openroad-detailedrouting/alu_top.sdc'…
