
===========================================================================
report_checks -unconstrained
===========================================================================
======================= nom_tt_025C_1v80 Corner ===================================

Startpoint: _319_ (rising edge-triggered flip-flop clocked by clk)
Endpoint: _300_ (rising edge-triggered flip-flop clocked by clk)
Path Group: clk
Path Type: max

Fanout         Cap        Slew       Delay        Time   Description
---------------------------------------------------------------------------------------------
                                  0.000000    0.000000   clock clk (rise edge)
                                  0.000000    0.000000   clock source latency
     1    0.016434    0.079868    0.057643    0.057643 ^ clk (in)
                                                         clk (net)
                      0.079891    0.000000    0.057643 ^ clkbuf_0_clk/A (sky130_fd_sc_hd__clkbuf_16)
     4    0.039389    0.059206    0.161664    0.219307 ^ clkbuf_0_clk/X (sky130_fd_sc_hd__clkbuf_16)
                                                         clknet_0_clk (net)
                      0.059234    0.001164    0.220471 ^ clkbuf_2_2__f_clk/A (sky130_fd_sc_hd__clkbuf_16)
     8    0.025821    0.047065    0.142733    0.363204 ^ clkbuf_2_2__f_clk/X (sky130_fd_sc_hd__clkbuf_16)
                                                         clknet_2_2__leaf_clk (net)
                      0.047082    0.000857    0.364061 ^ _319_/CLK (sky130_fd_sc_hd__dfxtp_2)
     2    0.005879    0.029548    0.327529    0.691590 v _319_/Q (sky130_fd_sc_hd__dfxtp_2)
                                                         op_q[2] (net)
                      0.029548    0.000106    0.691696 v fanout34/A (sky130_fd_sc_hd__clkdlybuf4s25_1)
    10    0.042517    0.314322    0.472907    1.164602 v fanout34/X (sky130_fd_sc_hd__clkdlybuf4s25_1)
                                                         net34 (net)
                      0.314323    0.001194    1.165796 v _225_/B (sky130_fd_sc_hd__or3b_2)
     3    0.025451    0.144565    0.664049    1.829845 v _225_/X (sky130_fd_sc_hd__or3b_2)
                                                         _127_ (net)
                      0.144565    0.000682    1.830527 v max_cap33/A (sky130_fd_sc_hd__buf_6)
     6    0.056565    0.062684    0.206387    2.036915 v max_cap33/X (sky130_fd_sc_hd__buf_6)
                                                         net33 (net)
                      0.062742    0.001911    2.038826 v _239_/A2 (sky130_fd_sc_hd__o21a_2)
     2    0.012772    0.056847    0.237990    2.276816 v _239_/X (sky130_fd_sc_hd__o21a_2)
                                                         _141_ (net)
                      0.056849    0.000358    2.277174 v _240_/B1_N (sky130_fd_sc_hd__o21bai_2)
     4    0.016863    0.096439    0.243601    2.520776 v _240_/Y (sky130_fd_sc_hd__o21bai_2)
                                                         _142_ (net)
                      0.096440    0.000520    2.521296 v _242_/A3 (sky130_fd_sc_hd__a311o_2)
     5    0.024973    0.109194    0.498901    3.020197 v _242_/X (sky130_fd_sc_hd__a311o_2)
                                                         _144_ (net)
                      0.109218    0.001653    3.021850 v _290_/B (sky130_fd_sc_hd__and3_2)
     1    0.001919    0.034738    0.221834    3.243685 v _290_/X (sky130_fd_sc_hd__and3_2)
                                                         _071_ (net)
                      0.034738    0.000056    3.243741 v _292_/B (sky130_fd_sc_hd__or3_2)
     1    0.003692    0.079148    0.465592    3.709332 v _292_/X (sky130_fd_sc_hd__or3_2)
                                                         _073_ (net)
                      0.079148    0.000125    3.709457 v _297_/A2_N (sky130_fd_sc_hd__o2bb2a_2)
     2    0.007724    0.061713    0.277571    3.987028 ^ _297_/X (sky130_fd_sc_hd__o2bb2a_2)
                                                         _078_ (net)
                      0.061713    0.000185    3.987213 ^ _178_/A_N (sky130_fd_sc_hd__and4bb_2)
     1    0.008052    0.053653    0.250916    4.238129 v _178_/X (sky130_fd_sc_hd__and4bb_2)
                                                         _108_ (net)
                      0.053654    0.000377    4.238506 v _189_/A3 (sky130_fd_sc_hd__a41o_2)
     1    0.002977    0.037387    0.272541    4.511048 v _189_/X (sky130_fd_sc_hd__a41o_2)
                                                         _002_ (net)
                      0.037479    0.000101    4.511149 v _300_/D (sky130_fd_sc_hd__dfxtp_2)
                                              4.511149   data arrival time

                                 10.000000   10.000000   clock clk (rise edge)
                                  0.000000   10.000000   clock source latency
     1    0.016434    0.079868    0.052153   10.052154 ^ clk (in)
                                                         clk (net)
                      0.079891    0.000000   10.052154 ^ clkbuf_0_clk/A (sky130_fd_sc_hd__clkbuf_16)
     4    0.039389    0.059206    0.146268   10.198421 ^ clkbuf_0_clk/X (sky130_fd_sc_hd__clkbuf_16)
                                                         clknet_0_clk (net)
                      0.059235    0.001083   10.199504 ^ clkbuf_2_3__f_clk/A (sky130_fd_sc_hd__clkbuf_16)
     8    0.026021    0.047278    0.129134   10.328638 ^ clkbuf_2_3__f_clk/X (sky130_fd_sc_hd__clkbuf_16)
                                                         clknet_2_3__leaf_clk (net)
                      0.047328    0.001271   10.329908 ^ _300_/CLK (sky130_fd_sc_hd__dfxtp_2)
                                 -0.250000   10.079908   clock uncertainty
                                  0.020886   10.100795   clock reconvergence pessimism
                                 -0.109058    9.991736   library setup time
                                              9.991736   data required time
---------------------------------------------------------------------------------------------
                                              9.991736   data required time
                                             -4.511149   data arrival time
---------------------------------------------------------------------------------------------
                                              5.480587   slack (MET)




===========================================================================
report_checks --slack_max -0.01
============================================================================
======================= nom_tt_025C_1v80 Corner ===================================

No paths found.


===========================================================================
 report_check_types -max_slew -max_cap -max_fanout -violators
============================================================================
======================= nom_tt_025C_1v80 Corner ===================================



===========================================================================
report_parasitic_annotation -report_unannotated
============================================================================
Found 2 unannotated drivers.
 clkload0/X
 clkload1/X
Found 0 partially unannotated drivers.

===========================================================================
max slew violation count 0
max fanout violation count 0
max cap violation count 0
============================================================================

===========================================================================
check_setup -verbose -unconstrained_endpoints -multiple_clock -no_clock -no_input_delay -loops -generated_clocks
===========================================================================
