Clock: clk
Sources: clk 
Generated: no
Virtual: yes
Propagated: no
Period: 10.000000

===========================================================================
report_clock_properties
============================================================================
Clock                   Period          Waveform
----------------------------------------------------
clk                  10.000000    0.000000  5.000000

===========================================================================
report_clock_latency
============================================================================
Clock clk
rise -> rise
    min     max
0.000000 0.000000 source latency
0.329238         network latency _299_/CLK
        0.367501 network latency _324_/CLK
---------------
0.329238 0.367501 latency
        0.038263 skew

fall -> fall
    min     max
0.000000 0.000000 source latency
0.313596         network latency _299_/CLK
        0.349964 network latency _324_/CLK
---------------
0.313596 0.349964 latency
        0.036369 skew



===========================================================================
report_clock_min_period
============================================================================
clk period_min = 4.52 fmax = 221.27
