┏━━━━━━━━━━━━━━━━━━━━━━┳━━━━━━━━━━┳━━━━━━━━━━┳━━━━━━━━━━┳━━━━━━━━━━┳━━━━━━━━━━━┳━━━━━━━━━━┳━━━━━━━━━━━┳━━━━━━━━━━┳━━━━━━━━━━━┳━━━━━━━━━━┳━━━━━━━━━━━┳━━━━━━━━━━┓
┃                      ┃ Hold     ┃ Reg to   ┃          ┃          ┃ of which  ┃ Setup    ┃           ┃          ┃           ┃ of which ┃           ┃          ┃
┃                      ┃ Worst    ┃ Reg      ┃          ┃ Hold Vio ┃ reg to    ┃ Worst    ┃ Reg to    ┃ Setup    ┃ Setup Vio ┃ reg to   ┃ Max Cap   ┃ Max Slew ┃
┃ Corner/Group         ┃ Slack    ┃ Paths    ┃ Hold TNS ┃ Count    ┃ reg       ┃ Slack    ┃ Reg Paths ┃ TNS      ┃ Count     ┃ reg      ┃ Violatio… ┃ Violati… ┃
┡━━━━━━━━━━━━━━━━━━━━━━╇━━━━━━━━━━╇━━━━━━━━━━╇━━━━━━━━━━╇━━━━━━━━━━╇━━━━━━━━━━━╇━━━━━━━━━━╇━━━━━━━━━━━╇━━━━━━━━━━╇━━━━━━━━━━━╇━━━━━━━━━━╇━━━━━━━━━━━╇━━━━━━━━━━┩
│ Overall              │ 0.1282   │ 0.1282   │ 0.0000   │ 0        │ 0         │ -1.4196  │ -1.4196   │ -7.0843  │ 24        │ 24       │ 0         │ 31       │
│ nom_tt_025C_1v80     │ 0.3523   │ 0.3523   │ 0.0000   │ 0        │ 0         │ 1.5411   │ 1.5411    │ 0.0000   │ 0         │ 0        │ 0         │ 0        │
│ nom_ss_100C_1v60     │ 0.8380   │ 0.9425   │ 0.0000   │ 0        │ 0         │ -1.3587  │ -1.3587   │ -6.8216  │ 8         │ 8        │ 0         │ 31       │
│ nom_ff_n40C_1v95     │ 0.1306   │ 0.1306   │ 0.0000   │ 0        │ 0         │ 2.7323   │ 2.7323    │ 0.0000   │ 0         │ 0        │ 0         │ 0        │
│ min_tt_025C_1v80     │ 0.3478   │ 0.3478   │ 0.0000   │ 0        │ 0         │ 1.5736   │ 1.5736    │ 0.0000   │ 0         │ 0        │ 0         │ 0        │
│ min_ss_100C_1v60     │ 0.8478   │ 0.9357   │ 0.0000   │ 0        │ 0         │ -1.3030  │ -1.3030   │ -6.5868  │ 8         │ 8        │ 0         │ 31       │
│ min_ff_n40C_1v95     │ 0.1282   │ 0.1282   │ 0.0000   │ 0        │ 0         │ 2.7437   │ 2.7437    │ 0.0000   │ 0         │ 0        │ 0         │ 0        │
│ max_tt_025C_1v80     │ 0.3582   │ 0.3582   │ 0.0000   │ 0        │ 0         │ 1.5048   │ 1.5048    │ 0.0000   │ 0         │ 0        │ 0         │ 0        │
│ max_ss_100C_1v60     │ 0.8263   │ 0.9511   │ 0.0000   │ 0        │ 0         │ -1.4196  │ -1.4196   │ -7.0843  │ 8         │ 8        │ 0         │ 31       │
│ max_ff_n40C_1v95     │ 0.1335   │ 0.1335   │ 0.0000   │ 0        │ 0         │ 2.7188   │ 2.7188    │ 0.0000   │ 0         │ 0        │ 0         │ 0        │
└──────────────────────┴──────────┴──────────┴──────────┴──────────┴───────────┴──────────┴───────────┴──────────┴───────────┴──────────┴───────────┴──────────┘
