
===========================================================================
report_checks -unconstrained
===========================================================================
======================= max_ss_100C_1v60 Corner ===================================

Startpoint: _323_ (rising edge-triggered flip-flop clocked by clk)
Endpoint: _305_ (rising edge-triggered flip-flop clocked by clk)
Path Group: clk
Path Type: max

Fanout         Cap        Slew       Delay        Time   Description
---------------------------------------------------------------------------------------------
                                  0.000000    0.000000   clock clk (rise edge)
                                  0.000000    0.000000   clock source latency
     1    0.018574    0.140044    0.100221    0.100221 ^ clk (in)
                                                         clk (net)
                      0.140057    0.000000    0.100221 ^ clkbuf_0_clk/A (sky130_fd_sc_hd__clkbuf_16)
     4    0.041615    0.095841    0.297736    0.397957 ^ clkbuf_0_clk/X (sky130_fd_sc_hd__clkbuf_16)
                                                         clknet_0_clk (net)
                      0.095958    0.002344    0.400301 ^ clkbuf_2_0__f_clk/A (sky130_fd_sc_hd__clkbuf_16)
     8    0.027107    0.076592    0.254822    0.655123 ^ clkbuf_2_0__f_clk/X (sky130_fd_sc_hd__clkbuf_16)
                                                         clknet_2_0__leaf_clk (net)
                      0.076692    0.002460    0.657583 ^ _323_/CLK (sky130_fd_sc_hd__dfxtp_4)
     2    0.003618    0.050456    0.673410    1.330993 v _323_/Q (sky130_fd_sc_hd__dfxtp_4)
                                                         op_q[0] (net)
                      0.050456    0.000152    1.331145 v rebuffer42/A (sky130_fd_sc_hd__buf_2)
     7    0.024406    0.127114    0.318874    1.650018 v rebuffer42/X (sky130_fd_sc_hd__buf_2)
                                                         net42 (net)
                      0.127136    0.001747    1.651765 v _244_/B (sky130_fd_sc_hd__nand3_2)
     4    0.025735    0.238499    0.269622    1.921388 ^ _244_/Y (sky130_fd_sc_hd__nand3_2)
                                                         _049_ (net)
                      0.238503    0.000801    1.922188 ^ fanout33/A (sky130_fd_sc_hd__dlymetal6s4s_1)
    10    0.060989    0.918920    1.031794    2.953982 ^ fanout33/X (sky130_fd_sc_hd__dlymetal6s4s_1)
                                                         net33 (net)
                      0.918933    0.003124    2.957106 ^ _275_/B1 (sky130_fd_sc_hd__o21ai_2)
     1    0.004758    0.184492    0.348444    3.305550 v _275_/Y (sky130_fd_sc_hd__o21ai_2)
                                                         _077_ (net)
                      0.184492    0.000375    3.305925 v _276_/C1 (sky130_fd_sc_hd__a211o_2)
     1    0.006263    0.101067    0.603492    3.909417 v _276_/X (sky130_fd_sc_hd__a211o_2)
                                                         _078_ (net)
                      0.101067    0.000448    3.909865 v _277_/B1 (sky130_fd_sc_hd__a21o_2)
     1    0.002912    0.057351    0.363644    4.273509 v _277_/X (sky130_fd_sc_hd__a21o_2)
                                                         _079_ (net)
                      0.057543    0.000210    4.273719 v _279_/B1 (sky130_fd_sc_hd__a211o_2)
     2    0.006096    0.100064    0.624545    4.898264 v _279_/X (sky130_fd_sc_hd__a211o_2)
                                                         _081_ (net)
                      0.100379    0.000478    4.898742 v _172_/A1 (sky130_fd_sc_hd__a2111o_2)
     1    0.006308    0.130652    0.894430    5.793171 v _172_/X (sky130_fd_sc_hd__a2111o_2)
                                                         _116_ (net)
                      0.130652    0.000530    5.793701 v _173_/B2 (sky130_fd_sc_hd__a22o_4)
     1    0.010221    0.078061    0.465577    6.259279 v _173_/X (sky130_fd_sc_hd__a22o_4)
                                                         _117_ (net)
                      0.078061    0.000577    6.259855 v _174_/D1 (sky130_fd_sc_hd__a2111oi_4)
     1    0.003216    0.365100    0.320531    6.580387 ^ _174_/Y (sky130_fd_sc_hd__a2111oi_4)
                                                         _009_ (net)
                      0.365100    0.000202    6.580588 ^ _305_/D (sky130_fd_sc_hd__dfxtp_2)
                                              6.580588   data arrival time

                                  5.000000    5.000000   clock clk (rise edge)
                                  0.000000    5.000000   clock source latency
     1    0.018574    0.140044    0.090676    5.090676 ^ clk (in)
                                                         clk (net)
                      0.140057    0.000000    5.090676 ^ clkbuf_0_clk/A (sky130_fd_sc_hd__clkbuf_16)
     4    0.041615    0.095841    0.269380    5.360056 ^ clkbuf_0_clk/X (sky130_fd_sc_hd__clkbuf_16)
                                                         clknet_0_clk (net)
                      0.095932    0.001742    5.361798 ^ clkbuf_2_3__f_clk/A (sky130_fd_sc_hd__clkbuf_16)
     8    0.024859    0.073494    0.227896    5.589694 ^ clkbuf_2_3__f_clk/X (sky130_fd_sc_hd__clkbuf_16)
                                                         clknet_2_3__leaf_clk (net)
                      0.073564    0.001186    5.590880 ^ _305_/CLK (sky130_fd_sc_hd__dfxtp_2)
                                 -0.250000    5.340880   clock uncertainty
                                  0.037901    5.378781   clock reconvergence pessimism
                                 -0.217831    5.160950   library setup time
                                              5.160950   data required time
---------------------------------------------------------------------------------------------
                                              5.160950   data required time
                                             -6.580588   data arrival time
---------------------------------------------------------------------------------------------
                                             -1.419639   slack (VIOLATED)




===========================================================================
report_checks --slack_max -0.01
============================================================================
======================= max_ss_100C_1v60 Corner ===================================

Startpoint: _323_ (rising edge-triggered flip-flop clocked by clk)
Endpoint: _305_ (rising edge-triggered flip-flop clocked by clk)
Path Group: clk
Path Type: max

Fanout         Cap        Slew       Delay        Time   Description
---------------------------------------------------------------------------------------------
                                  0.000000    0.000000   clock clk (rise edge)
                                  0.000000    0.000000   clock source latency
     1    0.018574    0.140044    0.100221    0.100221 ^ clk (in)
                                                         clk (net)
                      0.140057    0.000000    0.100221 ^ clkbuf_0_clk/A (sky130_fd_sc_hd__clkbuf_16)
     4    0.041615    0.095841    0.297736    0.397957 ^ clkbuf_0_clk/X (sky130_fd_sc_hd__clkbuf_16)
                                                         clknet_0_clk (net)
                      0.095958    0.002344    0.400301 ^ clkbuf_2_0__f_clk/A (sky130_fd_sc_hd__clkbuf_16)
     8    0.027107    0.076592    0.254822    0.655123 ^ clkbuf_2_0__f_clk/X (sky130_fd_sc_hd__clkbuf_16)
                                                         clknet_2_0__leaf_clk (net)
                      0.076692    0.002460    0.657583 ^ _323_/CLK (sky130_fd_sc_hd__dfxtp_4)
     2    0.003618    0.050456    0.673410    1.330993 v _323_/Q (sky130_fd_sc_hd__dfxtp_4)
                                                         op_q[0] (net)
                      0.050456    0.000152    1.331145 v rebuffer42/A (sky130_fd_sc_hd__buf_2)
     7    0.024406    0.127114    0.318874    1.650018 v rebuffer42/X (sky130_fd_sc_hd__buf_2)
                                                         net42 (net)
                      0.127136    0.001747    1.651765 v _244_/B (sky130_fd_sc_hd__nand3_2)
     4    0.025735    0.238499    0.269622    1.921388 ^ _244_/Y (sky130_fd_sc_hd__nand3_2)
                                                         _049_ (net)
                      0.238503    0.000801    1.922188 ^ fanout33/A (sky130_fd_sc_hd__dlymetal6s4s_1)
    10    0.060989    0.918920    1.031794    2.953982 ^ fanout33/X (sky130_fd_sc_hd__dlymetal6s4s_1)
                                                         net33 (net)
                      0.918933    0.003124    2.957106 ^ _275_/B1 (sky130_fd_sc_hd__o21ai_2)
     1    0.004758    0.184492    0.348444    3.305550 v _275_/Y (sky130_fd_sc_hd__o21ai_2)
                                                         _077_ (net)
                      0.184492    0.000375    3.305925 v _276_/C1 (sky130_fd_sc_hd__a211o_2)
     1    0.006263    0.101067    0.603492    3.909417 v _276_/X (sky130_fd_sc_hd__a211o_2)
                                                         _078_ (net)
                      0.101067    0.000448    3.909865 v _277_/B1 (sky130_fd_sc_hd__a21o_2)
     1    0.002912    0.057351    0.363644    4.273509 v _277_/X (sky130_fd_sc_hd__a21o_2)
                                                         _079_ (net)
                      0.057543    0.000210    4.273719 v _279_/B1 (sky130_fd_sc_hd__a211o_2)
     2    0.006096    0.100064    0.624545    4.898264 v _279_/X (sky130_fd_sc_hd__a211o_2)
                                                         _081_ (net)
                      0.100379    0.000478    4.898742 v _172_/A1 (sky130_fd_sc_hd__a2111o_2)
     1    0.006308    0.130652    0.894430    5.793171 v _172_/X (sky130_fd_sc_hd__a2111o_2)
                                                         _116_ (net)
                      0.130652    0.000530    5.793701 v _173_/B2 (sky130_fd_sc_hd__a22o_4)
     1    0.010221    0.078061    0.465577    6.259279 v _173_/X (sky130_fd_sc_hd__a22o_4)
                                                         _117_ (net)
                      0.078061    0.000577    6.259855 v _174_/D1 (sky130_fd_sc_hd__a2111oi_4)
     1    0.003216    0.365100    0.320531    6.580387 ^ _174_/Y (sky130_fd_sc_hd__a2111oi_4)
                                                         _009_ (net)
                      0.365100    0.000202    6.580588 ^ _305_/D (sky130_fd_sc_hd__dfxtp_2)
                                              6.580588   data arrival time

                                  5.000000    5.000000   clock clk (rise edge)
                                  0.000000    5.000000   clock source latency
     1    0.018574    0.140044    0.090676    5.090676 ^ clk (in)
                                                         clk (net)
                      0.140057    0.000000    5.090676 ^ clkbuf_0_clk/A (sky130_fd_sc_hd__clkbuf_16)
     4    0.041615    0.095841    0.269380    5.360056 ^ clkbuf_0_clk/X (sky130_fd_sc_hd__clkbuf_16)
                                                         clknet_0_clk (net)
                      0.095932    0.001742    5.361798 ^ clkbuf_2_3__f_clk/A (sky130_fd_sc_hd__clkbuf_16)
     8    0.024859    0.073494    0.227896    5.589694 ^ clkbuf_2_3__f_clk/X (sky130_fd_sc_hd__clkbuf_16)
                                                         clknet_2_3__leaf_clk (net)
                      0.073564    0.001186    5.590880 ^ _305_/CLK (sky130_fd_sc_hd__dfxtp_2)
                                 -0.250000    5.340880   clock uncertainty
                                  0.037901    5.378781   clock reconvergence pessimism
                                 -0.217831    5.160950   library setup time
                                              5.160950   data required time
---------------------------------------------------------------------------------------------
                                              5.160950   data required time
                                             -6.580588   data arrival time
---------------------------------------------------------------------------------------------
                                             -1.419639   slack (VIOLATED)




===========================================================================
 report_check_types -max_slew -max_cap -max_fanout -violators
============================================================================
======================= max_ss_100C_1v60 Corner ===================================

max slew

Pin                                        Limit        Slew       Slack
------------------------------------------------------------------------
_157_/C1                                0.750000    0.919009   -0.169009 (VIOLATED)
_151_/A2                                0.750000    0.919004   -0.169004 (VIOLATED)
_161_/A2                                0.750000    0.918984   -0.168984 (VIOLATED)
_280_/B                                 0.750000    0.918970   -0.168970 (VIOLATED)
_270_/B1                                0.750000    0.918960   -0.168960 (VIOLATED)
_269_/C1                                0.750000    0.918951   -0.168951 (VIOLATED)
_259_/A2                                0.750000    0.918948   -0.168948 (VIOLATED)
_275_/B1                                0.750000    0.918933   -0.168933 (VIOLATED)
_246_/C1                                0.750000    0.918924   -0.168924 (VIOLATED)
_247_/A2                                0.750000    0.918924   -0.168924 (VIOLATED)
fanout33/X                              0.750000    0.918920   -0.168920 (VIOLATED)
_170_/A1                                0.750000    0.877003   -0.127004 (VIOLATED)
_235_/C1                                0.750000    0.877002   -0.127002 (VIOLATED)
_160_/A1                                0.750000    0.876998   -0.126998 (VIOLATED)
_150_/A1                                0.750000    0.876990   -0.126990 (VIOLATED)
_279_/A1                                0.750000    0.876977   -0.126977 (VIOLATED)
_264_/A                                 0.750000    0.876961   -0.126961 (VIOLATED)
_258_/A1                                0.750000    0.876951   -0.126951 (VIOLATED)
_288_/A1                                0.750000    0.876941   -0.126941 (VIOLATED)
_200_/Y                                 0.750000    0.876936   -0.126937 (VIOLATED)
_179_/A                                 0.750000    0.812188   -0.062188 (VIOLATED)
_188_/A                                 0.750000    0.812188   -0.062188 (VIOLATED)
_180_/A                                 0.750000    0.812187   -0.062187 (VIOLATED)
_181_/A                                 0.750000    0.812186   -0.062186 (VIOLATED)
_189_/A                                 0.750000    0.812186   -0.062186 (VIOLATED)
_151_/C1                                0.750000    0.812174   -0.062174 (VIOLATED)
_161_/C1                                0.750000    0.812164   -0.062164 (VIOLATED)
_171_/A                                 0.750000    0.812164   -0.062164 (VIOLATED)
_174_/A1                                0.750000    0.812160   -0.062160 (VIOLATED)
_173_/B1                                0.750000    0.812152   -0.062152 (VIOLATED)
fanout37/X                              0.750000    0.812151   -0.062151 (VIOLATED)



===========================================================================
report_parasitic_annotation -report_unannotated
============================================================================
Found 2 unannotated drivers.
 clkload0/X
 clkload1/X
Found 0 partially unannotated drivers.

===========================================================================
max slew violation count 31
max fanout violation count 0
max cap violation count 0
============================================================================

===========================================================================
check_setup -verbose -unconstrained_endpoints -multiple_clock -no_clock -no_input_delay -loops -generated_clocks
===========================================================================
