Clock: clk
Sources: clk 
Generated: no
Virtual: yes
Propagated: no
Period: 5.000000

===========================================================================
report_clock_properties
============================================================================
Clock                   Period          Waveform
----------------------------------------------------
clk                   5.000000    0.000000  2.500000

===========================================================================
report_clock_latency
============================================================================
Clock clk
rise -> rise
    min     max
0.000000 0.000000 source latency
0.590751         network latency _306_/CLK
        0.661875 network latency _311_/CLK
---------------
0.590751 0.661875 latency
        0.071123 skew

fall -> fall
    min     max
0.000000 0.000000 source latency
0.573201         network latency _306_/CLK
        0.641218 network latency _311_/CLK
---------------
0.573201 0.641218 latency
        0.068017 skew



===========================================================================
report_clock_min_period
============================================================================
clk period_min = 6.42 fmax = 155.77
