
===========================================================================
 report_power
============================================================================
======================= max_ss_100C_1v60 Corner ===================================

Group                    Internal    Switching      Leakage        Total
                            Power        Power        Power        Power (Watts)
------------------------------------------------------------------------
Sequential           2.027478e-04 1.138220e-05 4.656775e-07 2.145957e-04  34.0%
Combinational        9.660637e-05 8.515582e-05 1.080366e-06 1.828426e-04  29.0%
Clock                1.564590e-04 7.723227e-05 1.117431e-07 2.338030e-04  37.0%
Macro                0.000000e+00 0.000000e+00 0.000000e+00 0.000000e+00   0.0%
Pad                  0.000000e+00 0.000000e+00 0.000000e+00 0.000000e+00   0.0%
------------------------------------------------------------------------
Total                4.558132e-04 1.737703e-04 1.657786e-06 6.312413e-04 100.0%
                            72.2%        27.5%         0.3%

