┏━━━━━━━━━━━━━━━━━━━━━━┳━━━━━━━━━━┳━━━━━━━━━━┳━━━━━━━━━━┳━━━━━━━━━━┳━━━━━━━━━━━┳━━━━━━━━━━┳━━━━━━━━━━━┳━━━━━━━━━━┳━━━━━━━━━━━┳━━━━━━━━━━┳━━━━━━━━━━━┳━━━━━━━━━━┓
┃                      ┃ Hold     ┃ Reg to   ┃          ┃          ┃ of which  ┃ Setup    ┃           ┃          ┃           ┃ of which ┃           ┃          ┃
┃                      ┃ Worst    ┃ Reg      ┃          ┃ Hold Vio ┃ reg to    ┃ Worst    ┃ Reg to    ┃ Setup    ┃ Setup Vio ┃ reg to   ┃ Max Cap   ┃ Max Slew ┃
┃ Corner/Group         ┃ Slack    ┃ Paths    ┃ Hold TNS ┃ Count    ┃ reg       ┃ Slack    ┃ Reg Paths ┃ TNS      ┃ Count     ┃ reg      ┃ Violatio… ┃ Violati… ┃
┡━━━━━━━━━━━━━━━━━━━━━━╇━━━━━━━━━━╇━━━━━━━━━━╇━━━━━━━━━━╇━━━━━━━━━━╇━━━━━━━━━━━╇━━━━━━━━━━╇━━━━━━━━━━━╇━━━━━━━━━━╇━━━━━━━━━━━╇━━━━━━━━━━╇━━━━━━━━━━━╇━━━━━━━━━━┩
│ Overall              │ 0.1279   │ 0.1279   │ 0.0000   │ 0        │ 0         │ -3.2957  │ -3.2957   │ -26.9401 │ 51        │ 51       │ 0         │ 20       │
│ nom_tt_025C_1v80     │ 0.3499   │ 0.3527   │ 0.0000   │ 0        │ 0         │ -0.4395  │ -0.4395   │ -1.4795  │ 6         │ 6        │ 0         │ 0        │
│ nom_ss_100C_1v60     │ 0.4384   │ 0.9433   │ 0.0000   │ 0        │ 0         │ -3.2673  │ -3.2673   │ -26.6801 │ 11        │ 11       │ 0         │ 20       │
│ nom_ff_n40C_1v95     │ 0.1302   │ 0.1302   │ 0.0000   │ 0        │ 0         │ 0.7330   │ 0.7330    │ 0.0000   │ 0         │ 0        │ 0         │ 0        │
│ min_tt_025C_1v80     │ 0.3480   │ 0.3480   │ 0.0000   │ 0        │ 0         │ -0.4243  │ -0.4243   │ -1.4006  │ 6         │ 6        │ 0         │ 0        │
│ min_ss_100C_1v60     │ 0.4480   │ 0.9362   │ 0.0000   │ 0        │ 0         │ -3.2404  │ -3.2404   │ -26.4419 │ 11        │ 11       │ 0         │ 9        │
│ min_ff_n40C_1v95     │ 0.1279   │ 0.1279   │ 0.0000   │ 0        │ 0         │ 0.7444   │ 0.7444    │ 0.0000   │ 0         │ 0        │ 0         │ 0        │
│ max_tt_025C_1v80     │ 0.3422   │ 0.3589   │ 0.0000   │ 0        │ 0         │ -0.4567  │ -0.4567   │ -1.5707  │ 6         │ 6        │ 0         │ 0        │
│ max_ss_100C_1v60     │ 0.4272   │ 0.9523   │ 0.0000   │ 0        │ 0         │ -3.2957  │ -3.2957   │ -26.9401 │ 11        │ 11       │ 0         │ 20       │
│ max_ff_n40C_1v95     │ 0.1332   │ 0.1332   │ 0.0000   │ 0        │ 0         │ 0.7196   │ 0.7196    │ 0.0000   │ 0         │ 0        │ 0         │ 0        │
└──────────────────────┴──────────┴──────────┴──────────┴──────────┴───────────┴──────────┴───────────┴──────────┴───────────┴──────────┴───────────┴──────────┘
