
===========================================================================
report_checks -unconstrained
===========================================================================
======================= max_ss_100C_1v60 Corner ===================================

Startpoint: _323_ (rising edge-triggered flip-flop clocked by clk)
Endpoint: _305_ (rising edge-triggered flip-flop clocked by clk)
Path Group: clk
Path Type: max

Fanout         Cap        Slew       Delay        Time   Description
---------------------------------------------------------------------------------------------
                                  0.000000    0.000000   clock clk (rise edge)
                                  0.000000    0.000000   clock source latency
     1    0.018669    0.140694    0.100716    0.100716 ^ clk (in)
                                                         clk (net)
                      0.140706    0.000000    0.100716 ^ clkbuf_0_clk/A (sky130_fd_sc_hd__clkbuf_16)
     4    0.040432    0.095253    0.296398    0.397114 ^ clkbuf_0_clk/X (sky130_fd_sc_hd__clkbuf_16)
                                                         clknet_0_clk (net)
                      0.095312    0.002280    0.399394 ^ clkbuf_2_0__f_clk/A (sky130_fd_sc_hd__clkbuf_16)
     8    0.026825    0.076211    0.254100    0.653494 ^ clkbuf_2_0__f_clk/X (sky130_fd_sc_hd__clkbuf_16)
                                                         clknet_2_0__leaf_clk (net)
                      0.076309    0.002429    0.655923 ^ _323_/CLK (sky130_fd_sc_hd__dfxtp_2)
     8    0.026404    0.222885    0.817340    1.473263 ^ _323_/Q (sky130_fd_sc_hd__dfxtp_2)
                                                         op_q[0] (net)
                      0.222885    0.000800    1.474063 ^ _201_/C_N (sky130_fd_sc_hd__or3b_2)
     5    0.043945    0.375125    1.453957    2.928020 v _201_/X (sky130_fd_sc_hd__or3b_2)
                                                         _125_ (net)
                      0.375193    0.005256    2.933277 v _224_/B (sky130_fd_sc_hd__xnor2_2)
     4    0.016301    0.190287    0.458705    3.391982 v _224_/Y (sky130_fd_sc_hd__xnor2_2)
                                                         _030_ (net)
                      0.190289    0.001071    3.393053 v _225_/B (sky130_fd_sc_hd__or2_2)
     4    0.014917    0.174508    0.802016    4.195070 v _225_/X (sky130_fd_sc_hd__or2_2)
                                                         _031_ (net)
                      0.174509    0.000802    4.195872 v _230_/A2 (sky130_fd_sc_hd__a311o_2)
     3    0.014333    0.151296    0.845370    5.041242 v _230_/X (sky130_fd_sc_hd__a311o_2)
                                                         _036_ (net)
                      0.151300    0.001083    5.042325 v _233_/A3 (sky130_fd_sc_hd__a311o_2)
     3    0.015091    0.155636    0.883580    5.925905 v _233_/X (sky130_fd_sc_hd__a311o_2)
                                                         _039_ (net)
                      0.155639    0.000989    5.926894 v _234_/A3 (sky130_fd_sc_hd__a31o_2)
     3    0.017969    0.128360    0.590373    6.517267 v _234_/X (sky130_fd_sc_hd__a31o_2)
                                                         _040_ (net)
                      0.128373    0.001358    6.518625 v _164_/A (sky130_fd_sc_hd__xnor2_2)
     1    0.002583    0.081135    0.257432    6.776057 v _164_/Y (sky130_fd_sc_hd__xnor2_2)
                                                         _109_ (net)
                      0.081136    0.000195    6.776253 v _170_/A2 (sky130_fd_sc_hd__a21o_2)
     2    0.007225    0.077644    0.426974    7.203226 v _170_/X (sky130_fd_sc_hd__a21o_2)
                                                         _115_ (net)
                      0.077644    0.000706    7.203932 v _174_/A2 (sky130_fd_sc_hd__a2111oi_2)
     1    0.003356    0.433723    0.636092    7.840024 ^ _174_/Y (sky130_fd_sc_hd__a2111oi_2)
                                                         _009_ (net)
                      0.433723    0.000208    7.840232 ^ _305_/D (sky130_fd_sc_hd__dfxtp_2)
                                              7.840232   data arrival time

                                 10.000000   10.000000   clock clk (rise edge)
                                  0.000000   10.000000   clock source latency
     1    0.018669    0.140694    0.091124   10.091124 ^ clk (in)
                                                         clk (net)
                      0.140706    0.000000   10.091124 ^ clkbuf_0_clk/A (sky130_fd_sc_hd__clkbuf_16)
     4    0.040432    0.095253    0.268169   10.359293 ^ clkbuf_0_clk/X (sky130_fd_sc_hd__clkbuf_16)
                                                         clknet_0_clk (net)
                      0.095269    0.001216   10.360509 ^ clkbuf_2_3__f_clk/A (sky130_fd_sc_hd__clkbuf_16)
     8    0.024660    0.073246    0.227338   10.587848 ^ clkbuf_2_3__f_clk/X (sky130_fd_sc_hd__clkbuf_16)
                                                         clknet_2_3__leaf_clk (net)
                      0.073304    0.001180   10.589027 ^ _305_/CLK (sky130_fd_sc_hd__dfxtp_2)
                                 -0.250000   10.339027   clock uncertainty
                                  0.037820   10.376848   clock reconvergence pessimism
                                 -0.235876   10.140972   library setup time
                                             10.140972   data required time
---------------------------------------------------------------------------------------------
                                             10.140972   data required time
                                             -7.840232   data arrival time
---------------------------------------------------------------------------------------------
                                              2.300740   slack (MET)




===========================================================================
report_checks --slack_max -0.01
============================================================================
======================= max_ss_100C_1v60 Corner ===================================

No paths found.


===========================================================================
 report_check_types -max_slew -max_cap -max_fanout -violators
============================================================================
======================= max_ss_100C_1v60 Corner ===================================

max slew

Pin                                        Limit        Slew       Slack
------------------------------------------------------------------------
_270_/B1                                0.750000    0.852245   -0.102245 (VIOLATED)
_269_/C1                                0.750000    0.852243   -0.102243 (VIOLATED)
_280_/B                                 0.750000    0.852238   -0.102238 (VIOLATED)
_161_/A2                                0.750000    0.852235   -0.102235 (VIOLATED)
_151_/A2                                0.750000    0.852230   -0.102230 (VIOLATED)
_157_/C1                                0.750000    0.852222   -0.102222 (VIOLATED)
_246_/C1                                0.750000    0.852220   -0.102220 (VIOLATED)
_247_/A2                                0.750000    0.852220   -0.102220 (VIOLATED)
_259_/A2                                0.750000    0.852220   -0.102220 (VIOLATED)
_275_/B1                                0.750000    0.852220   -0.102220 (VIOLATED)
fanout33/X                              0.750000    0.852220   -0.102220 (VIOLATED)



===========================================================================
report_parasitic_annotation -report_unannotated
============================================================================
Found 2 unannotated drivers.
 clkload0/X
 clkload1/X
Found 0 partially unannotated drivers.

===========================================================================
max slew violation count 11
max fanout violation count 0
max cap violation count 0
============================================================================

===========================================================================
check_setup -verbose -unconstrained_endpoints -multiple_clock -no_clock -no_input_delay -loops -generated_clocks
===========================================================================
