Clock: clk
Sources: clk 
Generated: no
Virtual: yes
Propagated: no
Period: 10.000000

===========================================================================
report_clock_properties
============================================================================
Clock                   Period          Waveform
----------------------------------------------------
clk                  10.000000    0.000000  5.000000

===========================================================================
report_clock_latency
============================================================================
Clock clk
rise -> rise
    min     max
0.000000 0.000000 source latency
0.588895         network latency _306_/CLK
        0.659273 network latency _311_/CLK
---------------
0.588895 0.659273 latency
        0.070378 skew

fall -> fall
    min     max
0.000000 0.000000 source latency
0.571147         network latency _306_/CLK
        0.638476 network latency _311_/CLK
---------------
0.571147 0.638476 latency
        0.067330 skew



===========================================================================
report_clock_min_period
============================================================================
clk period_min = 7.70 fmax = 129.88
