
===========================================================================
 report_power
============================================================================
======================= max_ss_100C_1v60 Corner ===================================

Group                    Internal    Switching      Leakage        Total
                            Power        Power        Power        Power (Watts)
------------------------------------------------------------------------
Sequential           1.017190e-04 6.495556e-06 4.614889e-07 1.086761e-04  35.8%
Combinational        3.993510e-05 3.749059e-05 9.432198e-07 7.836892e-05  25.8%
Clock                7.816550e-05 3.794394e-05 1.119191e-07 1.162214e-04  38.3%
Macro                0.000000e+00 0.000000e+00 0.000000e+00 0.000000e+00   0.0%
Pad                  0.000000e+00 0.000000e+00 0.000000e+00 0.000000e+00   0.0%
------------------------------------------------------------------------
Total                2.198196e-04 8.193011e-05 1.516627e-06 3.032664e-04 100.0%
                            72.5%        27.0%         0.5%

